[0.009s] Invoking command in '/home/shubham/robot_arm_ws/build/robot_description': CMAKE_PREFIX_PATH=${CMAKE_PREFIX_PATH}:/home/shubham/ros2-jazzy-learning/install/tf2_demo:/home/shubham/ros2-jazzy-learning/install/ros2_advanced:/home/shubham/ros2-jazzy-learning/install/robot_manager:/home/shubham/ros2-jazzy-learning/install/robot_bringup:/home/shubham/ros2-jazzy-learning/install/parameter_demo:/home/shubham/ros2-jazzy-learning/install/namespace_demo:/home/shubham/ros2-jazzy-learning/install/my_first_pkg:/home/shubham/ros2-jazzy-learning/install/my_robot_description:/home/shubham/ros2-jazzy-learning/install/my_robot_control:/home/shubham/ros2-jazzy-learning/install/my_robot_bringup:/home/shubham/ros2-jazzy-learning/install/motion_safety_stack:/home/shubham/ros2-jazzy-learning/install/lifecycle_demo:/opt/ros/jazzy DEBUGINFOD_URLS=https://debuginfod.ubuntu.com /usr/bin/cmake --build /home/shubham/robot_arm_ws/build/robot_description -- -j8 -l8
[0.053s] Invoked command in '/home/shubham/robot_arm_ws/build/robot_description' returned '0': CMAKE_PREFIX_PATH=${CMAKE_PREFIX_PATH}:/home/shubham/ros2-jazzy-learning/install/tf2_demo:/home/shubham/ros2-jazzy-learning/install/ros2_advanced:/home/shubham/ros2-jazzy-learning/install/robot_manager:/home/shubham/ros2-jazzy-learning/install/robot_bringup:/home/shubham/ros2-jazzy-learning/install/parameter_demo:/home/shubham/ros2-jazzy-learning/install/namespace_demo:/home/shubham/ros2-jazzy-learning/install/my_first_pkg:/home/shubham/ros2-jazzy-learning/install/my_robot_description:/home/shubham/ros2-jazzy-learning/install/my_robot_control:/home/shubham/ros2-jazzy-learning/install/my_robot_bringup:/home/shubham/ros2-jazzy-learning/install/motion_safety_stack:/home/shubham/ros2-jazzy-learning/install/lifecycle_demo:/opt/ros/jazzy DEBUGINFOD_URLS=https://debuginfod.ubuntu.com /usr/bin/cmake --build /home/shubham/robot_arm_ws/build/robot_description -- -j8 -l8
[0.066s] Invoking command in '/home/shubham/robot_arm_ws/build/robot_description': CMAKE_PREFIX_PATH=${CMAKE_PREFIX_PATH}:/home/shubham/ros2-jazzy-learning/install/tf2_demo:/home/shubham/ros2-jazzy-learning/install/ros2_advanced:/home/shubham/ros2-jazzy-learning/install/robot_manager:/home/shubham/ros2-jazzy-learning/install/robot_bringup:/home/shubham/ros2-jazzy-learning/install/parameter_demo:/home/shubham/ros2-jazzy-learning/install/namespace_demo:/home/shubham/ros2-jazzy-learning/install/my_first_pkg:/home/shubham/ros2-jazzy-learning/install/my_robot_description:/home/shubham/ros2-jazzy-learning/install/my_robot_control:/home/shubham/ros2-jazzy-learning/install/my_robot_bringup:/home/shubham/ros2-jazzy-learning/install/motion_safety_stack:/home/shubham/ros2-jazzy-learning/install/lifecycle_demo:/opt/ros/jazzy DEBUGINFOD_URLS=https://debuginfod.ubuntu.com /usr/bin/cmake --install /home/shubham/robot_arm_ws/build/robot_description
[0.073s] -- Install configuration: ""
[0.074s] -- Up-to-date: /home/shubham/robot_arm_ws/install/robot_description/share/robot_description/urdf
[0.074s] -- Up-to-date: /home/shubham/robot_arm_ws/install/robot_description/share/robot_description/urdf/links.xacro
[0.074s] -- Up-to-date: /home/shubham/robot_arm_ws/install/robot_description/share/robot_description/urdf/transmissions.xacro
[0.074s] -- Up-to-date: /home/shubham/robot_arm_ws/install/robot_description/share/robot_description/urdf/joints.xacro
[0.074s] -- Up-to-date: /home/shubham/robot_arm_ws/install/robot_description/share/robot_description/urdf/materials.xacro
[0.074s] -- Up-to-date: /home/shubham/robot_arm_ws/install/robot_description/share/robot_description/urdf/robot.urdf.xacro
[0.074s] -- Up-to-date: /home/shubham/robot_arm_ws/install/robot_description/share/robot_description/urdf/gazebo.xacro
[0.074s] -- Up-to-date: /home/shubham/robot_arm_ws/install/robot_description/share/robot_description/urdf/macros.xacro
[0.074s] -- Up-to-date: /home/shubham/robot_arm_ws/install/robot_description/share/robot_description/meshes
[0.074s] -- Up-to-date: /home/shubham/robot_arm_ws/install/robot_description/share/robot_description/meshes/Link5.stl
[0.074s] -- Up-to-date: /home/shubham/robot_arm_ws/install/robot_description/share/robot_description/meshes/Link1.stl
[0.074s] -- Up-to-date: /home/shubham/robot_arm_ws/install/robot_description/share/robot_description/meshes/Link4.stl
[0.074s] -- Installing: /home/shubham/robot_arm_ws/install/robot_description/share/robot_description/meshes/Base_Link.stl
[0.089s] -- Up-to-date: /home/shubham/robot_arm_ws/install/robot_description/share/robot_description/meshes/Link2.stl
[0.089s] -- Up-to-date: /home/shubham/robot_arm_ws/install/robot_description/share/robot_description/meshes/Link6.stl
[0.090s] -- Up-to-date: /home/shubham/robot_arm_ws/install/robot_description/share/robot_description/meshes/Link3.stl
[0.090s] -- Up-to-date: /home/shubham/robot_arm_ws/install/robot_description/share/robot_description/launch
[0.090s] -- Up-to-date: /home/shubham/robot_arm_ws/install/robot_description/share/robot_description/launch/display.launch.py
[0.090s] -- Up-to-date: /home/shubham/robot_arm_ws/install/robot_description/share/robot_description/rviz
[0.090s] -- Up-to-date: /home/shubham/robot_arm_ws/install/robot_description/share/robot_description/config
[0.090s] -- Up-to-date: /home/shubham/robot_arm_ws/install/robot_description/share/ament_index/resource_index/package_run_dependencies/robot_description
[0.090s] -- Up-to-date: /home/shubham/robot_arm_ws/install/robot_description/share/ament_index/resource_index/parent_prefix_path/robot_description
[0.090s] -- Up-to-date: /home/shubham/robot_arm_ws/install/robot_description/share/robot_description/environment/ament_prefix_path.sh
[0.090s] -- Up-to-date: /home/shubham/robot_arm_ws/install/robot_description/share/robot_description/environment/ament_prefix_path.dsv
[0.090s] -- Up-to-date: /home/shubham/robot_arm_ws/install/robot_description/share/robot_description/environment/path.sh
[0.090s] -- Up-to-date: /home/shubham/robot_arm_ws/install/robot_description/share/robot_description/environment/path.dsv
[0.090s] -- Up-to-date: /home/shubham/robot_arm_ws/install/robot_description/share/robot_description/local_setup.bash
[0.090s] -- Up-to-date: /home/shubham/robot_arm_ws/install/robot_description/share/robot_description/local_setup.sh
[0.090s] -- Up-to-date: /home/shubham/robot_arm_ws/install/robot_description/share/robot_description/local_setup.zsh
[0.090s] -- Up-to-date: /home/shubham/robot_arm_ws/install/robot_description/share/robot_description/local_setup.dsv
[0.090s] -- Installing: /home/shubham/robot_arm_ws/install/robot_description/share/robot_description/package.dsv
[0.090s] -- Up-to-date: /home/shubham/robot_arm_ws/install/robot_description/share/ament_index/resource_index/packages/robot_description
[0.090s] -- Up-to-date: /home/shubham/robot_arm_ws/install/robot_description/share/robot_description/cmake/robot_descriptionConfig.cmake
[0.090s] -- Up-to-date: /home/shubham/robot_arm_ws/install/robot_description/share/robot_description/cmake/robot_descriptionConfig-version.cmake
[0.090s] -- Up-to-date: /home/shubham/robot_arm_ws/install/robot_description/share/robot_description/package.xml
[0.092s] Invoked command in '/home/shubham/robot_arm_ws/build/robot_description' returned '0': CMAKE_PREFIX_PATH=${CMAKE_PREFIX_PATH}:/home/shubham/ros2-jazzy-learning/install/tf2_demo:/home/shubham/ros2-jazzy-learning/install/ros2_advanced:/home/shubham/ros2-jazzy-learning/install/robot_manager:/home/shubham/ros2-jazzy-learning/install/robot_bringup:/home/shubham/ros2-jazzy-learning/install/parameter_demo:/home/shubham/ros2-jazzy-learning/install/namespace_demo:/home/shubham/ros2-jazzy-learning/install/my_first_pkg:/home/shubham/ros2-jazzy-learning/install/my_robot_description:/home/shubham/ros2-jazzy-learning/install/my_robot_control:/home/shubham/ros2-jazzy-learning/install/my_robot_bringup:/home/shubham/ros2-jazzy-learning/install/motion_safety_stack:/home/shubham/ros2-jazzy-learning/install/lifecycle_demo:/opt/ros/jazzy DEBUGINFOD_URLS=https://debuginfod.ubuntu.com /usr/bin/cmake --install /home/shubham/robot_arm_ws/build/robot_description
