running egg_info
creating ../../build/robot_utils/robot_utils.egg-info
writing ../../build/robot_utils/robot_utils.egg-info/PKG-INFO
writing dependency_links to ../../build/robot_utils/robot_utils.egg-info/dependency_links.txt
writing requirements to ../../build/robot_utils/robot_utils.egg-info/requires.txt
writing top-level names to ../../build/robot_utils/robot_utils.egg-info/top_level.txt
writing manifest file '../../build/robot_utils/robot_utils.egg-info/SOURCES.txt'
reading manifest file '../../build/robot_utils/robot_utils.egg-info/SOURCES.txt'
writing manifest file '../../build/robot_utils/robot_utils.egg-info/SOURCES.txt'
running build
running build_py
creating /home/shubham/robot_arm_ws/build/robot_utils/build
creating /home/shubham/robot_arm_ws/build/robot_utils/build/lib
creating /home/shubham/robot_arm_ws/build/robot_utils/build/lib/robot_utils
copying robot_utils/__init__.py -> /home/shubham/robot_arm_ws/build/robot_utils/build/lib/robot_utils
running install
running install_lib
creating /home/shubham/robot_arm_ws/install/robot_utils/lib/python3.12/site-packages/robot_utils
copying /home/shubham/robot_arm_ws/build/robot_utils/build/lib/robot_utils/__init__.py -> /home/shubham/robot_arm_ws/install/robot_utils/lib/python3.12/site-packages/robot_utils
byte-compiling /home/shubham/robot_arm_ws/install/robot_utils/lib/python3.12/site-packages/robot_utils/__init__.py to __init__.cpython-312.pyc
running install_data
creating /home/shubham/robot_arm_ws/install/robot_utils/share/ament_index
creating /home/shubham/robot_arm_ws/install/robot_utils/share/ament_index/resource_index
creating /home/shubham/robot_arm_ws/install/robot_utils/share/ament_index/resource_index/packages
copying resource/robot_utils -> /home/shubham/robot_arm_ws/install/robot_utils/share/ament_index/resource_index/packages
copying package.xml -> /home/shubham/robot_arm_ws/install/robot_utils/share/robot_utils
running install_egg_info
Copying ../../build/robot_utils/robot_utils.egg-info to /home/shubham/robot_arm_ws/install/robot_utils/lib/python3.12/site-packages/robot_utils-0.0.0-py3.12.egg-info
running install_scripts
writing list of installed files to '/home/shubham/robot_arm_ws/build/robot_utils/install.log'
