[4.404s] Invoking command in '/home/shubham/robot_arm_ws/src/robot_utils': DEBUGINFOD_URLS=https://debuginfod.ubuntu.com PYTHONPATH=/home/shubham/robot_arm_ws/build/robot_utils/prefix_override:/usr/lib/python3/dist-packages/colcon_core/task/python/colcon_distutils_commands:/home/shubham/robot_arm_ws/install/robot_utils/lib/python3.12/site-packages:${PYTHONPATH} /usr/bin/python3 -W ignore:setup.py install is deprecated -W ignore:easy_install command is deprecated setup.py egg_info --egg-base ../../build/robot_utils build --build-base /home/shubham/robot_arm_ws/build/robot_utils/build install --record /home/shubham/robot_arm_ws/build/robot_utils/install.log --install-scripts $base/lib/robot_utils --single-version-externally-managed install_data
[5.166s] running egg_info
[5.167s] creating ../../build/robot_utils/robot_utils.egg-info
[5.269s] writing ../../build/robot_utils/robot_utils.egg-info/PKG-INFO
[5.270s] writing dependency_links to ../../build/robot_utils/robot_utils.egg-info/dependency_links.txt
[5.271s] writing requirements to ../../build/robot_utils/robot_utils.egg-info/requires.txt
[5.271s] writing top-level names to ../../build/robot_utils/robot_utils.egg-info/top_level.txt
[5.271s] writing manifest file '../../build/robot_utils/robot_utils.egg-info/SOURCES.txt'
[5.397s] reading manifest file '../../build/robot_utils/robot_utils.egg-info/SOURCES.txt'
[5.399s] writing manifest file '../../build/robot_utils/robot_utils.egg-info/SOURCES.txt'
[5.400s] running build
[5.401s] running build_py
[5.401s] creating /home/shubham/robot_arm_ws/build/robot_utils/build
[5.401s] creating /home/shubham/robot_arm_ws/build/robot_utils/build/lib
[5.402s] creating /home/shubham/robot_arm_ws/build/robot_utils/build/lib/robot_utils
[5.402s] copying robot_utils/__init__.py -> /home/shubham/robot_arm_ws/build/robot_utils/build/lib/robot_utils
[5.402s] running install
[5.421s] running install_lib
[5.478s] creating /home/shubham/robot_arm_ws/install/robot_utils/lib/python3.12/site-packages/robot_utils
[5.479s] copying /home/shubham/robot_arm_ws/build/robot_utils/build/lib/robot_utils/__init__.py -> /home/shubham/robot_arm_ws/install/robot_utils/lib/python3.12/site-packages/robot_utils
[5.481s] byte-compiling /home/shubham/robot_arm_ws/install/robot_utils/lib/python3.12/site-packages/robot_utils/__init__.py to __init__.cpython-312.pyc
[5.481s] running install_data
[5.482s] creating /home/shubham/robot_arm_ws/install/robot_utils/share/ament_index
[5.482s] creating /home/shubham/robot_arm_ws/install/robot_utils/share/ament_index/resource_index
[5.482s] creating /home/shubham/robot_arm_ws/install/robot_utils/share/ament_index/resource_index/packages
[5.483s] copying resource/robot_utils -> /home/shubham/robot_arm_ws/install/robot_utils/share/ament_index/resource_index/packages
[5.483s] copying package.xml -> /home/shubham/robot_arm_ws/install/robot_utils/share/robot_utils
[5.483s] running install_egg_info
[5.551s] Copying ../../build/robot_utils/robot_utils.egg-info to /home/shubham/robot_arm_ws/install/robot_utils/lib/python3.12/site-packages/robot_utils-0.0.0-py3.12.egg-info
[5.555s] running install_scripts
[5.959s] writing list of installed files to '/home/shubham/robot_arm_ws/build/robot_utils/install.log'
[6.063s] Invoked command in '/home/shubham/robot_arm_ws/src/robot_utils' returned '0': DEBUGINFOD_URLS=https://debuginfod.ubuntu.com PYTHONPATH=/home/shubham/robot_arm_ws/build/robot_utils/prefix_override:/usr/lib/python3/dist-packages/colcon_core/task/python/colcon_distutils_commands:/home/shubham/robot_arm_ws/install/robot_utils/lib/python3.12/site-packages:${PYTHONPATH} /usr/bin/python3 -W ignore:setup.py install is deprecated -W ignore:easy_install command is deprecated setup.py egg_info --egg-base ../../build/robot_utils build --build-base /home/shubham/robot_arm_ws/build/robot_utils/build install --record /home/shubham/robot_arm_ws/build/robot_utils/install.log --install-scripts $base/lib/robot_utils --single-version-externally-managed install_data
