[0.013s] Invoking command in '/home/shubham/robot_arm_ws/build/robot_description': CMAKE_PREFIX_PATH=${CMAKE_PREFIX_PATH}:/home/shubham/ros2-jazzy-learning/install/tf2_demo:/home/shubham/ros2-jazzy-learning/install/ros2_advanced:/home/shubham/ros2-jazzy-learning/install/robot_manager:/home/shubham/ros2-jazzy-learning/install/robot_bringup:/home/shubham/ros2-jazzy-learning/install/parameter_demo:/home/shubham/ros2-jazzy-learning/install/namespace_demo:/home/shubham/ros2-jazzy-learning/install/my_first_pkg:/home/shubham/ros2-jazzy-learning/install/my_robot_description:/home/shubham/ros2-jazzy-learning/install/my_robot_control:/home/shubham/ros2-jazzy-learning/install/my_robot_bringup:/home/shubham/ros2-jazzy-learning/install/motion_safety_stack:/home/shubham/ros2-jazzy-learning/install/lifecycle_demo:/opt/ros/jazzy DEBUGINFOD_URLS=https://debuginfod.ubuntu.com /usr/bin/cmake /home/shubham/robot_arm_ws/src/robot_description -DCMAKE_INSTALL_PREFIX=/home/shubham/robot_arm_ws/install/robot_description
[0.111s] -- The C compiler identification is GNU 13.3.0
[0.199s] -- The CXX compiler identification is GNU 13.3.0
[0.219s] -- Detecting C compiler ABI info
[0.301s] -- Detecting C compiler ABI info - done
[0.309s] -- Check for working C compiler: /usr/bin/cc - skipped
[0.311s] -- Detecting C compile features
[0.311s] -- Detecting C compile features - done
[0.321s] -- Detecting CXX compiler ABI info
[0.424s] -- Detecting CXX compiler ABI info - done
[0.434s] -- Check for working CXX compiler: /usr/bin/c++ - skipped
[0.434s] -- Detecting CXX compile features
[0.434s] -- Detecting CXX compile features - done
[0.447s] -- Found ament_cmake: 2.5.6 (/opt/ros/jazzy/share/ament_cmake/cmake)
[0.614s] -- Found Python3: /usr/bin/python3 (found version "3.12.3") found components: Interpreter 
[0.760s] -- Found ament_lint_auto: 0.17.5 (/opt/ros/jazzy/share/ament_lint_auto/cmake)
[0.881s] -- Added test 'flake8' to check Python code syntax and style conventions
[0.881s] -- Configured 'flake8' exclude dirs and/or files: 
[0.882s] -- Added test 'lint_cmake' to check CMake code style
[0.883s] -- Added test 'pep257' to check Python code against some of the docstring style conventions in PEP 257
[0.884s] -- Added test 'xmllint' to check XML markup files
[0.885s] -- Configuring done (0.9s)
[0.887s] -- Generating done (0.0s)
[0.889s] -- Build files have been written to: /home/shubham/robot_arm_ws/build/robot_description
[0.894s] Invoked command in '/home/shubham/robot_arm_ws/build/robot_description' returned '0': CMAKE_PREFIX_PATH=${CMAKE_PREFIX_PATH}:/home/shubham/ros2-jazzy-learning/install/tf2_demo:/home/shubham/ros2-jazzy-learning/install/ros2_advanced:/home/shubham/ros2-jazzy-learning/install/robot_manager:/home/shubham/ros2-jazzy-learning/install/robot_bringup:/home/shubham/ros2-jazzy-learning/install/parameter_demo:/home/shubham/ros2-jazzy-learning/install/namespace_demo:/home/shubham/ros2-jazzy-learning/install/my_first_pkg:/home/shubham/ros2-jazzy-learning/install/my_robot_description:/home/shubham/ros2-jazzy-learning/install/my_robot_control:/home/shubham/ros2-jazzy-learning/install/my_robot_bringup:/home/shubham/ros2-jazzy-learning/install/motion_safety_stack:/home/shubham/ros2-jazzy-learning/install/lifecycle_demo:/opt/ros/jazzy DEBUGINFOD_URLS=https://debuginfod.ubuntu.com /usr/bin/cmake /home/shubham/robot_arm_ws/src/robot_description -DCMAKE_INSTALL_PREFIX=/home/shubham/robot_arm_ws/install/robot_description
[0.895s] Invoking command in '/home/shubham/robot_arm_ws/build/robot_description': CMAKE_PREFIX_PATH=${CMAKE_PREFIX_PATH}:/home/shubham/ros2-jazzy-learning/install/tf2_demo:/home/shubham/ros2-jazzy-learning/install/ros2_advanced:/home/shubham/ros2-jazzy-learning/install/robot_manager:/home/shubham/ros2-jazzy-learning/install/robot_bringup:/home/shubham/ros2-jazzy-learning/install/parameter_demo:/home/shubham/ros2-jazzy-learning/install/namespace_demo:/home/shubham/ros2-jazzy-learning/install/my_first_pkg:/home/shubham/ros2-jazzy-learning/install/my_robot_description:/home/shubham/ros2-jazzy-learning/install/my_robot_control:/home/shubham/ros2-jazzy-learning/install/my_robot_bringup:/home/shubham/ros2-jazzy-learning/install/motion_safety_stack:/home/shubham/ros2-jazzy-learning/install/lifecycle_demo:/opt/ros/jazzy DEBUGINFOD_URLS=https://debuginfod.ubuntu.com /usr/bin/cmake --build /home/shubham/robot_arm_ws/build/robot_description -- -j8 -l8
[0.932s] Invoked command in '/home/shubham/robot_arm_ws/build/robot_description' returned '0': CMAKE_PREFIX_PATH=${CMAKE_PREFIX_PATH}:/home/shubham/ros2-jazzy-learning/install/tf2_demo:/home/shubham/ros2-jazzy-learning/install/ros2_advanced:/home/shubham/ros2-jazzy-learning/install/robot_manager:/home/shubham/ros2-jazzy-learning/install/robot_bringup:/home/shubham/ros2-jazzy-learning/install/parameter_demo:/home/shubham/ros2-jazzy-learning/install/namespace_demo:/home/shubham/ros2-jazzy-learning/install/my_first_pkg:/home/shubham/ros2-jazzy-learning/install/my_robot_description:/home/shubham/ros2-jazzy-learning/install/my_robot_control:/home/shubham/ros2-jazzy-learning/install/my_robot_bringup:/home/shubham/ros2-jazzy-learning/install/motion_safety_stack:/home/shubham/ros2-jazzy-learning/install/lifecycle_demo:/opt/ros/jazzy DEBUGINFOD_URLS=https://debuginfod.ubuntu.com /usr/bin/cmake --build /home/shubham/robot_arm_ws/build/robot_description -- -j8 -l8
[0.940s] Invoking command in '/home/shubham/robot_arm_ws/build/robot_description': CMAKE_PREFIX_PATH=${CMAKE_PREFIX_PATH}:/home/shubham/ros2-jazzy-learning/install/tf2_demo:/home/shubham/ros2-jazzy-learning/install/ros2_advanced:/home/shubham/ros2-jazzy-learning/install/robot_manager:/home/shubham/ros2-jazzy-learning/install/robot_bringup:/home/shubham/ros2-jazzy-learning/install/parameter_demo:/home/shubham/ros2-jazzy-learning/install/namespace_demo:/home/shubham/ros2-jazzy-learning/install/my_first_pkg:/home/shubham/ros2-jazzy-learning/install/my_robot_description:/home/shubham/ros2-jazzy-learning/install/my_robot_control:/home/shubham/ros2-jazzy-learning/install/my_robot_bringup:/home/shubham/ros2-jazzy-learning/install/motion_safety_stack:/home/shubham/ros2-jazzy-learning/install/lifecycle_demo:/opt/ros/jazzy DEBUGINFOD_URLS=https://debuginfod.ubuntu.com /usr/bin/cmake --install /home/shubham/robot_arm_ws/build/robot_description
[0.948s] -- Install configuration: ""
[0.948s] -- Installing: /home/shubham/robot_arm_ws/install/robot_description/share/robot_description/urdf
[0.948s] -- Installing: /home/shubham/robot_arm_ws/install/robot_description/share/robot_description/urdf/links.xacro
[0.949s] -- Installing: /home/shubham/robot_arm_ws/install/robot_description/share/robot_description/urdf/transmissions.xacro
[0.949s] -- Installing: /home/shubham/robot_arm_ws/install/robot_description/share/robot_description/urdf/joints.xacro
[0.949s] -- Installing: /home/shubham/robot_arm_ws/install/robot_description/share/robot_description/urdf/materials.xacro
[0.949s] -- Installing: /home/shubham/robot_arm_ws/install/robot_description/share/robot_description/urdf/robot.urdf.xacro
[0.949s] -- Installing: /home/shubham/robot_arm_ws/install/robot_description/share/robot_description/urdf/gazebo.xacro
[0.949s] -- Installing: /home/shubham/robot_arm_ws/install/robot_description/share/robot_description/urdf/macros.xacro
[0.949s] -- Installing: /home/shubham/robot_arm_ws/install/robot_description/share/robot_description/meshes
[0.949s] -- Installing: /home/shubham/robot_arm_ws/install/robot_description/share/robot_description/meshes/Link5.stl
[0.951s] -- Installing: /home/shubham/robot_arm_ws/install/robot_description/share/robot_description/meshes/Link1.stl
[0.958s] -- Installing: /home/shubham/robot_arm_ws/install/robot_description/share/robot_description/meshes/Link4.stl
[0.963s] -- Installing: /home/shubham/robot_arm_ws/install/robot_description/share/robot_description/meshes/Base_Link.stl
[0.967s] -- Installing: /home/shubham/robot_arm_ws/install/robot_description/share/robot_description/meshes/Link2.stl
[0.977s] -- Installing: /home/shubham/robot_arm_ws/install/robot_description/share/robot_description/meshes/Link6.stl
[0.977s] -- Installing: /home/shubham/robot_arm_ws/install/robot_description/share/robot_description/meshes/Link3.stl
[0.986s] -- Installing: /home/shubham/robot_arm_ws/install/robot_description/share/robot_description/launch
[0.986s] -- Installing: /home/shubham/robot_arm_ws/install/robot_description/share/robot_description/launch/display.launch.py
[0.986s] -- Installing: /home/shubham/robot_arm_ws/install/robot_description/share/robot_description/launch/gazebo.launch.py
[0.986s] -- Installing: /home/shubham/robot_arm_ws/install/robot_description/share/robot_description/rviz
[0.986s] -- Installing: /home/shubham/robot_arm_ws/install/robot_description/share/robot_description/config
[0.986s] -- Installing: /home/shubham/robot_arm_ws/install/robot_description/share/ament_index/resource_index/package_run_dependencies/robot_description
[0.986s] -- Installing: /home/shubham/robot_arm_ws/install/robot_description/share/ament_index/resource_index/parent_prefix_path/robot_description
[0.987s] -- Installing: /home/shubham/robot_arm_ws/install/robot_description/share/robot_description/environment/ament_prefix_path.sh
[0.987s] -- Installing: /home/shubham/robot_arm_ws/install/robot_description/share/robot_description/environment/ament_prefix_path.dsv
[0.987s] -- Installing: /home/shubham/robot_arm_ws/install/robot_description/share/robot_description/environment/path.sh
[0.987s] -- Installing: /home/shubham/robot_arm_ws/install/robot_description/share/robot_description/environment/path.dsv
[0.987s] -- Installing: /home/shubham/robot_arm_ws/install/robot_description/share/robot_description/local_setup.bash
[0.987s] -- Installing: /home/shubham/robot_arm_ws/install/robot_description/share/robot_description/local_setup.sh
[0.987s] -- Installing: /home/shubham/robot_arm_ws/install/robot_description/share/robot_description/local_setup.zsh
[0.987s] -- Installing: /home/shubham/robot_arm_ws/install/robot_description/share/robot_description/local_setup.dsv
[0.987s] -- Installing: /home/shubham/robot_arm_ws/install/robot_description/share/robot_description/package.dsv
[0.988s] -- Installing: /home/shubham/robot_arm_ws/install/robot_description/share/ament_index/resource_index/packages/robot_description
[0.988s] -- Installing: /home/shubham/robot_arm_ws/install/robot_description/share/robot_description/cmake/robot_descriptionConfig.cmake
[0.988s] -- Installing: /home/shubham/robot_arm_ws/install/robot_description/share/robot_description/cmake/robot_descriptionConfig-version.cmake
[0.988s] -- Installing: /home/shubham/robot_arm_ws/install/robot_description/share/robot_description/package.xml
[0.989s] Invoked command in '/home/shubham/robot_arm_ws/build/robot_description' returned '0': CMAKE_PREFIX_PATH=${CMAKE_PREFIX_PATH}:/home/shubham/ros2-jazzy-learning/install/tf2_demo:/home/shubham/ros2-jazzy-learning/install/ros2_advanced:/home/shubham/ros2-jazzy-learning/install/robot_manager:/home/shubham/ros2-jazzy-learning/install/robot_bringup:/home/shubham/ros2-jazzy-learning/install/parameter_demo:/home/shubham/ros2-jazzy-learning/install/namespace_demo:/home/shubham/ros2-jazzy-learning/install/my_first_pkg:/home/shubham/ros2-jazzy-learning/install/my_robot_description:/home/shubham/ros2-jazzy-learning/install/my_robot_control:/home/shubham/ros2-jazzy-learning/install/my_robot_bringup:/home/shubham/ros2-jazzy-learning/install/motion_safety_stack:/home/shubham/ros2-jazzy-learning/install/lifecycle_demo:/opt/ros/jazzy DEBUGINFOD_URLS=https://debuginfod.ubuntu.com /usr/bin/cmake --install /home/shubham/robot_arm_ws/build/robot_description
