[0.146s] DEBUG:colcon:Command line arguments: ['/usr/bin/colcon', 'build']
[0.146s] DEBUG:colcon:Parsed command line arguments: Namespace(log_base=None, log_level=None, verb_name='build', build_base='build', install_base='install', merge_install=False, symlink_install=False, test_result_base=None, continue_on_error=False, executor='parallel', parallel_workers=8, event_handlers=None, ignore_user_meta=False, metas=['./colcon.meta'], base_paths=['.'], packages_ignore=None, packages_ignore_regex=None, paths=None, packages_up_to=None, packages_up_to_regex=None, packages_above=None, packages_above_and_dependencies=None, packages_above_depth=None, packages_select_by_dep=None, packages_skip_by_dep=None, packages_skip_up_to=None, packages_select_build_failed=False, packages_skip_build_finished=False, packages_select_test_failures=False, packages_skip_test_passed=False, packages_select=None, packages_skip=None, packages_select_regex=None, packages_skip_regex=None, packages_start=None, packages_end=None, allow_overriding=[], cmake_args=None, cmake_target=None, cmake_target_skip_unavailable=False, cmake_clean_cache=False, cmake_clean_first=False, cmake_force_configure=False, ament_cmake_args=None, catkin_cmake_args=None, catkin_skip_building_tests=False, mixin_files=None, mixin=None, verb_parser=<colcon_mixin.mixin.mixin_argument.MixinArgumentDecorator object at 0x7d4decbccd70>, verb_extension=<colcon_core.verb.build.BuildVerb object at 0x7d4deccf13a0>, main=<bound method BuildVerb.main of <colcon_core.verb.build.BuildVerb object at 0x7d4deccf13a0>>, mixin_verb=('build',))
[0.193s] Level 1:colcon.colcon_core.package_discovery:discover_packages(colcon_meta) check parameters
[0.193s] Level 1:colcon.colcon_core.package_discovery:discover_packages(recursive) check parameters
[0.193s] Level 1:colcon.colcon_core.package_discovery:discover_packages(ignore) check parameters
[0.193s] Level 1:colcon.colcon_core.package_discovery:discover_packages(path) check parameters
[0.193s] Level 1:colcon.colcon_core.package_discovery:discover_packages(colcon_meta) discover
[0.195s] Level 1:colcon.colcon_core.package_discovery:discover_packages(recursive) discover
[0.196s] INFO:colcon.colcon_core.package_discovery:Crawling recursively for packages in '/home/shubham/robot_arm_ws'
[0.196s] Level 1:colcon.colcon_core.package_identification:_identify(.) by extensions ['ignore', 'ignore_ament_install']
[0.196s] Level 1:colcon.colcon_core.package_identification:_identify(.) by extension 'ignore'
[0.196s] Level 1:colcon.colcon_core.package_identification:_identify(.) by extension 'ignore_ament_install'
[0.196s] Level 1:colcon.colcon_core.package_identification:_identify(.) by extensions ['colcon_pkg']
[0.196s] Level 1:colcon.colcon_core.package_identification:_identify(.) by extension 'colcon_pkg'
[0.196s] Level 1:colcon.colcon_core.package_identification:_identify(.) by extensions ['colcon_meta']
[0.196s] Level 1:colcon.colcon_core.package_identification:_identify(.) by extension 'colcon_meta'
[0.196s] Level 1:colcon.colcon_core.package_identification:_identify(.) by extensions ['ros']
[0.196s] Level 1:colcon.colcon_core.package_identification:_identify(.) by extension 'ros'
[0.232s] Level 1:colcon.colcon_core.package_identification:_identify(.) by extensions ['cmake', 'python']
[0.232s] Level 1:colcon.colcon_core.package_identification:_identify(.) by extension 'cmake'
[0.232s] Level 1:colcon.colcon_core.package_identification:_identify(.) by extension 'python'
[0.232s] Level 1:colcon.colcon_core.package_identification:_identify(.) by extensions ['python_setup_py']
[0.232s] Level 1:colcon.colcon_core.package_identification:_identify(.) by extension 'python_setup_py'
[0.232s] Level 1:colcon.colcon_core.package_identification:_identify(build) by extensions ['ignore', 'ignore_ament_install']
[0.233s] Level 1:colcon.colcon_core.package_identification:_identify(build) by extension 'ignore'
[0.233s] Level 1:colcon.colcon_core.package_identification:_identify(build) ignored
[0.233s] Level 1:colcon.colcon_core.package_identification:_identify(config) by extensions ['ignore', 'ignore_ament_install']
[0.233s] Level 1:colcon.colcon_core.package_identification:_identify(config) by extension 'ignore'
[0.233s] Level 1:colcon.colcon_core.package_identification:_identify(config) by extension 'ignore_ament_install'
[0.233s] Level 1:colcon.colcon_core.package_identification:_identify(config) by extensions ['colcon_pkg']
[0.233s] Level 1:colcon.colcon_core.package_identification:_identify(config) by extension 'colcon_pkg'
[0.233s] Level 1:colcon.colcon_core.package_identification:_identify(config) by extensions ['colcon_meta']
[0.233s] Level 1:colcon.colcon_core.package_identification:_identify(config) by extension 'colcon_meta'
[0.233s] Level 1:colcon.colcon_core.package_identification:_identify(config) by extensions ['ros']
[0.233s] Level 1:colcon.colcon_core.package_identification:_identify(config) by extension 'ros'
[0.233s] Level 1:colcon.colcon_core.package_identification:_identify(config) by extensions ['cmake', 'python']
[0.233s] Level 1:colcon.colcon_core.package_identification:_identify(config) by extension 'cmake'
[0.233s] Level 1:colcon.colcon_core.package_identification:_identify(config) by extension 'python'
[0.233s] Level 1:colcon.colcon_core.package_identification:_identify(config) by extensions ['python_setup_py']
[0.234s] Level 1:colcon.colcon_core.package_identification:_identify(config) by extension 'python_setup_py'
[0.234s] Level 1:colcon.colcon_core.package_identification:_identify(docs) by extensions ['ignore', 'ignore_ament_install']
[0.234s] Level 1:colcon.colcon_core.package_identification:_identify(docs) by extension 'ignore'
[0.234s] Level 1:colcon.colcon_core.package_identification:_identify(docs) by extension 'ignore_ament_install'
[0.234s] Level 1:colcon.colcon_core.package_identification:_identify(docs) by extensions ['colcon_pkg']
[0.234s] Level 1:colcon.colcon_core.package_identification:_identify(docs) by extension 'colcon_pkg'
[0.234s] Level 1:colcon.colcon_core.package_identification:_identify(docs) by extensions ['colcon_meta']
[0.234s] Level 1:colcon.colcon_core.package_identification:_identify(docs) by extension 'colcon_meta'
[0.234s] Level 1:colcon.colcon_core.package_identification:_identify(docs) by extensions ['ros']
[0.234s] Level 1:colcon.colcon_core.package_identification:_identify(docs) by extension 'ros'
[0.234s] Level 1:colcon.colcon_core.package_identification:_identify(docs) by extensions ['cmake', 'python']
[0.234s] Level 1:colcon.colcon_core.package_identification:_identify(docs) by extension 'cmake'
[0.234s] Level 1:colcon.colcon_core.package_identification:_identify(docs) by extension 'python'
[0.234s] Level 1:colcon.colcon_core.package_identification:_identify(docs) by extensions ['python_setup_py']
[0.234s] Level 1:colcon.colcon_core.package_identification:_identify(docs) by extension 'python_setup_py'
[0.234s] Level 1:colcon.colcon_core.package_identification:_identify(install) by extensions ['ignore', 'ignore_ament_install']
[0.234s] Level 1:colcon.colcon_core.package_identification:_identify(install) by extension 'ignore'
[0.234s] Level 1:colcon.colcon_core.package_identification:_identify(install) ignored
[0.235s] Level 1:colcon.colcon_core.package_identification:_identify(launch) by extensions ['ignore', 'ignore_ament_install']
[0.235s] Level 1:colcon.colcon_core.package_identification:_identify(launch) by extension 'ignore'
[0.235s] Level 1:colcon.colcon_core.package_identification:_identify(launch) by extension 'ignore_ament_install'
[0.235s] Level 1:colcon.colcon_core.package_identification:_identify(launch) by extensions ['colcon_pkg']
[0.235s] Level 1:colcon.colcon_core.package_identification:_identify(launch) by extension 'colcon_pkg'
[0.235s] Level 1:colcon.colcon_core.package_identification:_identify(launch) by extensions ['colcon_meta']
[0.235s] Level 1:colcon.colcon_core.package_identification:_identify(launch) by extension 'colcon_meta'
[0.235s] Level 1:colcon.colcon_core.package_identification:_identify(launch) by extensions ['ros']
[0.235s] Level 1:colcon.colcon_core.package_identification:_identify(launch) by extension 'ros'
[0.235s] Level 1:colcon.colcon_core.package_identification:_identify(launch) by extensions ['cmake', 'python']
[0.235s] Level 1:colcon.colcon_core.package_identification:_identify(launch) by extension 'cmake'
[0.235s] Level 1:colcon.colcon_core.package_identification:_identify(launch) by extension 'python'
[0.235s] Level 1:colcon.colcon_core.package_identification:_identify(launch) by extensions ['python_setup_py']
[0.235s] Level 1:colcon.colcon_core.package_identification:_identify(launch) by extension 'python_setup_py'
[0.235s] Level 1:colcon.colcon_core.package_identification:_identify(log) by extensions ['ignore', 'ignore_ament_install']
[0.235s] Level 1:colcon.colcon_core.package_identification:_identify(log) by extension 'ignore'
[0.235s] Level 1:colcon.colcon_core.package_identification:_identify(log) ignored
[0.236s] Level 1:colcon.colcon_core.package_identification:_identify(meshes) by extensions ['ignore', 'ignore_ament_install']
[0.236s] Level 1:colcon.colcon_core.package_identification:_identify(meshes) by extension 'ignore'
[0.236s] Level 1:colcon.colcon_core.package_identification:_identify(meshes) by extension 'ignore_ament_install'
[0.236s] Level 1:colcon.colcon_core.package_identification:_identify(meshes) by extensions ['colcon_pkg']
[0.236s] Level 1:colcon.colcon_core.package_identification:_identify(meshes) by extension 'colcon_pkg'
[0.236s] Level 1:colcon.colcon_core.package_identification:_identify(meshes) by extensions ['colcon_meta']
[0.236s] Level 1:colcon.colcon_core.package_identification:_identify(meshes) by extension 'colcon_meta'
[0.236s] Level 1:colcon.colcon_core.package_identification:_identify(meshes) by extensions ['ros']
[0.236s] Level 1:colcon.colcon_core.package_identification:_identify(meshes) by extension 'ros'
[0.236s] Level 1:colcon.colcon_core.package_identification:_identify(meshes) by extensions ['cmake', 'python']
[0.236s] Level 1:colcon.colcon_core.package_identification:_identify(meshes) by extension 'cmake'
[0.236s] Level 1:colcon.colcon_core.package_identification:_identify(meshes) by extension 'python'
[0.236s] Level 1:colcon.colcon_core.package_identification:_identify(meshes) by extensions ['python_setup_py']
[0.236s] Level 1:colcon.colcon_core.package_identification:_identify(meshes) by extension 'python_setup_py'
[0.236s] Level 1:colcon.colcon_core.package_identification:_identify(rviz) by extensions ['ignore', 'ignore_ament_install']
[0.236s] Level 1:colcon.colcon_core.package_identification:_identify(rviz) by extension 'ignore'
[0.236s] Level 1:colcon.colcon_core.package_identification:_identify(rviz) by extension 'ignore_ament_install'
[0.236s] Level 1:colcon.colcon_core.package_identification:_identify(rviz) by extensions ['colcon_pkg']
[0.237s] Level 1:colcon.colcon_core.package_identification:_identify(rviz) by extension 'colcon_pkg'
[0.237s] Level 1:colcon.colcon_core.package_identification:_identify(rviz) by extensions ['colcon_meta']
[0.237s] Level 1:colcon.colcon_core.package_identification:_identify(rviz) by extension 'colcon_meta'
[0.237s] Level 1:colcon.colcon_core.package_identification:_identify(rviz) by extensions ['ros']
[0.237s] Level 1:colcon.colcon_core.package_identification:_identify(rviz) by extension 'ros'
[0.237s] Level 1:colcon.colcon_core.package_identification:_identify(rviz) by extensions ['cmake', 'python']
[0.237s] Level 1:colcon.colcon_core.package_identification:_identify(rviz) by extension 'cmake'
[0.237s] Level 1:colcon.colcon_core.package_identification:_identify(rviz) by extension 'python'
[0.237s] Level 1:colcon.colcon_core.package_identification:_identify(rviz) by extensions ['python_setup_py']
[0.237s] Level 1:colcon.colcon_core.package_identification:_identify(rviz) by extension 'python_setup_py'
[0.237s] Level 1:colcon.colcon_core.package_identification:_identify(src) by extensions ['ignore', 'ignore_ament_install']
[0.237s] Level 1:colcon.colcon_core.package_identification:_identify(src) by extension 'ignore'
[0.237s] Level 1:colcon.colcon_core.package_identification:_identify(src) by extension 'ignore_ament_install'
[0.237s] Level 1:colcon.colcon_core.package_identification:_identify(src) by extensions ['colcon_pkg']
[0.237s] Level 1:colcon.colcon_core.package_identification:_identify(src) by extension 'colcon_pkg'
[0.237s] Level 1:colcon.colcon_core.package_identification:_identify(src) by extensions ['colcon_meta']
[0.237s] Level 1:colcon.colcon_core.package_identification:_identify(src) by extension 'colcon_meta'
[0.237s] Level 1:colcon.colcon_core.package_identification:_identify(src) by extensions ['ros']
[0.237s] Level 1:colcon.colcon_core.package_identification:_identify(src) by extension 'ros'
[0.237s] Level 1:colcon.colcon_core.package_identification:_identify(src) by extensions ['cmake', 'python']
[0.238s] Level 1:colcon.colcon_core.package_identification:_identify(src) by extension 'cmake'
[0.238s] Level 1:colcon.colcon_core.package_identification:_identify(src) by extension 'python'
[0.238s] Level 1:colcon.colcon_core.package_identification:_identify(src) by extensions ['python_setup_py']
[0.238s] Level 1:colcon.colcon_core.package_identification:_identify(src) by extension 'python_setup_py'
[0.238s] Level 1:colcon.colcon_core.package_identification:_identify(src/robot_bringup) by extensions ['ignore', 'ignore_ament_install']
[0.238s] Level 1:colcon.colcon_core.package_identification:_identify(src/robot_bringup) by extension 'ignore'
[0.238s] Level 1:colcon.colcon_core.package_identification:_identify(src/robot_bringup) by extension 'ignore_ament_install'
[0.238s] Level 1:colcon.colcon_core.package_identification:_identify(src/robot_bringup) by extensions ['colcon_pkg']
[0.238s] Level 1:colcon.colcon_core.package_identification:_identify(src/robot_bringup) by extension 'colcon_pkg'
[0.238s] Level 1:colcon.colcon_core.package_identification:_identify(src/robot_bringup) by extensions ['colcon_meta']
[0.238s] Level 1:colcon.colcon_core.package_identification:_identify(src/robot_bringup) by extension 'colcon_meta'
[0.238s] Level 1:colcon.colcon_core.package_identification:_identify(src/robot_bringup) by extensions ['ros']
[0.238s] Level 1:colcon.colcon_core.package_identification:_identify(src/robot_bringup) by extension 'ros'
[0.242s] DEBUG:colcon.colcon_core.package_identification:Package 'src/robot_bringup' with type 'ros.ament_cmake' and name 'robot_bringup'
[0.242s] Level 1:colcon.colcon_core.package_identification:_identify(src/robot_control) by extensions ['ignore', 'ignore_ament_install']
[0.242s] Level 1:colcon.colcon_core.package_identification:_identify(src/robot_control) by extension 'ignore'
[0.242s] Level 1:colcon.colcon_core.package_identification:_identify(src/robot_control) by extension 'ignore_ament_install'
[0.242s] Level 1:colcon.colcon_core.package_identification:_identify(src/robot_control) by extensions ['colcon_pkg']
[0.242s] Level 1:colcon.colcon_core.package_identification:_identify(src/robot_control) by extension 'colcon_pkg'
[0.242s] Level 1:colcon.colcon_core.package_identification:_identify(src/robot_control) by extensions ['colcon_meta']
[0.242s] Level 1:colcon.colcon_core.package_identification:_identify(src/robot_control) by extension 'colcon_meta'
[0.242s] Level 1:colcon.colcon_core.package_identification:_identify(src/robot_control) by extensions ['ros']
[0.242s] Level 1:colcon.colcon_core.package_identification:_identify(src/robot_control) by extension 'ros'
[0.243s] DEBUG:colcon.colcon_core.package_identification:Package 'src/robot_control' with type 'ros.ament_python' and name 'robot_control'
[0.243s] Level 1:colcon.colcon_core.package_identification:_identify(src/robot_description) by extensions ['ignore', 'ignore_ament_install']
[0.243s] Level 1:colcon.colcon_core.package_identification:_identify(src/robot_description) by extension 'ignore'
[0.243s] Level 1:colcon.colcon_core.package_identification:_identify(src/robot_description) by extension 'ignore_ament_install'
[0.243s] Level 1:colcon.colcon_core.package_identification:_identify(src/robot_description) by extensions ['colcon_pkg']
[0.244s] Level 1:colcon.colcon_core.package_identification:_identify(src/robot_description) by extension 'colcon_pkg'
[0.244s] Level 1:colcon.colcon_core.package_identification:_identify(src/robot_description) by extensions ['colcon_meta']
[0.244s] Level 1:colcon.colcon_core.package_identification:_identify(src/robot_description) by extension 'colcon_meta'
[0.244s] Level 1:colcon.colcon_core.package_identification:_identify(src/robot_description) by extensions ['ros']
[0.244s] Level 1:colcon.colcon_core.package_identification:_identify(src/robot_description) by extension 'ros'
[0.244s] DEBUG:colcon.colcon_core.package_identification:Package 'src/robot_description' with type 'ros.ament_cmake' and name 'robot_description'
[0.245s] Level 1:colcon.colcon_core.package_identification:_identify(src/robot_interfaces) by extensions ['ignore', 'ignore_ament_install']
[0.245s] Level 1:colcon.colcon_core.package_identification:_identify(src/robot_interfaces) by extension 'ignore'
[0.245s] Level 1:colcon.colcon_core.package_identification:_identify(src/robot_interfaces) by extension 'ignore_ament_install'
[0.245s] Level 1:colcon.colcon_core.package_identification:_identify(src/robot_interfaces) by extensions ['colcon_pkg']
[0.245s] Level 1:colcon.colcon_core.package_identification:_identify(src/robot_interfaces) by extension 'colcon_pkg'
[0.245s] Level 1:colcon.colcon_core.package_identification:_identify(src/robot_interfaces) by extensions ['colcon_meta']
[0.245s] Level 1:colcon.colcon_core.package_identification:_identify(src/robot_interfaces) by extension 'colcon_meta'
[0.245s] Level 1:colcon.colcon_core.package_identification:_identify(src/robot_interfaces) by extensions ['ros']
[0.245s] Level 1:colcon.colcon_core.package_identification:_identify(src/robot_interfaces) by extension 'ros'
[0.245s] DEBUG:colcon.colcon_core.package_identification:Package 'src/robot_interfaces' with type 'ros.ament_cmake' and name 'robot_interfaces'
[0.246s] Level 1:colcon.colcon_core.package_identification:_identify(src/robot_utils) by extensions ['ignore', 'ignore_ament_install']
[0.246s] Level 1:colcon.colcon_core.package_identification:_identify(src/robot_utils) by extension 'ignore'
[0.246s] Level 1:colcon.colcon_core.package_identification:_identify(src/robot_utils) by extension 'ignore_ament_install'
[0.246s] Level 1:colcon.colcon_core.package_identification:_identify(src/robot_utils) by extensions ['colcon_pkg']
[0.246s] Level 1:colcon.colcon_core.package_identification:_identify(src/robot_utils) by extension 'colcon_pkg'
[0.246s] Level 1:colcon.colcon_core.package_identification:_identify(src/robot_utils) by extensions ['colcon_meta']
[0.246s] Level 1:colcon.colcon_core.package_identification:_identify(src/robot_utils) by extension 'colcon_meta'
[0.246s] Level 1:colcon.colcon_core.package_identification:_identify(src/robot_utils) by extensions ['ros']
[0.246s] Level 1:colcon.colcon_core.package_identification:_identify(src/robot_utils) by extension 'ros'
[0.247s] DEBUG:colcon.colcon_core.package_identification:Package 'src/robot_utils' with type 'ros.ament_python' and name 'robot_utils'
[0.247s] Level 1:colcon.colcon_core.package_identification:_identify(worlds) by extensions ['ignore', 'ignore_ament_install']
[0.247s] Level 1:colcon.colcon_core.package_identification:_identify(worlds) by extension 'ignore'
[0.247s] Level 1:colcon.colcon_core.package_identification:_identify(worlds) by extension 'ignore_ament_install'
[0.247s] Level 1:colcon.colcon_core.package_identification:_identify(worlds) by extensions ['colcon_pkg']
[0.247s] Level 1:colcon.colcon_core.package_identification:_identify(worlds) by extension 'colcon_pkg'
[0.247s] Level 1:colcon.colcon_core.package_identification:_identify(worlds) by extensions ['colcon_meta']
[0.247s] Level 1:colcon.colcon_core.package_identification:_identify(worlds) by extension 'colcon_meta'
[0.247s] Level 1:colcon.colcon_core.package_identification:_identify(worlds) by extensions ['ros']
[0.247s] Level 1:colcon.colcon_core.package_identification:_identify(worlds) by extension 'ros'
[0.247s] Level 1:colcon.colcon_core.package_identification:_identify(worlds) by extensions ['cmake', 'python']
[0.247s] Level 1:colcon.colcon_core.package_identification:_identify(worlds) by extension 'cmake'
[0.247s] Level 1:colcon.colcon_core.package_identification:_identify(worlds) by extension 'python'
[0.247s] Level 1:colcon.colcon_core.package_identification:_identify(worlds) by extensions ['python_setup_py']
[0.247s] Level 1:colcon.colcon_core.package_identification:_identify(worlds) by extension 'python_setup_py'
[0.247s] Level 1:colcon.colcon_core.package_discovery:discover_packages(recursive) using defaults
[0.248s] Level 1:colcon.colcon_core.package_discovery:discover_packages(ignore) discover
[0.248s] Level 1:colcon.colcon_core.package_discovery:discover_packages(ignore) using defaults
[0.248s] Level 1:colcon.colcon_core.package_discovery:discover_packages(path) discover
[0.248s] Level 1:colcon.colcon_core.package_discovery:discover_packages(path) using defaults
[0.277s] Level 1:colcon.colcon_core.package_discovery:discover_packages(prefix_path) check parameters
[0.277s] Level 1:colcon.colcon_core.package_discovery:discover_packages(prefix_path) discover
[0.280s] DEBUG:colcon.colcon_installed_package_information.package_discovery:Found 14 installed packages in /home/shubham/ros2-jazzy-learning/install
[0.283s] DEBUG:colcon.colcon_installed_package_information.package_discovery:Found 531 installed packages in /opt/ros/jazzy
[0.286s] Level 1:colcon.colcon_core.package_discovery:discover_packages(prefix_path) using defaults
[0.398s] Level 5:colcon.colcon_core.verb:set package 'robot_bringup' build argument 'cmake_args' from command line to 'None'
[0.398s] Level 5:colcon.colcon_core.verb:set package 'robot_bringup' build argument 'cmake_target' from command line to 'None'
[0.398s] Level 5:colcon.colcon_core.verb:set package 'robot_bringup' build argument 'cmake_target_skip_unavailable' from command line to 'False'
[0.398s] Level 5:colcon.colcon_core.verb:set package 'robot_bringup' build argument 'cmake_clean_cache' from command line to 'False'
[0.398s] Level 5:colcon.colcon_core.verb:set package 'robot_bringup' build argument 'cmake_clean_first' from command line to 'False'
[0.398s] Level 5:colcon.colcon_core.verb:set package 'robot_bringup' build argument 'cmake_force_configure' from command line to 'False'
[0.398s] Level 5:colcon.colcon_core.verb:set package 'robot_bringup' build argument 'ament_cmake_args' from command line to 'None'
[0.398s] Level 5:colcon.colcon_core.verb:set package 'robot_bringup' build argument 'catkin_cmake_args' from command line to 'None'
[0.398s] Level 5:colcon.colcon_core.verb:set package 'robot_bringup' build argument 'catkin_skip_building_tests' from command line to 'False'
[0.398s] DEBUG:colcon.colcon_core.verb:Building package 'robot_bringup' with the following arguments: {'ament_cmake_args': None, 'build_base': '/home/shubham/robot_arm_ws/build/robot_bringup', 'catkin_cmake_args': None, 'catkin_skip_building_tests': False, 'cmake_args': None, 'cmake_clean_cache': False, 'cmake_clean_first': False, 'cmake_force_configure': False, 'cmake_target': None, 'cmake_target_skip_unavailable': False, 'install_base': '/home/shubham/robot_arm_ws/install/robot_bringup', 'merge_install': False, 'path': '/home/shubham/robot_arm_ws/src/robot_bringup', 'symlink_install': False, 'test_result_base': None}
[0.398s] Level 5:colcon.colcon_core.verb:set package 'robot_control' build argument 'cmake_args' from command line to 'None'
[0.398s] Level 5:colcon.colcon_core.verb:set package 'robot_control' build argument 'cmake_target' from command line to 'None'
[0.398s] Level 5:colcon.colcon_core.verb:set package 'robot_control' build argument 'cmake_target_skip_unavailable' from command line to 'False'
[0.399s] Level 5:colcon.colcon_core.verb:set package 'robot_control' build argument 'cmake_clean_cache' from command line to 'False'
[0.399s] Level 5:colcon.colcon_core.verb:set package 'robot_control' build argument 'cmake_clean_first' from command line to 'False'
[0.399s] Level 5:colcon.colcon_core.verb:set package 'robot_control' build argument 'cmake_force_configure' from command line to 'False'
[0.399s] Level 5:colcon.colcon_core.verb:set package 'robot_control' build argument 'ament_cmake_args' from command line to 'None'
[0.399s] Level 5:colcon.colcon_core.verb:set package 'robot_control' build argument 'catkin_cmake_args' from command line to 'None'
[0.399s] Level 5:colcon.colcon_core.verb:set package 'robot_control' build argument 'catkin_skip_building_tests' from command line to 'False'
[0.399s] DEBUG:colcon.colcon_core.verb:Building package 'robot_control' with the following arguments: {'ament_cmake_args': None, 'build_base': '/home/shubham/robot_arm_ws/build/robot_control', 'catkin_cmake_args': None, 'catkin_skip_building_tests': False, 'cmake_args': None, 'cmake_clean_cache': False, 'cmake_clean_first': False, 'cmake_force_configure': False, 'cmake_target': None, 'cmake_target_skip_unavailable': False, 'install_base': '/home/shubham/robot_arm_ws/install/robot_control', 'merge_install': False, 'path': '/home/shubham/robot_arm_ws/src/robot_control', 'symlink_install': False, 'test_result_base': None}
[0.399s] Level 5:colcon.colcon_core.verb:set package 'robot_description' build argument 'cmake_args' from command line to 'None'
[0.399s] Level 5:colcon.colcon_core.verb:set package 'robot_description' build argument 'cmake_target' from command line to 'None'
[0.399s] Level 5:colcon.colcon_core.verb:set package 'robot_description' build argument 'cmake_target_skip_unavailable' from command line to 'False'
[0.399s] Level 5:colcon.colcon_core.verb:set package 'robot_description' build argument 'cmake_clean_cache' from command line to 'False'
[0.399s] Level 5:colcon.colcon_core.verb:set package 'robot_description' build argument 'cmake_clean_first' from command line to 'False'
[0.399s] Level 5:colcon.colcon_core.verb:set package 'robot_description' build argument 'cmake_force_configure' from command line to 'False'
[0.399s] Level 5:colcon.colcon_core.verb:set package 'robot_description' build argument 'ament_cmake_args' from command line to 'None'
[0.399s] Level 5:colcon.colcon_core.verb:set package 'robot_description' build argument 'catkin_cmake_args' from command line to 'None'
[0.399s] Level 5:colcon.colcon_core.verb:set package 'robot_description' build argument 'catkin_skip_building_tests' from command line to 'False'
[0.399s] DEBUG:colcon.colcon_core.verb:Building package 'robot_description' with the following arguments: {'ament_cmake_args': None, 'build_base': '/home/shubham/robot_arm_ws/build/robot_description', 'catkin_cmake_args': None, 'catkin_skip_building_tests': False, 'cmake_args': None, 'cmake_clean_cache': False, 'cmake_clean_first': False, 'cmake_force_configure': False, 'cmake_target': None, 'cmake_target_skip_unavailable': False, 'install_base': '/home/shubham/robot_arm_ws/install/robot_description', 'merge_install': False, 'path': '/home/shubham/robot_arm_ws/src/robot_description', 'symlink_install': False, 'test_result_base': None}
[0.400s] Level 5:colcon.colcon_core.verb:set package 'robot_interfaces' build argument 'cmake_args' from command line to 'None'
[0.400s] Level 5:colcon.colcon_core.verb:set package 'robot_interfaces' build argument 'cmake_target' from command line to 'None'
[0.400s] Level 5:colcon.colcon_core.verb:set package 'robot_interfaces' build argument 'cmake_target_skip_unavailable' from command line to 'False'
[0.400s] Level 5:colcon.colcon_core.verb:set package 'robot_interfaces' build argument 'cmake_clean_cache' from command line to 'False'
[0.400s] Level 5:colcon.colcon_core.verb:set package 'robot_interfaces' build argument 'cmake_clean_first' from command line to 'False'
[0.400s] Level 5:colcon.colcon_core.verb:set package 'robot_interfaces' build argument 'cmake_force_configure' from command line to 'False'
[0.400s] Level 5:colcon.colcon_core.verb:set package 'robot_interfaces' build argument 'ament_cmake_args' from command line to 'None'
[0.400s] Level 5:colcon.colcon_core.verb:set package 'robot_interfaces' build argument 'catkin_cmake_args' from command line to 'None'
[0.400s] Level 5:colcon.colcon_core.verb:set package 'robot_interfaces' build argument 'catkin_skip_building_tests' from command line to 'False'
[0.400s] DEBUG:colcon.colcon_core.verb:Building package 'robot_interfaces' with the following arguments: {'ament_cmake_args': None, 'build_base': '/home/shubham/robot_arm_ws/build/robot_interfaces', 'catkin_cmake_args': None, 'catkin_skip_building_tests': False, 'cmake_args': None, 'cmake_clean_cache': False, 'cmake_clean_first': False, 'cmake_force_configure': False, 'cmake_target': None, 'cmake_target_skip_unavailable': False, 'install_base': '/home/shubham/robot_arm_ws/install/robot_interfaces', 'merge_install': False, 'path': '/home/shubham/robot_arm_ws/src/robot_interfaces', 'symlink_install': False, 'test_result_base': None}
[0.400s] Level 5:colcon.colcon_core.verb:set package 'robot_utils' build argument 'cmake_args' from command line to 'None'
[0.400s] Level 5:colcon.colcon_core.verb:set package 'robot_utils' build argument 'cmake_target' from command line to 'None'
[0.401s] Level 5:colcon.colcon_core.verb:set package 'robot_utils' build argument 'cmake_target_skip_unavailable' from command line to 'False'
[0.401s] Level 5:colcon.colcon_core.verb:set package 'robot_utils' build argument 'cmake_clean_cache' from command line to 'False'
[0.401s] Level 5:colcon.colcon_core.verb:set package 'robot_utils' build argument 'cmake_clean_first' from command line to 'False'
[0.401s] Level 5:colcon.colcon_core.verb:set package 'robot_utils' build argument 'cmake_force_configure' from command line to 'False'
[0.401s] Level 5:colcon.colcon_core.verb:set package 'robot_utils' build argument 'ament_cmake_args' from command line to 'None'
[0.401s] Level 5:colcon.colcon_core.verb:set package 'robot_utils' build argument 'catkin_cmake_args' from command line to 'None'
[0.401s] Level 5:colcon.colcon_core.verb:set package 'robot_utils' build argument 'catkin_skip_building_tests' from command line to 'False'
[0.401s] DEBUG:colcon.colcon_core.verb:Building package 'robot_utils' with the following arguments: {'ament_cmake_args': None, 'build_base': '/home/shubham/robot_arm_ws/build/robot_utils', 'catkin_cmake_args': None, 'catkin_skip_building_tests': False, 'cmake_args': None, 'cmake_clean_cache': False, 'cmake_clean_first': False, 'cmake_force_configure': False, 'cmake_target': None, 'cmake_target_skip_unavailable': False, 'install_base': '/home/shubham/robot_arm_ws/install/robot_utils', 'merge_install': False, 'path': '/home/shubham/robot_arm_ws/src/robot_utils', 'symlink_install': False, 'test_result_base': None}
[0.401s] INFO:colcon.colcon_core.executor:Executing jobs using 'parallel' executor
[0.402s] DEBUG:colcon.colcon_parallel_executor.executor.parallel:run_until_complete
[0.403s] INFO:colcon.colcon_ros.task.ament_cmake.build:Building ROS package in '/home/shubham/robot_arm_ws/src/robot_bringup' with build type 'ament_cmake'
[0.403s] INFO:colcon.colcon_cmake.task.cmake.build:Building CMake package in '/home/shubham/robot_arm_ws/src/robot_bringup'
[0.406s] INFO:colcon.colcon_core.plugin_system:Skipping extension 'colcon_core.shell.bat': Not used on non-Windows systems
[0.407s] INFO:colcon.colcon_core.shell:Skip shell extension 'powershell' for command environment: Not usable outside of PowerShell
[0.407s] DEBUG:colcon.colcon_core.shell:Skip shell extension 'dsv' for command environment
[0.414s] INFO:colcon.colcon_ros.task.ament_python.build:Building ROS package in '/home/shubham/robot_arm_ws/src/robot_control' with build type 'ament_python'
[0.414s] Level 1:colcon.colcon_core.shell:create_environment_hook('robot_control', 'ament_prefix_path')
[0.415s] INFO:colcon.colcon_core.shell:Creating environment hook '/home/shubham/robot_arm_ws/install/robot_control/share/robot_control/hook/ament_prefix_path.ps1'
[0.417s] INFO:colcon.colcon_core.shell:Creating environment descriptor '/home/shubham/robot_arm_ws/install/robot_control/share/robot_control/hook/ament_prefix_path.dsv'
[0.418s] INFO:colcon.colcon_core.shell:Creating environment hook '/home/shubham/robot_arm_ws/install/robot_control/share/robot_control/hook/ament_prefix_path.sh'
[0.420s] INFO:colcon.colcon_core.shell:Skip shell extension 'powershell' for command environment: Not usable outside of PowerShell
[0.421s] DEBUG:colcon.colcon_core.shell:Skip shell extension 'dsv' for command environment
[0.434s] INFO:colcon.colcon_ros.task.ament_cmake.build:Building ROS package in '/home/shubham/robot_arm_ws/src/robot_description' with build type 'ament_cmake'
[0.434s] INFO:colcon.colcon_cmake.task.cmake.build:Building CMake package in '/home/shubham/robot_arm_ws/src/robot_description'
[0.435s] INFO:colcon.colcon_core.shell:Skip shell extension 'powershell' for command environment: Not usable outside of PowerShell
[0.435s] DEBUG:colcon.colcon_core.shell:Skip shell extension 'dsv' for command environment
[0.445s] INFO:colcon.colcon_ros.task.ament_cmake.build:Building ROS package in '/home/shubham/robot_arm_ws/src/robot_interfaces' with build type 'ament_cmake'
[0.446s] INFO:colcon.colcon_cmake.task.cmake.build:Building CMake package in '/home/shubham/robot_arm_ws/src/robot_interfaces'
[0.446s] INFO:colcon.colcon_core.shell:Skip shell extension 'powershell' for command environment: Not usable outside of PowerShell
[0.446s] DEBUG:colcon.colcon_core.shell:Skip shell extension 'dsv' for command environment
[0.456s] INFO:colcon.colcon_ros.task.ament_python.build:Building ROS package in '/home/shubham/robot_arm_ws/src/robot_utils' with build type 'ament_python'
[0.456s] Level 1:colcon.colcon_core.shell:create_environment_hook('robot_utils', 'ament_prefix_path')
[0.456s] INFO:colcon.colcon_core.shell:Creating environment hook '/home/shubham/robot_arm_ws/install/robot_utils/share/robot_utils/hook/ament_prefix_path.ps1'
[0.458s] INFO:colcon.colcon_core.shell:Creating environment descriptor '/home/shubham/robot_arm_ws/install/robot_utils/share/robot_utils/hook/ament_prefix_path.dsv'
[0.458s] INFO:colcon.colcon_core.shell:Creating environment hook '/home/shubham/robot_arm_ws/install/robot_utils/share/robot_utils/hook/ament_prefix_path.sh'
[0.460s] INFO:colcon.colcon_core.shell:Skip shell extension 'powershell' for command environment: Not usable outside of PowerShell
[0.460s] DEBUG:colcon.colcon_core.shell:Skip shell extension 'dsv' for command environment
[0.489s] DEBUG:colcon.colcon_core.event_handler.log_command:Invoking command in '/home/shubham/robot_arm_ws/build/robot_bringup': CMAKE_PREFIX_PATH=${CMAKE_PREFIX_PATH}:/home/shubham/ros2-jazzy-learning/install/tf2_demo:/home/shubham/ros2-jazzy-learning/install/ros2_advanced:/home/shubham/ros2-jazzy-learning/install/robot_manager:/home/shubham/ros2-jazzy-learning/install/robot_bringup:/home/shubham/ros2-jazzy-learning/install/parameter_demo:/home/shubham/ros2-jazzy-learning/install/namespace_demo:/home/shubham/ros2-jazzy-learning/install/my_first_pkg:/home/shubham/ros2-jazzy-learning/install/my_robot_description:/home/shubham/ros2-jazzy-learning/install/my_robot_control:/home/shubham/ros2-jazzy-learning/install/my_robot_bringup:/home/shubham/ros2-jazzy-learning/install/motion_safety_stack:/home/shubham/ros2-jazzy-learning/install/lifecycle_demo:/opt/ros/jazzy DEBUGINFOD_URLS=https://debuginfod.ubuntu.com /usr/bin/cmake --build /home/shubham/robot_arm_ws/build/robot_bringup -- -j8 -l8
[0.916s] INFO:colcon.colcon_core.task.python.build:Building Python package in '/home/shubham/robot_arm_ws/src/robot_control'
[0.917s] INFO:colcon.colcon_core.shell:Skip shell extension 'powershell' for command environment: Not usable outside of PowerShell
[0.917s] DEBUG:colcon.colcon_core.shell:Skip shell extension 'dsv' for command environment
[0.931s] DEBUG:colcon.colcon_core.event_handler.log_command:Invoking command in '/home/shubham/robot_arm_ws/build/robot_description': CMAKE_PREFIX_PATH=${CMAKE_PREFIX_PATH}:/home/shubham/ros2-jazzy-learning/install/tf2_demo:/home/shubham/ros2-jazzy-learning/install/ros2_advanced:/home/shubham/ros2-jazzy-learning/install/robot_manager:/home/shubham/ros2-jazzy-learning/install/robot_bringup:/home/shubham/ros2-jazzy-learning/install/parameter_demo:/home/shubham/ros2-jazzy-learning/install/namespace_demo:/home/shubham/ros2-jazzy-learning/install/my_first_pkg:/home/shubham/ros2-jazzy-learning/install/my_robot_description:/home/shubham/ros2-jazzy-learning/install/my_robot_control:/home/shubham/ros2-jazzy-learning/install/my_robot_bringup:/home/shubham/ros2-jazzy-learning/install/motion_safety_stack:/home/shubham/ros2-jazzy-learning/install/lifecycle_demo:/opt/ros/jazzy DEBUGINFOD_URLS=https://debuginfod.ubuntu.com /usr/bin/cmake --build /home/shubham/robot_arm_ws/build/robot_description -- -j8 -l8
[0.936s] DEBUG:colcon.colcon_core.event_handler.log_command:Invoking command in '/home/shubham/robot_arm_ws/build/robot_interfaces': CMAKE_PREFIX_PATH=${CMAKE_PREFIX_PATH}:/home/shubham/ros2-jazzy-learning/install/tf2_demo:/home/shubham/ros2-jazzy-learning/install/ros2_advanced:/home/shubham/ros2-jazzy-learning/install/robot_manager:/home/shubham/ros2-jazzy-learning/install/robot_bringup:/home/shubham/ros2-jazzy-learning/install/parameter_demo:/home/shubham/ros2-jazzy-learning/install/namespace_demo:/home/shubham/ros2-jazzy-learning/install/my_first_pkg:/home/shubham/ros2-jazzy-learning/install/my_robot_description:/home/shubham/ros2-jazzy-learning/install/my_robot_control:/home/shubham/ros2-jazzy-learning/install/my_robot_bringup:/home/shubham/ros2-jazzy-learning/install/motion_safety_stack:/home/shubham/ros2-jazzy-learning/install/lifecycle_demo:/opt/ros/jazzy DEBUGINFOD_URLS=https://debuginfod.ubuntu.com /usr/bin/cmake --build /home/shubham/robot_arm_ws/build/robot_interfaces -- -j8 -l8
[1.359s] INFO:colcon.colcon_core.task.python.build:Building Python package in '/home/shubham/robot_arm_ws/src/robot_utils'
[1.360s] INFO:colcon.colcon_core.shell:Skip shell extension 'powershell' for command environment: Not usable outside of PowerShell
[1.360s] DEBUG:colcon.colcon_core.shell:Skip shell extension 'dsv' for command environment
[1.378s] DEBUG:colcon.colcon_core.event_handler.log_command:Invoked command in '/home/shubham/robot_arm_ws/build/robot_bringup' returned '0': CMAKE_PREFIX_PATH=${CMAKE_PREFIX_PATH}:/home/shubham/ros2-jazzy-learning/install/tf2_demo:/home/shubham/ros2-jazzy-learning/install/ros2_advanced:/home/shubham/ros2-jazzy-learning/install/robot_manager:/home/shubham/ros2-jazzy-learning/install/robot_bringup:/home/shubham/ros2-jazzy-learning/install/parameter_demo:/home/shubham/ros2-jazzy-learning/install/namespace_demo:/home/shubham/ros2-jazzy-learning/install/my_first_pkg:/home/shubham/ros2-jazzy-learning/install/my_robot_description:/home/shubham/ros2-jazzy-learning/install/my_robot_control:/home/shubham/ros2-jazzy-learning/install/my_robot_bringup:/home/shubham/ros2-jazzy-learning/install/motion_safety_stack:/home/shubham/ros2-jazzy-learning/install/lifecycle_demo:/opt/ros/jazzy DEBUGINFOD_URLS=https://debuginfod.ubuntu.com /usr/bin/cmake --build /home/shubham/robot_arm_ws/build/robot_bringup -- -j8 -l8
[1.393s] DEBUG:colcon.colcon_core.event_handler.log_command:Invoking command in '/home/shubham/robot_arm_ws/build/robot_bringup': CMAKE_PREFIX_PATH=${CMAKE_PREFIX_PATH}:/home/shubham/ros2-jazzy-learning/install/tf2_demo:/home/shubham/ros2-jazzy-learning/install/ros2_advanced:/home/shubham/ros2-jazzy-learning/install/robot_manager:/home/shubham/ros2-jazzy-learning/install/robot_bringup:/home/shubham/ros2-jazzy-learning/install/parameter_demo:/home/shubham/ros2-jazzy-learning/install/namespace_demo:/home/shubham/ros2-jazzy-learning/install/my_first_pkg:/home/shubham/ros2-jazzy-learning/install/my_robot_description:/home/shubham/ros2-jazzy-learning/install/my_robot_control:/home/shubham/ros2-jazzy-learning/install/my_robot_bringup:/home/shubham/ros2-jazzy-learning/install/motion_safety_stack:/home/shubham/ros2-jazzy-learning/install/lifecycle_demo:/opt/ros/jazzy DEBUGINFOD_URLS=https://debuginfod.ubuntu.com /usr/bin/cmake --install /home/shubham/robot_arm_ws/build/robot_bringup
[1.399s] DEBUG:colcon.colcon_core.event_handler.log_command:Invoked command in '/home/shubham/robot_arm_ws/build/robot_interfaces' returned '0': CMAKE_PREFIX_PATH=${CMAKE_PREFIX_PATH}:/home/shubham/ros2-jazzy-learning/install/tf2_demo:/home/shubham/ros2-jazzy-learning/install/ros2_advanced:/home/shubham/ros2-jazzy-learning/install/robot_manager:/home/shubham/ros2-jazzy-learning/install/robot_bringup:/home/shubham/ros2-jazzy-learning/install/parameter_demo:/home/shubham/ros2-jazzy-learning/install/namespace_demo:/home/shubham/ros2-jazzy-learning/install/my_first_pkg:/home/shubham/ros2-jazzy-learning/install/my_robot_description:/home/shubham/ros2-jazzy-learning/install/my_robot_control:/home/shubham/ros2-jazzy-learning/install/my_robot_bringup:/home/shubham/ros2-jazzy-learning/install/motion_safety_stack:/home/shubham/ros2-jazzy-learning/install/lifecycle_demo:/opt/ros/jazzy DEBUGINFOD_URLS=https://debuginfod.ubuntu.com /usr/bin/cmake --build /home/shubham/robot_arm_ws/build/robot_interfaces -- -j8 -l8
[1.400s] DEBUG:colcon.colcon_core.event_handler.log_command:Invoking command in '/home/shubham/robot_arm_ws/build/robot_interfaces': CMAKE_PREFIX_PATH=${CMAKE_PREFIX_PATH}:/home/shubham/ros2-jazzy-learning/install/tf2_demo:/home/shubham/ros2-jazzy-learning/install/ros2_advanced:/home/shubham/ros2-jazzy-learning/install/robot_manager:/home/shubham/ros2-jazzy-learning/install/robot_bringup:/home/shubham/ros2-jazzy-learning/install/parameter_demo:/home/shubham/ros2-jazzy-learning/install/namespace_demo:/home/shubham/ros2-jazzy-learning/install/my_first_pkg:/home/shubham/ros2-jazzy-learning/install/my_robot_description:/home/shubham/ros2-jazzy-learning/install/my_robot_control:/home/shubham/ros2-jazzy-learning/install/my_robot_bringup:/home/shubham/ros2-jazzy-learning/install/motion_safety_stack:/home/shubham/ros2-jazzy-learning/install/lifecycle_demo:/opt/ros/jazzy DEBUGINFOD_URLS=https://debuginfod.ubuntu.com /usr/bin/cmake --install /home/shubham/robot_arm_ws/build/robot_interfaces
[1.401s] DEBUG:colcon.colcon_core.event_handler.log_command:Invoked command in '/home/shubham/robot_arm_ws/build/robot_description' returned '0': CMAKE_PREFIX_PATH=${CMAKE_PREFIX_PATH}:/home/shubham/ros2-jazzy-learning/install/tf2_demo:/home/shubham/ros2-jazzy-learning/install/ros2_advanced:/home/shubham/ros2-jazzy-learning/install/robot_manager:/home/shubham/ros2-jazzy-learning/install/robot_bringup:/home/shubham/ros2-jazzy-learning/install/parameter_demo:/home/shubham/ros2-jazzy-learning/install/namespace_demo:/home/shubham/ros2-jazzy-learning/install/my_first_pkg:/home/shubham/ros2-jazzy-learning/install/my_robot_description:/home/shubham/ros2-jazzy-learning/install/my_robot_control:/home/shubham/ros2-jazzy-learning/install/my_robot_bringup:/home/shubham/ros2-jazzy-learning/install/motion_safety_stack:/home/shubham/ros2-jazzy-learning/install/lifecycle_demo:/opt/ros/jazzy DEBUGINFOD_URLS=https://debuginfod.ubuntu.com /usr/bin/cmake --build /home/shubham/robot_arm_ws/build/robot_description -- -j8 -l8
[1.403s] DEBUG:colcon.colcon_core.event_handler.log_command:Invoking command in '/home/shubham/robot_arm_ws/build/robot_description': CMAKE_PREFIX_PATH=${CMAKE_PREFIX_PATH}:/home/shubham/ros2-jazzy-learning/install/tf2_demo:/home/shubham/ros2-jazzy-learning/install/ros2_advanced:/home/shubham/ros2-jazzy-learning/install/robot_manager:/home/shubham/ros2-jazzy-learning/install/robot_bringup:/home/shubham/ros2-jazzy-learning/install/parameter_demo:/home/shubham/ros2-jazzy-learning/install/namespace_demo:/home/shubham/ros2-jazzy-learning/install/my_first_pkg:/home/shubham/ros2-jazzy-learning/install/my_robot_description:/home/shubham/ros2-jazzy-learning/install/my_robot_control:/home/shubham/ros2-jazzy-learning/install/my_robot_bringup:/home/shubham/ros2-jazzy-learning/install/motion_safety_stack:/home/shubham/ros2-jazzy-learning/install/lifecycle_demo:/opt/ros/jazzy DEBUGINFOD_URLS=https://debuginfod.ubuntu.com /usr/bin/cmake --install /home/shubham/robot_arm_ws/build/robot_description
[1.413s] Level 1:colcon.colcon_core.environment:create_environment_scripts_only(robot_bringup)
[1.414s] DEBUG:colcon.colcon_core.event_handler.log_command:Invoked command in '/home/shubham/robot_arm_ws/build/robot_bringup' returned '0': CMAKE_PREFIX_PATH=${CMAKE_PREFIX_PATH}:/home/shubham/ros2-jazzy-learning/install/tf2_demo:/home/shubham/ros2-jazzy-learning/install/ros2_advanced:/home/shubham/ros2-jazzy-learning/install/robot_manager:/home/shubham/ros2-jazzy-learning/install/robot_bringup:/home/shubham/ros2-jazzy-learning/install/parameter_demo:/home/shubham/ros2-jazzy-learning/install/namespace_demo:/home/shubham/ros2-jazzy-learning/install/my_first_pkg:/home/shubham/ros2-jazzy-learning/install/my_robot_description:/home/shubham/ros2-jazzy-learning/install/my_robot_control:/home/shubham/ros2-jazzy-learning/install/my_robot_bringup:/home/shubham/ros2-jazzy-learning/install/motion_safety_stack:/home/shubham/ros2-jazzy-learning/install/lifecycle_demo:/opt/ros/jazzy DEBUGINFOD_URLS=https://debuginfod.ubuntu.com /usr/bin/cmake --install /home/shubham/robot_arm_ws/build/robot_bringup
[1.419s] Level 1:colcon.colcon_core.environment:checking '/home/shubham/robot_arm_ws/install/robot_bringup' for CMake module files
[1.421s] Level 1:colcon.colcon_core.environment:checking '/home/shubham/robot_arm_ws/install/robot_bringup' for CMake config files
[1.421s] Level 1:colcon.colcon_core.shell:create_environment_hook('robot_bringup', 'cmake_prefix_path')
[1.422s] INFO:colcon.colcon_core.shell:Creating environment hook '/home/shubham/robot_arm_ws/install/robot_bringup/share/robot_bringup/hook/cmake_prefix_path.ps1'
[1.425s] INFO:colcon.colcon_core.shell:Creating environment descriptor '/home/shubham/robot_arm_ws/install/robot_bringup/share/robot_bringup/hook/cmake_prefix_path.dsv'
[1.429s] INFO:colcon.colcon_core.shell:Creating environment hook '/home/shubham/robot_arm_ws/install/robot_bringup/share/robot_bringup/hook/cmake_prefix_path.sh'
[1.432s] Level 1:colcon.colcon_core.environment:checking '/home/shubham/robot_arm_ws/install/robot_bringup/bin'
[1.433s] Level 1:colcon.colcon_core.environment:checking '/home/shubham/robot_arm_ws/install/robot_bringup/lib/pkgconfig/robot_bringup.pc'
[1.435s] Level 1:colcon.colcon_core.environment:checking '/home/shubham/robot_arm_ws/install/robot_bringup/lib/python3.12/site-packages'
[1.436s] Level 1:colcon.colcon_core.environment:checking '/home/shubham/robot_arm_ws/install/robot_bringup/bin'
[1.437s] INFO:colcon.colcon_core.shell:Creating package script '/home/shubham/robot_arm_ws/install/robot_bringup/share/robot_bringup/package.ps1'
[1.442s] INFO:colcon.colcon_core.shell:Creating package descriptor '/home/shubham/robot_arm_ws/install/robot_bringup/share/robot_bringup/package.dsv'
[1.444s] INFO:colcon.colcon_core.shell:Creating package script '/home/shubham/robot_arm_ws/install/robot_bringup/share/robot_bringup/package.sh'
[1.446s] INFO:colcon.colcon_core.shell:Creating package script '/home/shubham/robot_arm_ws/install/robot_bringup/share/robot_bringup/package.bash'
[1.450s] INFO:colcon.colcon_core.shell:Creating package script '/home/shubham/robot_arm_ws/install/robot_bringup/share/robot_bringup/package.zsh'
[1.454s] Level 1:colcon.colcon_core.environment:create_file_with_runtime_dependencies(/home/shubham/robot_arm_ws/install/robot_bringup/share/colcon-core/packages/robot_bringup)
[1.456s] Level 1:colcon.colcon_core.environment:create_environment_scripts_only(robot_bringup)
[1.457s] Level 1:colcon.colcon_core.environment:checking '/home/shubham/robot_arm_ws/install/robot_bringup' for CMake module files
[1.459s] Level 1:colcon.colcon_core.environment:checking '/home/shubham/robot_arm_ws/install/robot_bringup' for CMake config files
[1.462s] Level 1:colcon.colcon_core.shell:create_environment_hook('robot_bringup', 'cmake_prefix_path')
[1.462s] INFO:colcon.colcon_core.shell:Creating environment hook '/home/shubham/robot_arm_ws/install/robot_bringup/share/robot_bringup/hook/cmake_prefix_path.ps1'
[1.463s] INFO:colcon.colcon_core.shell:Creating environment descriptor '/home/shubham/robot_arm_ws/install/robot_bringup/share/robot_bringup/hook/cmake_prefix_path.dsv'
[1.464s] INFO:colcon.colcon_core.shell:Creating environment hook '/home/shubham/robot_arm_ws/install/robot_bringup/share/robot_bringup/hook/cmake_prefix_path.sh'
[1.465s] Level 1:colcon.colcon_core.environment:checking '/home/shubham/robot_arm_ws/install/robot_bringup/bin'
[1.466s] Level 1:colcon.colcon_core.environment:checking '/home/shubham/robot_arm_ws/install/robot_bringup/lib/pkgconfig/robot_bringup.pc'
[1.466s] Level 1:colcon.colcon_core.environment:checking '/home/shubham/robot_arm_ws/install/robot_bringup/lib/python3.12/site-packages'
[1.467s] Level 1:colcon.colcon_core.environment:checking '/home/shubham/robot_arm_ws/install/robot_bringup/bin'
[1.467s] INFO:colcon.colcon_core.shell:Creating package script '/home/shubham/robot_arm_ws/install/robot_bringup/share/robot_bringup/package.ps1'
[1.468s] INFO:colcon.colcon_core.shell:Creating package descriptor '/home/shubham/robot_arm_ws/install/robot_bringup/share/robot_bringup/package.dsv'
[1.469s] INFO:colcon.colcon_core.shell:Creating package script '/home/shubham/robot_arm_ws/install/robot_bringup/share/robot_bringup/package.sh'
[1.470s] INFO:colcon.colcon_core.shell:Creating package script '/home/shubham/robot_arm_ws/install/robot_bringup/share/robot_bringup/package.bash'
[1.470s] INFO:colcon.colcon_core.shell:Creating package script '/home/shubham/robot_arm_ws/install/robot_bringup/share/robot_bringup/package.zsh'
[1.471s] Level 1:colcon.colcon_core.environment:create_file_with_runtime_dependencies(/home/shubham/robot_arm_ws/install/robot_bringup/share/colcon-core/packages/robot_bringup)
[1.474s] Level 1:colcon.colcon_core.environment:create_environment_scripts_only(robot_interfaces)
[1.475s] Level 1:colcon.colcon_core.environment:checking '/home/shubham/robot_arm_ws/install/robot_interfaces' for CMake module files
[1.475s] DEBUG:colcon.colcon_core.event_handler.log_command:Invoked command in '/home/shubham/robot_arm_ws/build/robot_interfaces' returned '0': CMAKE_PREFIX_PATH=${CMAKE_PREFIX_PATH}:/home/shubham/ros2-jazzy-learning/install/tf2_demo:/home/shubham/ros2-jazzy-learning/install/ros2_advanced:/home/shubham/ros2-jazzy-learning/install/robot_manager:/home/shubham/ros2-jazzy-learning/install/robot_bringup:/home/shubham/ros2-jazzy-learning/install/parameter_demo:/home/shubham/ros2-jazzy-learning/install/namespace_demo:/home/shubham/ros2-jazzy-learning/install/my_first_pkg:/home/shubham/ros2-jazzy-learning/install/my_robot_description:/home/shubham/ros2-jazzy-learning/install/my_robot_control:/home/shubham/ros2-jazzy-learning/install/my_robot_bringup:/home/shubham/ros2-jazzy-learning/install/motion_safety_stack:/home/shubham/ros2-jazzy-learning/install/lifecycle_demo:/opt/ros/jazzy DEBUGINFOD_URLS=https://debuginfod.ubuntu.com /usr/bin/cmake --install /home/shubham/robot_arm_ws/build/robot_interfaces
[1.476s] Level 1:colcon.colcon_core.environment:checking '/home/shubham/robot_arm_ws/install/robot_interfaces' for CMake config files
[1.477s] Level 1:colcon.colcon_core.shell:create_environment_hook('robot_interfaces', 'cmake_prefix_path')
[1.477s] INFO:colcon.colcon_core.shell:Creating environment hook '/home/shubham/robot_arm_ws/install/robot_interfaces/share/robot_interfaces/hook/cmake_prefix_path.ps1'
[1.478s] INFO:colcon.colcon_core.shell:Creating environment descriptor '/home/shubham/robot_arm_ws/install/robot_interfaces/share/robot_interfaces/hook/cmake_prefix_path.dsv'
[1.479s] INFO:colcon.colcon_core.shell:Creating environment hook '/home/shubham/robot_arm_ws/install/robot_interfaces/share/robot_interfaces/hook/cmake_prefix_path.sh'
[1.480s] Level 1:colcon.colcon_core.environment:checking '/home/shubham/robot_arm_ws/install/robot_interfaces/bin'
[1.480s] Level 1:colcon.colcon_core.environment:checking '/home/shubham/robot_arm_ws/install/robot_interfaces/lib/pkgconfig/robot_interfaces.pc'
[1.481s] Level 1:colcon.colcon_core.environment:checking '/home/shubham/robot_arm_ws/install/robot_interfaces/lib/python3.12/site-packages'
[1.482s] Level 1:colcon.colcon_core.environment:checking '/home/shubham/robot_arm_ws/install/robot_interfaces/bin'
[1.483s] INFO:colcon.colcon_core.shell:Creating package script '/home/shubham/robot_arm_ws/install/robot_interfaces/share/robot_interfaces/package.ps1'
[1.484s] INFO:colcon.colcon_core.shell:Creating package descriptor '/home/shubham/robot_arm_ws/install/robot_interfaces/share/robot_interfaces/package.dsv'
[1.485s] INFO:colcon.colcon_core.shell:Creating package script '/home/shubham/robot_arm_ws/install/robot_interfaces/share/robot_interfaces/package.sh'
[1.486s] INFO:colcon.colcon_core.shell:Creating package script '/home/shubham/robot_arm_ws/install/robot_interfaces/share/robot_interfaces/package.bash'
[1.487s] INFO:colcon.colcon_core.shell:Creating package script '/home/shubham/robot_arm_ws/install/robot_interfaces/share/robot_interfaces/package.zsh'
[1.488s] Level 1:colcon.colcon_core.environment:create_file_with_runtime_dependencies(/home/shubham/robot_arm_ws/install/robot_interfaces/share/colcon-core/packages/robot_interfaces)
[1.489s] Level 1:colcon.colcon_core.environment:create_environment_scripts_only(robot_interfaces)
[1.489s] Level 1:colcon.colcon_core.environment:checking '/home/shubham/robot_arm_ws/install/robot_interfaces' for CMake module files
[1.490s] Level 1:colcon.colcon_core.environment:checking '/home/shubham/robot_arm_ws/install/robot_interfaces' for CMake config files
[1.490s] Level 1:colcon.colcon_core.shell:create_environment_hook('robot_interfaces', 'cmake_prefix_path')
[1.491s] INFO:colcon.colcon_core.shell:Creating environment hook '/home/shubham/robot_arm_ws/install/robot_interfaces/share/robot_interfaces/hook/cmake_prefix_path.ps1'
[1.492s] INFO:colcon.colcon_core.shell:Creating environment descriptor '/home/shubham/robot_arm_ws/install/robot_interfaces/share/robot_interfaces/hook/cmake_prefix_path.dsv'
[1.492s] INFO:colcon.colcon_core.shell:Creating environment hook '/home/shubham/robot_arm_ws/install/robot_interfaces/share/robot_interfaces/hook/cmake_prefix_path.sh'
[1.494s] Level 1:colcon.colcon_core.environment:checking '/home/shubham/robot_arm_ws/install/robot_interfaces/bin'
[1.494s] Level 1:colcon.colcon_core.environment:checking '/home/shubham/robot_arm_ws/install/robot_interfaces/lib/pkgconfig/robot_interfaces.pc'
[1.494s] Level 1:colcon.colcon_core.environment:checking '/home/shubham/robot_arm_ws/install/robot_interfaces/lib/python3.12/site-packages'
[1.496s] Level 1:colcon.colcon_core.environment:checking '/home/shubham/robot_arm_ws/install/robot_interfaces/bin'
[1.496s] INFO:colcon.colcon_core.shell:Creating package script '/home/shubham/robot_arm_ws/install/robot_interfaces/share/robot_interfaces/package.ps1'
[1.497s] INFO:colcon.colcon_core.shell:Creating package descriptor '/home/shubham/robot_arm_ws/install/robot_interfaces/share/robot_interfaces/package.dsv'
[1.499s] INFO:colcon.colcon_core.shell:Creating package script '/home/shubham/robot_arm_ws/install/robot_interfaces/share/robot_interfaces/package.sh'
[1.500s] INFO:colcon.colcon_core.shell:Creating package script '/home/shubham/robot_arm_ws/install/robot_interfaces/share/robot_interfaces/package.bash'
[1.501s] INFO:colcon.colcon_core.shell:Creating package script '/home/shubham/robot_arm_ws/install/robot_interfaces/share/robot_interfaces/package.zsh'
[1.502s] Level 1:colcon.colcon_core.environment:create_file_with_runtime_dependencies(/home/shubham/robot_arm_ws/install/robot_interfaces/share/colcon-core/packages/robot_interfaces)
[1.503s] Level 1:colcon.colcon_core.environment:create_environment_scripts_only(robot_description)
[1.504s] Level 1:colcon.colcon_core.environment:checking '/home/shubham/robot_arm_ws/install/robot_description' for CMake module files
[1.506s] Level 1:colcon.colcon_core.environment:checking '/home/shubham/robot_arm_ws/install/robot_description' for CMake config files
[1.507s] DEBUG:colcon.colcon_core.event_handler.log_command:Invoked command in '/home/shubham/robot_arm_ws/build/robot_description' returned '0': CMAKE_PREFIX_PATH=${CMAKE_PREFIX_PATH}:/home/shubham/ros2-jazzy-learning/install/tf2_demo:/home/shubham/ros2-jazzy-learning/install/ros2_advanced:/home/shubham/ros2-jazzy-learning/install/robot_manager:/home/shubham/ros2-jazzy-learning/install/robot_bringup:/home/shubham/ros2-jazzy-learning/install/parameter_demo:/home/shubham/ros2-jazzy-learning/install/namespace_demo:/home/shubham/ros2-jazzy-learning/install/my_first_pkg:/home/shubham/ros2-jazzy-learning/install/my_robot_description:/home/shubham/ros2-jazzy-learning/install/my_robot_control:/home/shubham/ros2-jazzy-learning/install/my_robot_bringup:/home/shubham/ros2-jazzy-learning/install/motion_safety_stack:/home/shubham/ros2-jazzy-learning/install/lifecycle_demo:/opt/ros/jazzy DEBUGINFOD_URLS=https://debuginfod.ubuntu.com /usr/bin/cmake --install /home/shubham/robot_arm_ws/build/robot_description
[1.508s] Level 1:colcon.colcon_core.shell:create_environment_hook('robot_description', 'cmake_prefix_path')
[1.508s] INFO:colcon.colcon_core.shell:Creating environment hook '/home/shubham/robot_arm_ws/install/robot_description/share/robot_description/hook/cmake_prefix_path.ps1'
[1.509s] INFO:colcon.colcon_core.shell:Creating environment descriptor '/home/shubham/robot_arm_ws/install/robot_description/share/robot_description/hook/cmake_prefix_path.dsv'
[1.510s] INFO:colcon.colcon_core.shell:Creating environment hook '/home/shubham/robot_arm_ws/install/robot_description/share/robot_description/hook/cmake_prefix_path.sh'
[1.511s] Level 1:colcon.colcon_core.environment:checking '/home/shubham/robot_arm_ws/install/robot_description/bin'
[1.511s] Level 1:colcon.colcon_core.environment:checking '/home/shubham/robot_arm_ws/install/robot_description/lib/pkgconfig/robot_description.pc'
[1.512s] Level 1:colcon.colcon_core.environment:checking '/home/shubham/robot_arm_ws/install/robot_description/lib/python3.12/site-packages'
[1.513s] Level 1:colcon.colcon_core.environment:checking '/home/shubham/robot_arm_ws/install/robot_description/bin'
[1.514s] INFO:colcon.colcon_core.shell:Creating package script '/home/shubham/robot_arm_ws/install/robot_description/share/robot_description/package.ps1'
[1.516s] INFO:colcon.colcon_core.shell:Creating package descriptor '/home/shubham/robot_arm_ws/install/robot_description/share/robot_description/package.dsv'
[1.517s] INFO:colcon.colcon_core.shell:Creating package script '/home/shubham/robot_arm_ws/install/robot_description/share/robot_description/package.sh'
[1.519s] INFO:colcon.colcon_core.shell:Creating package script '/home/shubham/robot_arm_ws/install/robot_description/share/robot_description/package.bash'
[1.520s] INFO:colcon.colcon_core.shell:Creating package script '/home/shubham/robot_arm_ws/install/robot_description/share/robot_description/package.zsh'
[1.521s] Level 1:colcon.colcon_core.environment:create_file_with_runtime_dependencies(/home/shubham/robot_arm_ws/install/robot_description/share/colcon-core/packages/robot_description)
[1.522s] Level 1:colcon.colcon_core.environment:create_environment_scripts_only(robot_description)
[1.523s] Level 1:colcon.colcon_core.environment:checking '/home/shubham/robot_arm_ws/install/robot_description' for CMake module files
[1.524s] Level 1:colcon.colcon_core.environment:checking '/home/shubham/robot_arm_ws/install/robot_description' for CMake config files
[1.524s] Level 1:colcon.colcon_core.shell:create_environment_hook('robot_description', 'cmake_prefix_path')
[1.525s] INFO:colcon.colcon_core.shell:Creating environment hook '/home/shubham/robot_arm_ws/install/robot_description/share/robot_description/hook/cmake_prefix_path.ps1'
[1.526s] INFO:colcon.colcon_core.shell:Creating environment descriptor '/home/shubham/robot_arm_ws/install/robot_description/share/robot_description/hook/cmake_prefix_path.dsv'
[1.527s] INFO:colcon.colcon_core.shell:Creating environment hook '/home/shubham/robot_arm_ws/install/robot_description/share/robot_description/hook/cmake_prefix_path.sh'
[1.528s] Level 1:colcon.colcon_core.environment:checking '/home/shubham/robot_arm_ws/install/robot_description/bin'
[1.528s] Level 1:colcon.colcon_core.environment:checking '/home/shubham/robot_arm_ws/install/robot_description/lib/pkgconfig/robot_description.pc'
[1.528s] Level 1:colcon.colcon_core.environment:checking '/home/shubham/robot_arm_ws/install/robot_description/lib/python3.12/site-packages'
[1.529s] Level 1:colcon.colcon_core.environment:checking '/home/shubham/robot_arm_ws/install/robot_description/bin'
[1.530s] INFO:colcon.colcon_core.shell:Creating package script '/home/shubham/robot_arm_ws/install/robot_description/share/robot_description/package.ps1'
[1.531s] INFO:colcon.colcon_core.shell:Creating package descriptor '/home/shubham/robot_arm_ws/install/robot_description/share/robot_description/package.dsv'
[1.532s] INFO:colcon.colcon_core.shell:Creating package script '/home/shubham/robot_arm_ws/install/robot_description/share/robot_description/package.sh'
[1.533s] INFO:colcon.colcon_core.shell:Creating package script '/home/shubham/robot_arm_ws/install/robot_description/share/robot_description/package.bash'
[1.534s] INFO:colcon.colcon_core.shell:Creating package script '/home/shubham/robot_arm_ws/install/robot_description/share/robot_description/package.zsh'
[1.535s] Level 1:colcon.colcon_core.environment:create_file_with_runtime_dependencies(/home/shubham/robot_arm_ws/install/robot_description/share/colcon-core/packages/robot_description)
[2.624s] DEBUG:colcon.colcon_core.task.python.build:Available setuptools commands: upload, upload_docs, build_py, setopt, compile_catalog, egg_info, build_ext, test, easy_install, symlink_data, clean, saveopts, bdist_wheel, editable_wheel, update_catalog, check, build_scripts, extract_messages, bdist_egg, init_catalog, bdist, install_scripts, build, build_clib, sdist, install_headers, rotate, install_lib, install_egg_info, bdist_rpm, alias, bdist_dumb, dist_info, install_data, install, register, develop
[2.632s] DEBUG:colcon.colcon_core.event_handler.log_command:Invoking command in '/home/shubham/robot_arm_ws/src/robot_utils': DEBUGINFOD_URLS=https://debuginfod.ubuntu.com PYTHONPATH=/home/shubham/robot_arm_ws/build/robot_utils/prefix_override:/usr/lib/python3/dist-packages/colcon_core/task/python/colcon_distutils_commands:/home/shubham/robot_arm_ws/install/robot_utils/lib/python3.12/site-packages:${PYTHONPATH} /usr/bin/python3 -W ignore:setup.py install is deprecated -W ignore:easy_install command is deprecated setup.py egg_info --egg-base ../../build/robot_utils build --build-base /home/shubham/robot_arm_ws/build/robot_utils/build install --record /home/shubham/robot_arm_ws/build/robot_utils/install.log --install-scripts $base/lib/robot_utils --single-version-externally-managed install_data
[2.697s] DEBUG:colcon.colcon_core.task.python.build:Available setuptools commands: upload, upload_docs, build_py, setopt, compile_catalog, egg_info, build_ext, test, easy_install, symlink_data, clean, saveopts, bdist_wheel, editable_wheel, update_catalog, check, build_scripts, extract_messages, bdist_egg, init_catalog, bdist, install_scripts, build, build_clib, sdist, install_headers, rotate, install_lib, install_egg_info, bdist_rpm, alias, bdist_dumb, dist_info, install_data, install, register, develop
[2.701s] DEBUG:colcon.colcon_core.event_handler.log_command:Invoking command in '/home/shubham/robot_arm_ws/src/robot_control': DEBUGINFOD_URLS=https://debuginfod.ubuntu.com PYTHONPATH=/home/shubham/robot_arm_ws/build/robot_control/prefix_override:/usr/lib/python3/dist-packages/colcon_core/task/python/colcon_distutils_commands:/home/shubham/robot_arm_ws/install/robot_control/lib/python3.12/site-packages:${PYTHONPATH} /usr/bin/python3 -W ignore:setup.py install is deprecated -W ignore:easy_install command is deprecated setup.py egg_info --egg-base ../../build/robot_control build --build-base /home/shubham/robot_arm_ws/build/robot_control/build install --record /home/shubham/robot_arm_ws/build/robot_control/install.log --install-scripts $base/lib/robot_control --single-version-externally-managed install_data
[3.714s] Level 1:colcon.colcon_core.environment:checking '/home/shubham/robot_arm_ws/install/robot_utils' for CMake module files
[3.715s] DEBUG:colcon.colcon_core.event_handler.log_command:Invoked command in '/home/shubham/robot_arm_ws/src/robot_utils' returned '0': DEBUGINFOD_URLS=https://debuginfod.ubuntu.com PYTHONPATH=/home/shubham/robot_arm_ws/build/robot_utils/prefix_override:/usr/lib/python3/dist-packages/colcon_core/task/python/colcon_distutils_commands:/home/shubham/robot_arm_ws/install/robot_utils/lib/python3.12/site-packages:${PYTHONPATH} /usr/bin/python3 -W ignore:setup.py install is deprecated -W ignore:easy_install command is deprecated setup.py egg_info --egg-base ../../build/robot_utils build --build-base /home/shubham/robot_arm_ws/build/robot_utils/build install --record /home/shubham/robot_arm_ws/build/robot_utils/install.log --install-scripts $base/lib/robot_utils --single-version-externally-managed install_data
[3.716s] Level 1:colcon.colcon_core.environment:checking '/home/shubham/robot_arm_ws/install/robot_utils' for CMake config files
[3.718s] Level 1:colcon.colcon_core.environment:checking '/home/shubham/robot_arm_ws/install/robot_utils/lib'
[3.718s] Level 1:colcon.colcon_core.environment:checking '/home/shubham/robot_arm_ws/install/robot_utils/bin'
[3.718s] Level 1:colcon.colcon_core.environment:checking '/home/shubham/robot_arm_ws/install/robot_utils/lib/pkgconfig/robot_utils.pc'
[3.719s] Level 1:colcon.colcon_core.environment:checking '/home/shubham/robot_arm_ws/install/robot_utils/lib/python3.12/site-packages'
[3.719s] Level 1:colcon.colcon_core.shell:create_environment_hook('robot_utils', 'pythonpath')
[3.719s] INFO:colcon.colcon_core.shell:Creating environment hook '/home/shubham/robot_arm_ws/install/robot_utils/share/robot_utils/hook/pythonpath.ps1'
[3.721s] INFO:colcon.colcon_core.shell:Creating environment descriptor '/home/shubham/robot_arm_ws/install/robot_utils/share/robot_utils/hook/pythonpath.dsv'
[3.722s] INFO:colcon.colcon_core.shell:Creating environment hook '/home/shubham/robot_arm_ws/install/robot_utils/share/robot_utils/hook/pythonpath.sh'
[3.723s] Level 1:colcon.colcon_core.environment:checking '/home/shubham/robot_arm_ws/install/robot_utils/bin'
[3.724s] Level 1:colcon.colcon_core.environment:create_environment_scripts_only(robot_utils)
[3.724s] INFO:colcon.colcon_core.shell:Creating package script '/home/shubham/robot_arm_ws/install/robot_utils/share/robot_utils/package.ps1'
[3.726s] INFO:colcon.colcon_core.shell:Creating package descriptor '/home/shubham/robot_arm_ws/install/robot_utils/share/robot_utils/package.dsv'
[3.727s] INFO:colcon.colcon_core.shell:Creating package script '/home/shubham/robot_arm_ws/install/robot_utils/share/robot_utils/package.sh'
[3.729s] INFO:colcon.colcon_core.shell:Creating package script '/home/shubham/robot_arm_ws/install/robot_utils/share/robot_utils/package.bash'
[3.730s] INFO:colcon.colcon_core.shell:Creating package script '/home/shubham/robot_arm_ws/install/robot_utils/share/robot_utils/package.zsh'
[3.731s] Level 1:colcon.colcon_core.environment:create_file_with_runtime_dependencies(/home/shubham/robot_arm_ws/install/robot_utils/share/colcon-core/packages/robot_utils)
[3.789s] Level 1:colcon.colcon_core.environment:checking '/home/shubham/robot_arm_ws/install/robot_control' for CMake module files
[3.791s] DEBUG:colcon.colcon_core.event_handler.log_command:Invoked command in '/home/shubham/robot_arm_ws/src/robot_control' returned '0': DEBUGINFOD_URLS=https://debuginfod.ubuntu.com PYTHONPATH=/home/shubham/robot_arm_ws/build/robot_control/prefix_override:/usr/lib/python3/dist-packages/colcon_core/task/python/colcon_distutils_commands:/home/shubham/robot_arm_ws/install/robot_control/lib/python3.12/site-packages:${PYTHONPATH} /usr/bin/python3 -W ignore:setup.py install is deprecated -W ignore:easy_install command is deprecated setup.py egg_info --egg-base ../../build/robot_control build --build-base /home/shubham/robot_arm_ws/build/robot_control/build install --record /home/shubham/robot_arm_ws/build/robot_control/install.log --install-scripts $base/lib/robot_control --single-version-externally-managed install_data
[3.792s] Level 1:colcon.colcon_core.environment:checking '/home/shubham/robot_arm_ws/install/robot_control' for CMake config files
[3.793s] Level 1:colcon.colcon_core.environment:checking '/home/shubham/robot_arm_ws/install/robot_control/lib'
[3.793s] Level 1:colcon.colcon_core.environment:checking '/home/shubham/robot_arm_ws/install/robot_control/bin'
[3.793s] Level 1:colcon.colcon_core.environment:checking '/home/shubham/robot_arm_ws/install/robot_control/lib/pkgconfig/robot_control.pc'
[3.794s] Level 1:colcon.colcon_core.environment:checking '/home/shubham/robot_arm_ws/install/robot_control/lib/python3.12/site-packages'
[3.794s] Level 1:colcon.colcon_core.shell:create_environment_hook('robot_control', 'pythonpath')
[3.794s] INFO:colcon.colcon_core.shell:Creating environment hook '/home/shubham/robot_arm_ws/install/robot_control/share/robot_control/hook/pythonpath.ps1'
[3.795s] INFO:colcon.colcon_core.shell:Creating environment descriptor '/home/shubham/robot_arm_ws/install/robot_control/share/robot_control/hook/pythonpath.dsv'
[3.796s] INFO:colcon.colcon_core.shell:Creating environment hook '/home/shubham/robot_arm_ws/install/robot_control/share/robot_control/hook/pythonpath.sh'
[3.798s] Level 1:colcon.colcon_core.environment:checking '/home/shubham/robot_arm_ws/install/robot_control/bin'
[3.798s] Level 1:colcon.colcon_core.environment:create_environment_scripts_only(robot_control)
[3.799s] INFO:colcon.colcon_core.shell:Creating package script '/home/shubham/robot_arm_ws/install/robot_control/share/robot_control/package.ps1'
[3.801s] INFO:colcon.colcon_core.shell:Creating package descriptor '/home/shubham/robot_arm_ws/install/robot_control/share/robot_control/package.dsv'
[3.803s] INFO:colcon.colcon_core.shell:Creating package script '/home/shubham/robot_arm_ws/install/robot_control/share/robot_control/package.sh'
[3.804s] INFO:colcon.colcon_core.shell:Creating package script '/home/shubham/robot_arm_ws/install/robot_control/share/robot_control/package.bash'
[3.805s] INFO:colcon.colcon_core.shell:Creating package script '/home/shubham/robot_arm_ws/install/robot_control/share/robot_control/package.zsh'
[3.806s] Level 1:colcon.colcon_core.environment:create_file_with_runtime_dependencies(/home/shubham/robot_arm_ws/install/robot_control/share/colcon-core/packages/robot_control)
[3.806s] DEBUG:colcon.colcon_parallel_executor.executor.parallel:closing loop
[3.808s] DEBUG:colcon.colcon_parallel_executor.executor.parallel:loop closed
[3.808s] DEBUG:colcon.colcon_parallel_executor.executor.parallel:run_until_complete finished with '0'
[3.809s] DEBUG:colcon.colcon_core.event_reactor:joining thread
[3.827s] INFO:colcon.colcon_core.plugin_system:Skipping extension 'colcon_notification.desktop_notification.terminal_notifier': Not used on non-Darwin systems
[3.827s] INFO:colcon.colcon_core.plugin_system:Skipping extension 'colcon_notification.desktop_notification.win32': Not used on non-Windows systems
[3.827s] INFO:colcon.colcon_notification.desktop_notification:Sending desktop notification using 'notify2'
[3.853s] DEBUG:colcon.colcon_core.event_reactor:joined thread
[3.854s] INFO:colcon.colcon_core.shell:Creating prefix script '/home/shubham/robot_arm_ws/install/local_setup.ps1'
[3.855s] INFO:colcon.colcon_core.shell:Creating prefix util module '/home/shubham/robot_arm_ws/install/_local_setup_util_ps1.py'
[3.858s] INFO:colcon.colcon_core.shell:Creating prefix chain script '/home/shubham/robot_arm_ws/install/setup.ps1'
[3.860s] INFO:colcon.colcon_core.shell:Creating prefix script '/home/shubham/robot_arm_ws/install/local_setup.sh'
[3.861s] INFO:colcon.colcon_core.shell:Creating prefix util module '/home/shubham/robot_arm_ws/install/_local_setup_util_sh.py'
[3.862s] INFO:colcon.colcon_core.shell:Creating prefix chain script '/home/shubham/robot_arm_ws/install/setup.sh'
[3.866s] INFO:colcon.colcon_core.shell:Creating prefix script '/home/shubham/robot_arm_ws/install/local_setup.bash'
[3.867s] INFO:colcon.colcon_core.shell:Creating prefix chain script '/home/shubham/robot_arm_ws/install/setup.bash'
[3.870s] INFO:colcon.colcon_core.shell:Creating prefix script '/home/shubham/robot_arm_ws/install/local_setup.zsh'
[3.871s] INFO:colcon.colcon_core.shell:Creating prefix chain script '/home/shubham/robot_arm_ws/install/setup.zsh'
