[0.079s] DEBUG:colcon:Command line arguments: ['/usr/bin/colcon', 'build']
[0.079s] DEBUG:colcon:Parsed command line arguments: Namespace(log_base=None, log_level=None, verb_name='build', build_base='build', install_base='install', merge_install=False, symlink_install=False, test_result_base=None, continue_on_error=False, executor='parallel', parallel_workers=8, event_handlers=None, ignore_user_meta=False, metas=['./colcon.meta'], base_paths=['.'], packages_ignore=None, packages_ignore_regex=None, paths=None, packages_up_to=None, packages_up_to_regex=None, packages_above=None, packages_above_and_dependencies=None, packages_above_depth=None, packages_select_by_dep=None, packages_skip_by_dep=None, packages_skip_up_to=None, packages_select_build_failed=False, packages_skip_build_finished=False, packages_select_test_failures=False, packages_skip_test_passed=False, packages_select=None, packages_skip=None, packages_select_regex=None, packages_skip_regex=None, packages_start=None, packages_end=None, allow_overriding=[], cmake_args=None, cmake_target=None, cmake_target_skip_unavailable=False, cmake_clean_cache=False, cmake_clean_first=False, cmake_force_configure=False, ament_cmake_args=None, catkin_cmake_args=None, catkin_skip_building_tests=False, mixin_files=None, mixin=None, verb_parser=<colcon_mixin.mixin.mixin_argument.MixinArgumentDecorator object at 0x7868ff7dd040>, verb_extension=<colcon_core.verb.build.BuildVerb object at 0x7868ff701c10>, main=<bound method BuildVerb.main of <colcon_core.verb.build.BuildVerb object at 0x7868ff701c10>>, mixin_verb=('build',))
[0.109s] Level 1:colcon.colcon_core.package_discovery:discover_packages(colcon_meta) check parameters
[0.109s] Level 1:colcon.colcon_core.package_discovery:discover_packages(recursive) check parameters
[0.109s] Level 1:colcon.colcon_core.package_discovery:discover_packages(ignore) check parameters
[0.109s] Level 1:colcon.colcon_core.package_discovery:discover_packages(path) check parameters
[0.110s] Level 1:colcon.colcon_core.package_discovery:discover_packages(colcon_meta) discover
[0.110s] Level 1:colcon.colcon_core.package_discovery:discover_packages(recursive) discover
[0.110s] INFO:colcon.colcon_core.package_discovery:Crawling recursively for packages in '/home/shubham/robot_arm_ws'
[0.110s] Level 1:colcon.colcon_core.package_identification:_identify(.) by extensions ['ignore', 'ignore_ament_install']
[0.110s] Level 1:colcon.colcon_core.package_identification:_identify(.) by extension 'ignore'
[0.110s] Level 1:colcon.colcon_core.package_identification:_identify(.) by extension 'ignore_ament_install'
[0.110s] Level 1:colcon.colcon_core.package_identification:_identify(.) by extensions ['colcon_pkg']
[0.110s] Level 1:colcon.colcon_core.package_identification:_identify(.) by extension 'colcon_pkg'
[0.110s] Level 1:colcon.colcon_core.package_identification:_identify(.) by extensions ['colcon_meta']
[0.110s] Level 1:colcon.colcon_core.package_identification:_identify(.) by extension 'colcon_meta'
[0.110s] Level 1:colcon.colcon_core.package_identification:_identify(.) by extensions ['ros']
[0.110s] Level 1:colcon.colcon_core.package_identification:_identify(.) by extension 'ros'
[0.129s] Level 1:colcon.colcon_core.package_identification:_identify(.) by extensions ['cmake', 'python']
[0.129s] Level 1:colcon.colcon_core.package_identification:_identify(.) by extension 'cmake'
[0.129s] Level 1:colcon.colcon_core.package_identification:_identify(.) by extension 'python'
[0.129s] Level 1:colcon.colcon_core.package_identification:_identify(.) by extensions ['python_setup_py']
[0.129s] Level 1:colcon.colcon_core.package_identification:_identify(.) by extension 'python_setup_py'
[0.129s] Level 1:colcon.colcon_core.package_identification:_identify(build) by extensions ['ignore', 'ignore_ament_install']
[0.129s] Level 1:colcon.colcon_core.package_identification:_identify(build) by extension 'ignore'
[0.129s] Level 1:colcon.colcon_core.package_identification:_identify(build) ignored
[0.130s] Level 1:colcon.colcon_core.package_identification:_identify(config) by extensions ['ignore', 'ignore_ament_install']
[0.130s] Level 1:colcon.colcon_core.package_identification:_identify(config) by extension 'ignore'
[0.130s] Level 1:colcon.colcon_core.package_identification:_identify(config) by extension 'ignore_ament_install'
[0.130s] Level 1:colcon.colcon_core.package_identification:_identify(config) by extensions ['colcon_pkg']
[0.130s] Level 1:colcon.colcon_core.package_identification:_identify(config) by extension 'colcon_pkg'
[0.130s] Level 1:colcon.colcon_core.package_identification:_identify(config) by extensions ['colcon_meta']
[0.130s] Level 1:colcon.colcon_core.package_identification:_identify(config) by extension 'colcon_meta'
[0.130s] Level 1:colcon.colcon_core.package_identification:_identify(config) by extensions ['ros']
[0.130s] Level 1:colcon.colcon_core.package_identification:_identify(config) by extension 'ros'
[0.130s] Level 1:colcon.colcon_core.package_identification:_identify(config) by extensions ['cmake', 'python']
[0.130s] Level 1:colcon.colcon_core.package_identification:_identify(config) by extension 'cmake'
[0.130s] Level 1:colcon.colcon_core.package_identification:_identify(config) by extension 'python'
[0.130s] Level 1:colcon.colcon_core.package_identification:_identify(config) by extensions ['python_setup_py']
[0.130s] Level 1:colcon.colcon_core.package_identification:_identify(config) by extension 'python_setup_py'
[0.130s] Level 1:colcon.colcon_core.package_identification:_identify(docs) by extensions ['ignore', 'ignore_ament_install']
[0.130s] Level 1:colcon.colcon_core.package_identification:_identify(docs) by extension 'ignore'
[0.130s] Level 1:colcon.colcon_core.package_identification:_identify(docs) by extension 'ignore_ament_install'
[0.130s] Level 1:colcon.colcon_core.package_identification:_identify(docs) by extensions ['colcon_pkg']
[0.130s] Level 1:colcon.colcon_core.package_identification:_identify(docs) by extension 'colcon_pkg'
[0.130s] Level 1:colcon.colcon_core.package_identification:_identify(docs) by extensions ['colcon_meta']
[0.130s] Level 1:colcon.colcon_core.package_identification:_identify(docs) by extension 'colcon_meta'
[0.130s] Level 1:colcon.colcon_core.package_identification:_identify(docs) by extensions ['ros']
[0.130s] Level 1:colcon.colcon_core.package_identification:_identify(docs) by extension 'ros'
[0.130s] Level 1:colcon.colcon_core.package_identification:_identify(docs) by extensions ['cmake', 'python']
[0.130s] Level 1:colcon.colcon_core.package_identification:_identify(docs) by extension 'cmake'
[0.130s] Level 1:colcon.colcon_core.package_identification:_identify(docs) by extension 'python'
[0.130s] Level 1:colcon.colcon_core.package_identification:_identify(docs) by extensions ['python_setup_py']
[0.130s] Level 1:colcon.colcon_core.package_identification:_identify(docs) by extension 'python_setup_py'
[0.130s] Level 1:colcon.colcon_core.package_identification:_identify(install) by extensions ['ignore', 'ignore_ament_install']
[0.130s] Level 1:colcon.colcon_core.package_identification:_identify(install) by extension 'ignore'
[0.130s] Level 1:colcon.colcon_core.package_identification:_identify(install) ignored
[0.130s] Level 1:colcon.colcon_core.package_identification:_identify(launch) by extensions ['ignore', 'ignore_ament_install']
[0.131s] Level 1:colcon.colcon_core.package_identification:_identify(launch) by extension 'ignore'
[0.131s] Level 1:colcon.colcon_core.package_identification:_identify(launch) by extension 'ignore_ament_install'
[0.131s] Level 1:colcon.colcon_core.package_identification:_identify(launch) by extensions ['colcon_pkg']
[0.131s] Level 1:colcon.colcon_core.package_identification:_identify(launch) by extension 'colcon_pkg'
[0.131s] Level 1:colcon.colcon_core.package_identification:_identify(launch) by extensions ['colcon_meta']
[0.131s] Level 1:colcon.colcon_core.package_identification:_identify(launch) by extension 'colcon_meta'
[0.131s] Level 1:colcon.colcon_core.package_identification:_identify(launch) by extensions ['ros']
[0.131s] Level 1:colcon.colcon_core.package_identification:_identify(launch) by extension 'ros'
[0.131s] Level 1:colcon.colcon_core.package_identification:_identify(launch) by extensions ['cmake', 'python']
[0.131s] Level 1:colcon.colcon_core.package_identification:_identify(launch) by extension 'cmake'
[0.131s] Level 1:colcon.colcon_core.package_identification:_identify(launch) by extension 'python'
[0.131s] Level 1:colcon.colcon_core.package_identification:_identify(launch) by extensions ['python_setup_py']
[0.131s] Level 1:colcon.colcon_core.package_identification:_identify(launch) by extension 'python_setup_py'
[0.131s] Level 1:colcon.colcon_core.package_identification:_identify(log) by extensions ['ignore', 'ignore_ament_install']
[0.131s] Level 1:colcon.colcon_core.package_identification:_identify(log) by extension 'ignore'
[0.131s] Level 1:colcon.colcon_core.package_identification:_identify(log) ignored
[0.131s] Level 1:colcon.colcon_core.package_identification:_identify(meshes) by extensions ['ignore', 'ignore_ament_install']
[0.131s] Level 1:colcon.colcon_core.package_identification:_identify(meshes) by extension 'ignore'
[0.131s] Level 1:colcon.colcon_core.package_identification:_identify(meshes) by extension 'ignore_ament_install'
[0.131s] Level 1:colcon.colcon_core.package_identification:_identify(meshes) by extensions ['colcon_pkg']
[0.131s] Level 1:colcon.colcon_core.package_identification:_identify(meshes) by extension 'colcon_pkg'
[0.131s] Level 1:colcon.colcon_core.package_identification:_identify(meshes) by extensions ['colcon_meta']
[0.131s] Level 1:colcon.colcon_core.package_identification:_identify(meshes) by extension 'colcon_meta'
[0.131s] Level 1:colcon.colcon_core.package_identification:_identify(meshes) by extensions ['ros']
[0.131s] Level 1:colcon.colcon_core.package_identification:_identify(meshes) by extension 'ros'
[0.131s] Level 1:colcon.colcon_core.package_identification:_identify(meshes) by extensions ['cmake', 'python']
[0.131s] Level 1:colcon.colcon_core.package_identification:_identify(meshes) by extension 'cmake'
[0.131s] Level 1:colcon.colcon_core.package_identification:_identify(meshes) by extension 'python'
[0.131s] Level 1:colcon.colcon_core.package_identification:_identify(meshes) by extensions ['python_setup_py']
[0.131s] Level 1:colcon.colcon_core.package_identification:_identify(meshes) by extension 'python_setup_py'
[0.131s] Level 1:colcon.colcon_core.package_identification:_identify(rviz) by extensions ['ignore', 'ignore_ament_install']
[0.131s] Level 1:colcon.colcon_core.package_identification:_identify(rviz) by extension 'ignore'
[0.131s] Level 1:colcon.colcon_core.package_identification:_identify(rviz) by extension 'ignore_ament_install'
[0.131s] Level 1:colcon.colcon_core.package_identification:_identify(rviz) by extensions ['colcon_pkg']
[0.131s] Level 1:colcon.colcon_core.package_identification:_identify(rviz) by extension 'colcon_pkg'
[0.131s] Level 1:colcon.colcon_core.package_identification:_identify(rviz) by extensions ['colcon_meta']
[0.131s] Level 1:colcon.colcon_core.package_identification:_identify(rviz) by extension 'colcon_meta'
[0.132s] Level 1:colcon.colcon_core.package_identification:_identify(rviz) by extensions ['ros']
[0.132s] Level 1:colcon.colcon_core.package_identification:_identify(rviz) by extension 'ros'
[0.132s] Level 1:colcon.colcon_core.package_identification:_identify(rviz) by extensions ['cmake', 'python']
[0.132s] Level 1:colcon.colcon_core.package_identification:_identify(rviz) by extension 'cmake'
[0.132s] Level 1:colcon.colcon_core.package_identification:_identify(rviz) by extension 'python'
[0.132s] Level 1:colcon.colcon_core.package_identification:_identify(rviz) by extensions ['python_setup_py']
[0.132s] Level 1:colcon.colcon_core.package_identification:_identify(rviz) by extension 'python_setup_py'
[0.132s] Level 1:colcon.colcon_core.package_identification:_identify(src) by extensions ['ignore', 'ignore_ament_install']
[0.132s] Level 1:colcon.colcon_core.package_identification:_identify(src) by extension 'ignore'
[0.132s] Level 1:colcon.colcon_core.package_identification:_identify(src) by extension 'ignore_ament_install'
[0.132s] Level 1:colcon.colcon_core.package_identification:_identify(src) by extensions ['colcon_pkg']
[0.132s] Level 1:colcon.colcon_core.package_identification:_identify(src) by extension 'colcon_pkg'
[0.132s] Level 1:colcon.colcon_core.package_identification:_identify(src) by extensions ['colcon_meta']
[0.132s] Level 1:colcon.colcon_core.package_identification:_identify(src) by extension 'colcon_meta'
[0.132s] Level 1:colcon.colcon_core.package_identification:_identify(src) by extensions ['ros']
[0.132s] Level 1:colcon.colcon_core.package_identification:_identify(src) by extension 'ros'
[0.132s] Level 1:colcon.colcon_core.package_identification:_identify(src) by extensions ['cmake', 'python']
[0.132s] Level 1:colcon.colcon_core.package_identification:_identify(src) by extension 'cmake'
[0.132s] Level 1:colcon.colcon_core.package_identification:_identify(src) by extension 'python'
[0.132s] Level 1:colcon.colcon_core.package_identification:_identify(src) by extensions ['python_setup_py']
[0.132s] Level 1:colcon.colcon_core.package_identification:_identify(src) by extension 'python_setup_py'
[0.132s] Level 1:colcon.colcon_core.package_identification:_identify(src/robot_bringup) by extensions ['ignore', 'ignore_ament_install']
[0.132s] Level 1:colcon.colcon_core.package_identification:_identify(src/robot_bringup) by extension 'ignore'
[0.132s] Level 1:colcon.colcon_core.package_identification:_identify(src/robot_bringup) by extension 'ignore_ament_install'
[0.132s] Level 1:colcon.colcon_core.package_identification:_identify(src/robot_bringup) by extensions ['colcon_pkg']
[0.132s] Level 1:colcon.colcon_core.package_identification:_identify(src/robot_bringup) by extension 'colcon_pkg'
[0.132s] Level 1:colcon.colcon_core.package_identification:_identify(src/robot_bringup) by extensions ['colcon_meta']
[0.132s] Level 1:colcon.colcon_core.package_identification:_identify(src/robot_bringup) by extension 'colcon_meta'
[0.132s] Level 1:colcon.colcon_core.package_identification:_identify(src/robot_bringup) by extensions ['ros']
[0.132s] Level 1:colcon.colcon_core.package_identification:_identify(src/robot_bringup) by extension 'ros'
[0.134s] DEBUG:colcon.colcon_core.package_identification:Package 'src/robot_bringup' with type 'ros.ament_cmake' and name 'robot_bringup'
[0.134s] Level 1:colcon.colcon_core.package_identification:_identify(src/robot_control) by extensions ['ignore', 'ignore_ament_install']
[0.134s] Level 1:colcon.colcon_core.package_identification:_identify(src/robot_control) by extension 'ignore'
[0.134s] Level 1:colcon.colcon_core.package_identification:_identify(src/robot_control) by extension 'ignore_ament_install'
[0.134s] Level 1:colcon.colcon_core.package_identification:_identify(src/robot_control) by extensions ['colcon_pkg']
[0.134s] Level 1:colcon.colcon_core.package_identification:_identify(src/robot_control) by extension 'colcon_pkg'
[0.134s] Level 1:colcon.colcon_core.package_identification:_identify(src/robot_control) by extensions ['colcon_meta']
[0.134s] Level 1:colcon.colcon_core.package_identification:_identify(src/robot_control) by extension 'colcon_meta'
[0.134s] Level 1:colcon.colcon_core.package_identification:_identify(src/robot_control) by extensions ['ros']
[0.134s] Level 1:colcon.colcon_core.package_identification:_identify(src/robot_control) by extension 'ros'
[0.135s] DEBUG:colcon.colcon_core.package_identification:Package 'src/robot_control' with type 'ros.ament_python' and name 'robot_control'
[0.135s] Level 1:colcon.colcon_core.package_identification:_identify(src/robot_description) by extensions ['ignore', 'ignore_ament_install']
[0.135s] Level 1:colcon.colcon_core.package_identification:_identify(src/robot_description) by extension 'ignore'
[0.135s] Level 1:colcon.colcon_core.package_identification:_identify(src/robot_description) by extension 'ignore_ament_install'
[0.135s] Level 1:colcon.colcon_core.package_identification:_identify(src/robot_description) by extensions ['colcon_pkg']
[0.135s] Level 1:colcon.colcon_core.package_identification:_identify(src/robot_description) by extension 'colcon_pkg'
[0.135s] Level 1:colcon.colcon_core.package_identification:_identify(src/robot_description) by extensions ['colcon_meta']
[0.135s] Level 1:colcon.colcon_core.package_identification:_identify(src/robot_description) by extension 'colcon_meta'
[0.135s] Level 1:colcon.colcon_core.package_identification:_identify(src/robot_description) by extensions ['ros']
[0.135s] Level 1:colcon.colcon_core.package_identification:_identify(src/robot_description) by extension 'ros'
[0.135s] DEBUG:colcon.colcon_core.package_identification:Package 'src/robot_description' with type 'ros.ament_cmake' and name 'robot_description'
[0.135s] Level 1:colcon.colcon_core.package_identification:_identify(src/robot_interfaces) by extensions ['ignore', 'ignore_ament_install']
[0.135s] Level 1:colcon.colcon_core.package_identification:_identify(src/robot_interfaces) by extension 'ignore'
[0.135s] Level 1:colcon.colcon_core.package_identification:_identify(src/robot_interfaces) by extension 'ignore_ament_install'
[0.136s] Level 1:colcon.colcon_core.package_identification:_identify(src/robot_interfaces) by extensions ['colcon_pkg']
[0.136s] Level 1:colcon.colcon_core.package_identification:_identify(src/robot_interfaces) by extension 'colcon_pkg'
[0.136s] Level 1:colcon.colcon_core.package_identification:_identify(src/robot_interfaces) by extensions ['colcon_meta']
[0.136s] Level 1:colcon.colcon_core.package_identification:_identify(src/robot_interfaces) by extension 'colcon_meta'
[0.136s] Level 1:colcon.colcon_core.package_identification:_identify(src/robot_interfaces) by extensions ['ros']
[0.136s] Level 1:colcon.colcon_core.package_identification:_identify(src/robot_interfaces) by extension 'ros'
[0.136s] DEBUG:colcon.colcon_core.package_identification:Package 'src/robot_interfaces' with type 'ros.ament_cmake' and name 'robot_interfaces'
[0.136s] Level 1:colcon.colcon_core.package_identification:_identify(src/robot_utils) by extensions ['ignore', 'ignore_ament_install']
[0.136s] Level 1:colcon.colcon_core.package_identification:_identify(src/robot_utils) by extension 'ignore'
[0.136s] Level 1:colcon.colcon_core.package_identification:_identify(src/robot_utils) by extension 'ignore_ament_install'
[0.136s] Level 1:colcon.colcon_core.package_identification:_identify(src/robot_utils) by extensions ['colcon_pkg']
[0.136s] Level 1:colcon.colcon_core.package_identification:_identify(src/robot_utils) by extension 'colcon_pkg'
[0.136s] Level 1:colcon.colcon_core.package_identification:_identify(src/robot_utils) by extensions ['colcon_meta']
[0.136s] Level 1:colcon.colcon_core.package_identification:_identify(src/robot_utils) by extension 'colcon_meta'
[0.136s] Level 1:colcon.colcon_core.package_identification:_identify(src/robot_utils) by extensions ['ros']
[0.136s] Level 1:colcon.colcon_core.package_identification:_identify(src/robot_utils) by extension 'ros'
[0.137s] DEBUG:colcon.colcon_core.package_identification:Package 'src/robot_utils' with type 'ros.ament_python' and name 'robot_utils'
[0.137s] Level 1:colcon.colcon_core.package_identification:_identify(stl_files) by extensions ['ignore', 'ignore_ament_install']
[0.137s] Level 1:colcon.colcon_core.package_identification:_identify(stl_files) by extension 'ignore'
[0.137s] Level 1:colcon.colcon_core.package_identification:_identify(stl_files) by extension 'ignore_ament_install'
[0.137s] Level 1:colcon.colcon_core.package_identification:_identify(stl_files) by extensions ['colcon_pkg']
[0.137s] Level 1:colcon.colcon_core.package_identification:_identify(stl_files) by extension 'colcon_pkg'
[0.137s] Level 1:colcon.colcon_core.package_identification:_identify(stl_files) by extensions ['colcon_meta']
[0.137s] Level 1:colcon.colcon_core.package_identification:_identify(stl_files) by extension 'colcon_meta'
[0.137s] Level 1:colcon.colcon_core.package_identification:_identify(stl_files) by extensions ['ros']
[0.137s] Level 1:colcon.colcon_core.package_identification:_identify(stl_files) by extension 'ros'
[0.137s] Level 1:colcon.colcon_core.package_identification:_identify(stl_files) by extensions ['cmake', 'python']
[0.137s] Level 1:colcon.colcon_core.package_identification:_identify(stl_files) by extension 'cmake'
[0.137s] Level 1:colcon.colcon_core.package_identification:_identify(stl_files) by extension 'python'
[0.137s] Level 1:colcon.colcon_core.package_identification:_identify(stl_files) by extensions ['python_setup_py']
[0.137s] Level 1:colcon.colcon_core.package_identification:_identify(stl_files) by extension 'python_setup_py'
[0.137s] Level 1:colcon.colcon_core.package_identification:_identify(worlds) by extensions ['ignore', 'ignore_ament_install']
[0.137s] Level 1:colcon.colcon_core.package_identification:_identify(worlds) by extension 'ignore'
[0.137s] Level 1:colcon.colcon_core.package_identification:_identify(worlds) by extension 'ignore_ament_install'
[0.137s] Level 1:colcon.colcon_core.package_identification:_identify(worlds) by extensions ['colcon_pkg']
[0.137s] Level 1:colcon.colcon_core.package_identification:_identify(worlds) by extension 'colcon_pkg'
[0.137s] Level 1:colcon.colcon_core.package_identification:_identify(worlds) by extensions ['colcon_meta']
[0.137s] Level 1:colcon.colcon_core.package_identification:_identify(worlds) by extension 'colcon_meta'
[0.137s] Level 1:colcon.colcon_core.package_identification:_identify(worlds) by extensions ['ros']
[0.137s] Level 1:colcon.colcon_core.package_identification:_identify(worlds) by extension 'ros'
[0.137s] Level 1:colcon.colcon_core.package_identification:_identify(worlds) by extensions ['cmake', 'python']
[0.137s] Level 1:colcon.colcon_core.package_identification:_identify(worlds) by extension 'cmake'
[0.137s] Level 1:colcon.colcon_core.package_identification:_identify(worlds) by extension 'python'
[0.137s] Level 1:colcon.colcon_core.package_identification:_identify(worlds) by extensions ['python_setup_py']
[0.137s] Level 1:colcon.colcon_core.package_identification:_identify(worlds) by extension 'python_setup_py'
[0.137s] Level 1:colcon.colcon_core.package_discovery:discover_packages(recursive) using defaults
[0.137s] Level 1:colcon.colcon_core.package_discovery:discover_packages(ignore) discover
[0.137s] Level 1:colcon.colcon_core.package_discovery:discover_packages(ignore) using defaults
[0.137s] Level 1:colcon.colcon_core.package_discovery:discover_packages(path) discover
[0.137s] Level 1:colcon.colcon_core.package_discovery:discover_packages(path) using defaults
[0.152s] Level 1:colcon.colcon_core.package_discovery:discover_packages(prefix_path) check parameters
[0.152s] Level 1:colcon.colcon_core.package_discovery:discover_packages(prefix_path) discover
[0.153s] DEBUG:colcon.colcon_installed_package_information.package_discovery:Found 5 installed packages in /home/shubham/robot_arm_ws/install
[0.154s] DEBUG:colcon.colcon_installed_package_information.package_discovery:Found 14 installed packages in /home/shubham/ros2-jazzy-learning/install
[0.156s] DEBUG:colcon.colcon_installed_package_information.package_discovery:Found 531 installed packages in /opt/ros/jazzy
[0.157s] Level 1:colcon.colcon_core.package_discovery:discover_packages(prefix_path) using defaults
[0.210s] Level 5:colcon.colcon_core.verb:set package 'robot_bringup' build argument 'cmake_args' from command line to 'None'
[0.210s] Level 5:colcon.colcon_core.verb:set package 'robot_bringup' build argument 'cmake_target' from command line to 'None'
[0.210s] Level 5:colcon.colcon_core.verb:set package 'robot_bringup' build argument 'cmake_target_skip_unavailable' from command line to 'False'
[0.210s] Level 5:colcon.colcon_core.verb:set package 'robot_bringup' build argument 'cmake_clean_cache' from command line to 'False'
[0.210s] Level 5:colcon.colcon_core.verb:set package 'robot_bringup' build argument 'cmake_clean_first' from command line to 'False'
[0.210s] Level 5:colcon.colcon_core.verb:set package 'robot_bringup' build argument 'cmake_force_configure' from command line to 'False'
[0.210s] Level 5:colcon.colcon_core.verb:set package 'robot_bringup' build argument 'ament_cmake_args' from command line to 'None'
[0.210s] Level 5:colcon.colcon_core.verb:set package 'robot_bringup' build argument 'catkin_cmake_args' from command line to 'None'
[0.211s] Level 5:colcon.colcon_core.verb:set package 'robot_bringup' build argument 'catkin_skip_building_tests' from command line to 'False'
[0.211s] DEBUG:colcon.colcon_core.verb:Building package 'robot_bringup' with the following arguments: {'ament_cmake_args': None, 'build_base': '/home/shubham/robot_arm_ws/build/robot_bringup', 'catkin_cmake_args': None, 'catkin_skip_building_tests': False, 'cmake_args': None, 'cmake_clean_cache': False, 'cmake_clean_first': False, 'cmake_force_configure': False, 'cmake_target': None, 'cmake_target_skip_unavailable': False, 'install_base': '/home/shubham/robot_arm_ws/install/robot_bringup', 'merge_install': False, 'path': '/home/shubham/robot_arm_ws/src/robot_bringup', 'symlink_install': False, 'test_result_base': None}
[0.211s] Level 5:colcon.colcon_core.verb:set package 'robot_control' build argument 'cmake_args' from command line to 'None'
[0.211s] Level 5:colcon.colcon_core.verb:set package 'robot_control' build argument 'cmake_target' from command line to 'None'
[0.211s] Level 5:colcon.colcon_core.verb:set package 'robot_control' build argument 'cmake_target_skip_unavailable' from command line to 'False'
[0.211s] Level 5:colcon.colcon_core.verb:set package 'robot_control' build argument 'cmake_clean_cache' from command line to 'False'
[0.211s] Level 5:colcon.colcon_core.verb:set package 'robot_control' build argument 'cmake_clean_first' from command line to 'False'
[0.211s] Level 5:colcon.colcon_core.verb:set package 'robot_control' build argument 'cmake_force_configure' from command line to 'False'
[0.211s] Level 5:colcon.colcon_core.verb:set package 'robot_control' build argument 'ament_cmake_args' from command line to 'None'
[0.211s] Level 5:colcon.colcon_core.verb:set package 'robot_control' build argument 'catkin_cmake_args' from command line to 'None'
[0.211s] Level 5:colcon.colcon_core.verb:set package 'robot_control' build argument 'catkin_skip_building_tests' from command line to 'False'
[0.211s] DEBUG:colcon.colcon_core.verb:Building package 'robot_control' with the following arguments: {'ament_cmake_args': None, 'build_base': '/home/shubham/robot_arm_ws/build/robot_control', 'catkin_cmake_args': None, 'catkin_skip_building_tests': False, 'cmake_args': None, 'cmake_clean_cache': False, 'cmake_clean_first': False, 'cmake_force_configure': False, 'cmake_target': None, 'cmake_target_skip_unavailable': False, 'install_base': '/home/shubham/robot_arm_ws/install/robot_control', 'merge_install': False, 'path': '/home/shubham/robot_arm_ws/src/robot_control', 'symlink_install': False, 'test_result_base': None}
[0.211s] Level 5:colcon.colcon_core.verb:set package 'robot_description' build argument 'cmake_args' from command line to 'None'
[0.211s] Level 5:colcon.colcon_core.verb:set package 'robot_description' build argument 'cmake_target' from command line to 'None'
[0.211s] Level 5:colcon.colcon_core.verb:set package 'robot_description' build argument 'cmake_target_skip_unavailable' from command line to 'False'
[0.211s] Level 5:colcon.colcon_core.verb:set package 'robot_description' build argument 'cmake_clean_cache' from command line to 'False'
[0.211s] Level 5:colcon.colcon_core.verb:set package 'robot_description' build argument 'cmake_clean_first' from command line to 'False'
[0.211s] Level 5:colcon.colcon_core.verb:set package 'robot_description' build argument 'cmake_force_configure' from command line to 'False'
[0.211s] Level 5:colcon.colcon_core.verb:set package 'robot_description' build argument 'ament_cmake_args' from command line to 'None'
[0.211s] Level 5:colcon.colcon_core.verb:set package 'robot_description' build argument 'catkin_cmake_args' from command line to 'None'
[0.211s] Level 5:colcon.colcon_core.verb:set package 'robot_description' build argument 'catkin_skip_building_tests' from command line to 'False'
[0.211s] DEBUG:colcon.colcon_core.verb:Building package 'robot_description' with the following arguments: {'ament_cmake_args': None, 'build_base': '/home/shubham/robot_arm_ws/build/robot_description', 'catkin_cmake_args': None, 'catkin_skip_building_tests': False, 'cmake_args': None, 'cmake_clean_cache': False, 'cmake_clean_first': False, 'cmake_force_configure': False, 'cmake_target': None, 'cmake_target_skip_unavailable': False, 'install_base': '/home/shubham/robot_arm_ws/install/robot_description', 'merge_install': False, 'path': '/home/shubham/robot_arm_ws/src/robot_description', 'symlink_install': False, 'test_result_base': None}
[0.211s] Level 5:colcon.colcon_core.verb:set package 'robot_interfaces' build argument 'cmake_args' from command line to 'None'
[0.211s] Level 5:colcon.colcon_core.verb:set package 'robot_interfaces' build argument 'cmake_target' from command line to 'None'
[0.211s] Level 5:colcon.colcon_core.verb:set package 'robot_interfaces' build argument 'cmake_target_skip_unavailable' from command line to 'False'
[0.211s] Level 5:colcon.colcon_core.verb:set package 'robot_interfaces' build argument 'cmake_clean_cache' from command line to 'False'
[0.211s] Level 5:colcon.colcon_core.verb:set package 'robot_interfaces' build argument 'cmake_clean_first' from command line to 'False'
[0.211s] Level 5:colcon.colcon_core.verb:set package 'robot_interfaces' build argument 'cmake_force_configure' from command line to 'False'
[0.211s] Level 5:colcon.colcon_core.verb:set package 'robot_interfaces' build argument 'ament_cmake_args' from command line to 'None'
[0.211s] Level 5:colcon.colcon_core.verb:set package 'robot_interfaces' build argument 'catkin_cmake_args' from command line to 'None'
[0.211s] Level 5:colcon.colcon_core.verb:set package 'robot_interfaces' build argument 'catkin_skip_building_tests' from command line to 'False'
[0.211s] DEBUG:colcon.colcon_core.verb:Building package 'robot_interfaces' with the following arguments: {'ament_cmake_args': None, 'build_base': '/home/shubham/robot_arm_ws/build/robot_interfaces', 'catkin_cmake_args': None, 'catkin_skip_building_tests': False, 'cmake_args': None, 'cmake_clean_cache': False, 'cmake_clean_first': False, 'cmake_force_configure': False, 'cmake_target': None, 'cmake_target_skip_unavailable': False, 'install_base': '/home/shubham/robot_arm_ws/install/robot_interfaces', 'merge_install': False, 'path': '/home/shubham/robot_arm_ws/src/robot_interfaces', 'symlink_install': False, 'test_result_base': None}
[0.212s] Level 5:colcon.colcon_core.verb:set package 'robot_utils' build argument 'cmake_args' from command line to 'None'
[0.212s] Level 5:colcon.colcon_core.verb:set package 'robot_utils' build argument 'cmake_target' from command line to 'None'
[0.212s] Level 5:colcon.colcon_core.verb:set package 'robot_utils' build argument 'cmake_target_skip_unavailable' from command line to 'False'
[0.212s] Level 5:colcon.colcon_core.verb:set package 'robot_utils' build argument 'cmake_clean_cache' from command line to 'False'
[0.212s] Level 5:colcon.colcon_core.verb:set package 'robot_utils' build argument 'cmake_clean_first' from command line to 'False'
[0.212s] Level 5:colcon.colcon_core.verb:set package 'robot_utils' build argument 'cmake_force_configure' from command line to 'False'
[0.212s] Level 5:colcon.colcon_core.verb:set package 'robot_utils' build argument 'ament_cmake_args' from command line to 'None'
[0.212s] Level 5:colcon.colcon_core.verb:set package 'robot_utils' build argument 'catkin_cmake_args' from command line to 'None'
[0.212s] Level 5:colcon.colcon_core.verb:set package 'robot_utils' build argument 'catkin_skip_building_tests' from command line to 'False'
[0.212s] DEBUG:colcon.colcon_core.verb:Building package 'robot_utils' with the following arguments: {'ament_cmake_args': None, 'build_base': '/home/shubham/robot_arm_ws/build/robot_utils', 'catkin_cmake_args': None, 'catkin_skip_building_tests': False, 'cmake_args': None, 'cmake_clean_cache': False, 'cmake_clean_first': False, 'cmake_force_configure': False, 'cmake_target': None, 'cmake_target_skip_unavailable': False, 'install_base': '/home/shubham/robot_arm_ws/install/robot_utils', 'merge_install': False, 'path': '/home/shubham/robot_arm_ws/src/robot_utils', 'symlink_install': False, 'test_result_base': None}
[0.212s] INFO:colcon.colcon_core.executor:Executing jobs using 'parallel' executor
[0.212s] DEBUG:colcon.colcon_parallel_executor.executor.parallel:run_until_complete
[0.213s] INFO:colcon.colcon_ros.task.ament_cmake.build:Building ROS package in '/home/shubham/robot_arm_ws/src/robot_bringup' with build type 'ament_cmake'
[0.213s] INFO:colcon.colcon_cmake.task.cmake.build:Building CMake package in '/home/shubham/robot_arm_ws/src/robot_bringup'
[0.214s] INFO:colcon.colcon_core.plugin_system:Skipping extension 'colcon_core.shell.bat': Not used on non-Windows systems
[0.214s] INFO:colcon.colcon_core.shell:Skip shell extension 'powershell' for command environment: Not usable outside of PowerShell
[0.215s] DEBUG:colcon.colcon_core.shell:Skip shell extension 'dsv' for command environment
[0.218s] INFO:colcon.colcon_ros.task.ament_python.build:Building ROS package in '/home/shubham/robot_arm_ws/src/robot_control' with build type 'ament_python'
[0.218s] Level 1:colcon.colcon_core.shell:create_environment_hook('robot_control', 'ament_prefix_path')
[0.218s] INFO:colcon.colcon_core.shell:Creating environment hook '/home/shubham/robot_arm_ws/install/robot_control/share/robot_control/hook/ament_prefix_path.ps1'
[0.219s] INFO:colcon.colcon_core.shell:Creating environment descriptor '/home/shubham/robot_arm_ws/install/robot_control/share/robot_control/hook/ament_prefix_path.dsv'
[0.219s] INFO:colcon.colcon_core.shell:Creating environment hook '/home/shubham/robot_arm_ws/install/robot_control/share/robot_control/hook/ament_prefix_path.sh'
[0.220s] INFO:colcon.colcon_core.shell:Skip shell extension 'powershell' for command environment: Not usable outside of PowerShell
[0.220s] DEBUG:colcon.colcon_core.shell:Skip shell extension 'dsv' for command environment
[0.224s] INFO:colcon.colcon_ros.task.ament_cmake.build:Building ROS package in '/home/shubham/robot_arm_ws/src/robot_description' with build type 'ament_cmake'
[0.224s] INFO:colcon.colcon_cmake.task.cmake.build:Building CMake package in '/home/shubham/robot_arm_ws/src/robot_description'
[0.224s] INFO:colcon.colcon_core.shell:Skip shell extension 'powershell' for command environment: Not usable outside of PowerShell
[0.225s] DEBUG:colcon.colcon_core.shell:Skip shell extension 'dsv' for command environment
[0.234s] INFO:colcon.colcon_ros.task.ament_cmake.build:Building ROS package in '/home/shubham/robot_arm_ws/src/robot_interfaces' with build type 'ament_cmake'
[0.234s] INFO:colcon.colcon_cmake.task.cmake.build:Building CMake package in '/home/shubham/robot_arm_ws/src/robot_interfaces'
[0.235s] INFO:colcon.colcon_core.shell:Skip shell extension 'powershell' for command environment: Not usable outside of PowerShell
[0.235s] DEBUG:colcon.colcon_core.shell:Skip shell extension 'dsv' for command environment
[0.240s] INFO:colcon.colcon_ros.task.ament_python.build:Building ROS package in '/home/shubham/robot_arm_ws/src/robot_utils' with build type 'ament_python'
[0.241s] Level 1:colcon.colcon_core.shell:create_environment_hook('robot_utils', 'ament_prefix_path')
[0.241s] INFO:colcon.colcon_core.shell:Creating environment hook '/home/shubham/robot_arm_ws/install/robot_utils/share/robot_utils/hook/ament_prefix_path.ps1'
[0.242s] INFO:colcon.colcon_core.shell:Creating environment descriptor '/home/shubham/robot_arm_ws/install/robot_utils/share/robot_utils/hook/ament_prefix_path.dsv'
[0.242s] INFO:colcon.colcon_core.shell:Creating environment hook '/home/shubham/robot_arm_ws/install/robot_utils/share/robot_utils/hook/ament_prefix_path.sh'
[0.243s] INFO:colcon.colcon_core.shell:Skip shell extension 'powershell' for command environment: Not usable outside of PowerShell
[0.243s] DEBUG:colcon.colcon_core.shell:Skip shell extension 'dsv' for command environment
[0.252s] DEBUG:colcon.colcon_core.event_handler.log_command:Invoking command in '/home/shubham/robot_arm_ws/build/robot_bringup': CMAKE_PREFIX_PATH=${CMAKE_PREFIX_PATH}:/home/shubham/robot_arm_ws/install/robot_utils:/home/shubham/robot_arm_ws/install/robot_control:/home/shubham/ros2-jazzy-learning/install/tf2_demo:/home/shubham/ros2-jazzy-learning/install/ros2_advanced:/home/shubham/ros2-jazzy-learning/install/robot_manager:/home/shubham/ros2-jazzy-learning/install/robot_bringup:/home/shubham/ros2-jazzy-learning/install/parameter_demo:/home/shubham/ros2-jazzy-learning/install/namespace_demo:/home/shubham/ros2-jazzy-learning/install/my_first_pkg:/home/shubham/ros2-jazzy-learning/install/my_robot_description:/home/shubham/ros2-jazzy-learning/install/my_robot_control:/home/shubham/ros2-jazzy-learning/install/my_robot_bringup:/home/shubham/ros2-jazzy-learning/install/motion_safety_stack:/home/shubham/ros2-jazzy-learning/install/lifecycle_demo:/opt/ros/jazzy DEBUGINFOD_URLS=https://debuginfod.ubuntu.com /usr/bin/cmake --build /home/shubham/robot_arm_ws/build/robot_bringup -- -j8 -l8
[0.476s] INFO:colcon.colcon_core.task.python.build:Building Python package in '/home/shubham/robot_arm_ws/src/robot_control'
[0.476s] INFO:colcon.colcon_core.shell:Skip shell extension 'powershell' for command environment: Not usable outside of PowerShell
[0.476s] DEBUG:colcon.colcon_core.shell:Skip shell extension 'dsv' for command environment
[0.484s] DEBUG:colcon.colcon_core.event_handler.log_command:Invoking command in '/home/shubham/robot_arm_ws/build/robot_description': CMAKE_PREFIX_PATH=${CMAKE_PREFIX_PATH}:/home/shubham/robot_arm_ws/install/robot_utils:/home/shubham/robot_arm_ws/install/robot_control:/home/shubham/ros2-jazzy-learning/install/tf2_demo:/home/shubham/ros2-jazzy-learning/install/ros2_advanced:/home/shubham/ros2-jazzy-learning/install/robot_manager:/home/shubham/ros2-jazzy-learning/install/robot_bringup:/home/shubham/ros2-jazzy-learning/install/parameter_demo:/home/shubham/ros2-jazzy-learning/install/namespace_demo:/home/shubham/ros2-jazzy-learning/install/my_first_pkg:/home/shubham/ros2-jazzy-learning/install/my_robot_description:/home/shubham/ros2-jazzy-learning/install/my_robot_control:/home/shubham/ros2-jazzy-learning/install/my_robot_bringup:/home/shubham/ros2-jazzy-learning/install/motion_safety_stack:/home/shubham/ros2-jazzy-learning/install/lifecycle_demo:/opt/ros/jazzy DEBUGINFOD_URLS=https://debuginfod.ubuntu.com /usr/bin/cmake --build /home/shubham/robot_arm_ws/build/robot_description -- -j8 -l8
[0.486s] DEBUG:colcon.colcon_core.event_handler.log_command:Invoking command in '/home/shubham/robot_arm_ws/build/robot_interfaces': CMAKE_PREFIX_PATH=${CMAKE_PREFIX_PATH}:/home/shubham/robot_arm_ws/install/robot_utils:/home/shubham/robot_arm_ws/install/robot_control:/home/shubham/ros2-jazzy-learning/install/tf2_demo:/home/shubham/ros2-jazzy-learning/install/ros2_advanced:/home/shubham/ros2-jazzy-learning/install/robot_manager:/home/shubham/ros2-jazzy-learning/install/robot_bringup:/home/shubham/ros2-jazzy-learning/install/parameter_demo:/home/shubham/ros2-jazzy-learning/install/namespace_demo:/home/shubham/ros2-jazzy-learning/install/my_first_pkg:/home/shubham/ros2-jazzy-learning/install/my_robot_description:/home/shubham/ros2-jazzy-learning/install/my_robot_control:/home/shubham/ros2-jazzy-learning/install/my_robot_bringup:/home/shubham/ros2-jazzy-learning/install/motion_safety_stack:/home/shubham/ros2-jazzy-learning/install/lifecycle_demo:/opt/ros/jazzy DEBUGINFOD_URLS=https://debuginfod.ubuntu.com /usr/bin/cmake --build /home/shubham/robot_arm_ws/build/robot_interfaces -- -j8 -l8
[0.491s] DEBUG:colcon.colcon_core.event_handler.log_command:Invoked command in '/home/shubham/robot_arm_ws/build/robot_bringup' returned '0': CMAKE_PREFIX_PATH=${CMAKE_PREFIX_PATH}:/home/shubham/robot_arm_ws/install/robot_utils:/home/shubham/robot_arm_ws/install/robot_control:/home/shubham/ros2-jazzy-learning/install/tf2_demo:/home/shubham/ros2-jazzy-learning/install/ros2_advanced:/home/shubham/ros2-jazzy-learning/install/robot_manager:/home/shubham/ros2-jazzy-learning/install/robot_bringup:/home/shubham/ros2-jazzy-learning/install/parameter_demo:/home/shubham/ros2-jazzy-learning/install/namespace_demo:/home/shubham/ros2-jazzy-learning/install/my_first_pkg:/home/shubham/ros2-jazzy-learning/install/my_robot_description:/home/shubham/ros2-jazzy-learning/install/my_robot_control:/home/shubham/ros2-jazzy-learning/install/my_robot_bringup:/home/shubham/ros2-jazzy-learning/install/motion_safety_stack:/home/shubham/ros2-jazzy-learning/install/lifecycle_demo:/opt/ros/jazzy DEBUGINFOD_URLS=https://debuginfod.ubuntu.com /usr/bin/cmake --build /home/shubham/robot_arm_ws/build/robot_bringup -- -j8 -l8
[0.499s] DEBUG:colcon.colcon_core.event_handler.log_command:Invoking command in '/home/shubham/robot_arm_ws/build/robot_bringup': CMAKE_PREFIX_PATH=${CMAKE_PREFIX_PATH}:/home/shubham/robot_arm_ws/install/robot_utils:/home/shubham/robot_arm_ws/install/robot_control:/home/shubham/ros2-jazzy-learning/install/tf2_demo:/home/shubham/ros2-jazzy-learning/install/ros2_advanced:/home/shubham/ros2-jazzy-learning/install/robot_manager:/home/shubham/ros2-jazzy-learning/install/robot_bringup:/home/shubham/ros2-jazzy-learning/install/parameter_demo:/home/shubham/ros2-jazzy-learning/install/namespace_demo:/home/shubham/ros2-jazzy-learning/install/my_first_pkg:/home/shubham/ros2-jazzy-learning/install/my_robot_description:/home/shubham/ros2-jazzy-learning/install/my_robot_control:/home/shubham/ros2-jazzy-learning/install/my_robot_bringup:/home/shubham/ros2-jazzy-learning/install/motion_safety_stack:/home/shubham/ros2-jazzy-learning/install/lifecycle_demo:/opt/ros/jazzy DEBUGINFOD_URLS=https://debuginfod.ubuntu.com /usr/bin/cmake --install /home/shubham/robot_arm_ws/build/robot_bringup
[0.718s] INFO:colcon.colcon_core.task.python.build:Building Python package in '/home/shubham/robot_arm_ws/src/robot_utils'
[0.718s] INFO:colcon.colcon_core.shell:Skip shell extension 'powershell' for command environment: Not usable outside of PowerShell
[0.718s] DEBUG:colcon.colcon_core.shell:Skip shell extension 'dsv' for command environment
[0.728s] Level 1:colcon.colcon_core.environment:create_environment_scripts_only(robot_bringup)
[0.730s] DEBUG:colcon.colcon_core.event_handler.log_command:Invoked command in '/home/shubham/robot_arm_ws/build/robot_bringup' returned '0': CMAKE_PREFIX_PATH=${CMAKE_PREFIX_PATH}:/home/shubham/robot_arm_ws/install/robot_utils:/home/shubham/robot_arm_ws/install/robot_control:/home/shubham/ros2-jazzy-learning/install/tf2_demo:/home/shubham/ros2-jazzy-learning/install/ros2_advanced:/home/shubham/ros2-jazzy-learning/install/robot_manager:/home/shubham/ros2-jazzy-learning/install/robot_bringup:/home/shubham/ros2-jazzy-learning/install/parameter_demo:/home/shubham/ros2-jazzy-learning/install/namespace_demo:/home/shubham/ros2-jazzy-learning/install/my_first_pkg:/home/shubham/ros2-jazzy-learning/install/my_robot_description:/home/shubham/ros2-jazzy-learning/install/my_robot_control:/home/shubham/ros2-jazzy-learning/install/my_robot_bringup:/home/shubham/ros2-jazzy-learning/install/motion_safety_stack:/home/shubham/ros2-jazzy-learning/install/lifecycle_demo:/opt/ros/jazzy DEBUGINFOD_URLS=https://debuginfod.ubuntu.com /usr/bin/cmake --install /home/shubham/robot_arm_ws/build/robot_bringup
[0.733s] Level 1:colcon.colcon_core.environment:checking '/home/shubham/robot_arm_ws/install/robot_bringup' for CMake module files
[0.734s] Level 1:colcon.colcon_core.environment:checking '/home/shubham/robot_arm_ws/install/robot_bringup' for CMake config files
[0.734s] Level 1:colcon.colcon_core.shell:create_environment_hook('robot_bringup', 'cmake_prefix_path')
[0.734s] INFO:colcon.colcon_core.shell:Creating environment hook '/home/shubham/robot_arm_ws/install/robot_bringup/share/robot_bringup/hook/cmake_prefix_path.ps1'
[0.735s] INFO:colcon.colcon_core.shell:Creating environment descriptor '/home/shubham/robot_arm_ws/install/robot_bringup/share/robot_bringup/hook/cmake_prefix_path.dsv'
[0.735s] INFO:colcon.colcon_core.shell:Creating environment hook '/home/shubham/robot_arm_ws/install/robot_bringup/share/robot_bringup/hook/cmake_prefix_path.sh'
[0.737s] Level 1:colcon.colcon_core.environment:checking '/home/shubham/robot_arm_ws/install/robot_bringup/bin'
[0.737s] Level 1:colcon.colcon_core.environment:checking '/home/shubham/robot_arm_ws/install/robot_bringup/lib/pkgconfig/robot_bringup.pc'
[0.738s] Level 1:colcon.colcon_core.environment:checking '/home/shubham/robot_arm_ws/install/robot_bringup/lib/python3.12/site-packages'
[0.738s] Level 1:colcon.colcon_core.environment:checking '/home/shubham/robot_arm_ws/install/robot_bringup/bin'
[0.739s] INFO:colcon.colcon_core.shell:Creating package script '/home/shubham/robot_arm_ws/install/robot_bringup/share/robot_bringup/package.ps1'
[0.741s] INFO:colcon.colcon_core.shell:Creating package descriptor '/home/shubham/robot_arm_ws/install/robot_bringup/share/robot_bringup/package.dsv'
[0.741s] INFO:colcon.colcon_core.shell:Creating package script '/home/shubham/robot_arm_ws/install/robot_bringup/share/robot_bringup/package.sh'
[0.742s] INFO:colcon.colcon_core.shell:Creating package script '/home/shubham/robot_arm_ws/install/robot_bringup/share/robot_bringup/package.bash'
[0.743s] INFO:colcon.colcon_core.shell:Creating package script '/home/shubham/robot_arm_ws/install/robot_bringup/share/robot_bringup/package.zsh'
[0.744s] Level 1:colcon.colcon_core.environment:create_file_with_runtime_dependencies(/home/shubham/robot_arm_ws/install/robot_bringup/share/colcon-core/packages/robot_bringup)
[0.744s] Level 1:colcon.colcon_core.environment:create_environment_scripts_only(robot_bringup)
[0.745s] Level 1:colcon.colcon_core.environment:checking '/home/shubham/robot_arm_ws/install/robot_bringup' for CMake module files
[0.745s] Level 1:colcon.colcon_core.environment:checking '/home/shubham/robot_arm_ws/install/robot_bringup' for CMake config files
[0.746s] Level 1:colcon.colcon_core.shell:create_environment_hook('robot_bringup', 'cmake_prefix_path')
[0.746s] INFO:colcon.colcon_core.shell:Creating environment hook '/home/shubham/robot_arm_ws/install/robot_bringup/share/robot_bringup/hook/cmake_prefix_path.ps1'
[0.747s] INFO:colcon.colcon_core.shell:Creating environment descriptor '/home/shubham/robot_arm_ws/install/robot_bringup/share/robot_bringup/hook/cmake_prefix_path.dsv'
[0.747s] INFO:colcon.colcon_core.shell:Creating environment hook '/home/shubham/robot_arm_ws/install/robot_bringup/share/robot_bringup/hook/cmake_prefix_path.sh'
[0.748s] Level 1:colcon.colcon_core.environment:checking '/home/shubham/robot_arm_ws/install/robot_bringup/bin'
[0.748s] Level 1:colcon.colcon_core.environment:checking '/home/shubham/robot_arm_ws/install/robot_bringup/lib/pkgconfig/robot_bringup.pc'
[0.748s] Level 1:colcon.colcon_core.environment:checking '/home/shubham/robot_arm_ws/install/robot_bringup/lib/python3.12/site-packages'
[0.749s] Level 1:colcon.colcon_core.environment:checking '/home/shubham/robot_arm_ws/install/robot_bringup/bin'
[0.749s] INFO:colcon.colcon_core.shell:Creating package script '/home/shubham/robot_arm_ws/install/robot_bringup/share/robot_bringup/package.ps1'
[0.750s] INFO:colcon.colcon_core.shell:Creating package descriptor '/home/shubham/robot_arm_ws/install/robot_bringup/share/robot_bringup/package.dsv'
[0.750s] INFO:colcon.colcon_core.shell:Creating package script '/home/shubham/robot_arm_ws/install/robot_bringup/share/robot_bringup/package.sh'
[0.751s] INFO:colcon.colcon_core.shell:Creating package script '/home/shubham/robot_arm_ws/install/robot_bringup/share/robot_bringup/package.bash'
[0.751s] INFO:colcon.colcon_core.shell:Creating package script '/home/shubham/robot_arm_ws/install/robot_bringup/share/robot_bringup/package.zsh'
[0.752s] Level 1:colcon.colcon_core.environment:create_file_with_runtime_dependencies(/home/shubham/robot_arm_ws/install/robot_bringup/share/colcon-core/packages/robot_bringup)
[0.755s] DEBUG:colcon.colcon_core.event_handler.log_command:Invoked command in '/home/shubham/robot_arm_ws/build/robot_description' returned '0': CMAKE_PREFIX_PATH=${CMAKE_PREFIX_PATH}:/home/shubham/robot_arm_ws/install/robot_utils:/home/shubham/robot_arm_ws/install/robot_control:/home/shubham/ros2-jazzy-learning/install/tf2_demo:/home/shubham/ros2-jazzy-learning/install/ros2_advanced:/home/shubham/ros2-jazzy-learning/install/robot_manager:/home/shubham/ros2-jazzy-learning/install/robot_bringup:/home/shubham/ros2-jazzy-learning/install/parameter_demo:/home/shubham/ros2-jazzy-learning/install/namespace_demo:/home/shubham/ros2-jazzy-learning/install/my_first_pkg:/home/shubham/ros2-jazzy-learning/install/my_robot_description:/home/shubham/ros2-jazzy-learning/install/my_robot_control:/home/shubham/ros2-jazzy-learning/install/my_robot_bringup:/home/shubham/ros2-jazzy-learning/install/motion_safety_stack:/home/shubham/ros2-jazzy-learning/install/lifecycle_demo:/opt/ros/jazzy DEBUGINFOD_URLS=https://debuginfod.ubuntu.com /usr/bin/cmake --build /home/shubham/robot_arm_ws/build/robot_description -- -j8 -l8
[0.757s] DEBUG:colcon.colcon_core.event_handler.log_command:Invoking command in '/home/shubham/robot_arm_ws/build/robot_description': CMAKE_PREFIX_PATH=${CMAKE_PREFIX_PATH}:/home/shubham/robot_arm_ws/install/robot_utils:/home/shubham/robot_arm_ws/install/robot_control:/home/shubham/ros2-jazzy-learning/install/tf2_demo:/home/shubham/ros2-jazzy-learning/install/ros2_advanced:/home/shubham/ros2-jazzy-learning/install/robot_manager:/home/shubham/ros2-jazzy-learning/install/robot_bringup:/home/shubham/ros2-jazzy-learning/install/parameter_demo:/home/shubham/ros2-jazzy-learning/install/namespace_demo:/home/shubham/ros2-jazzy-learning/install/my_first_pkg:/home/shubham/ros2-jazzy-learning/install/my_robot_description:/home/shubham/ros2-jazzy-learning/install/my_robot_control:/home/shubham/ros2-jazzy-learning/install/my_robot_bringup:/home/shubham/ros2-jazzy-learning/install/motion_safety_stack:/home/shubham/ros2-jazzy-learning/install/lifecycle_demo:/opt/ros/jazzy DEBUGINFOD_URLS=https://debuginfod.ubuntu.com /usr/bin/cmake --install /home/shubham/robot_arm_ws/build/robot_description
[0.764s] DEBUG:colcon.colcon_core.event_handler.log_command:Invoked command in '/home/shubham/robot_arm_ws/build/robot_interfaces' returned '0': CMAKE_PREFIX_PATH=${CMAKE_PREFIX_PATH}:/home/shubham/robot_arm_ws/install/robot_utils:/home/shubham/robot_arm_ws/install/robot_control:/home/shubham/ros2-jazzy-learning/install/tf2_demo:/home/shubham/ros2-jazzy-learning/install/ros2_advanced:/home/shubham/ros2-jazzy-learning/install/robot_manager:/home/shubham/ros2-jazzy-learning/install/robot_bringup:/home/shubham/ros2-jazzy-learning/install/parameter_demo:/home/shubham/ros2-jazzy-learning/install/namespace_demo:/home/shubham/ros2-jazzy-learning/install/my_first_pkg:/home/shubham/ros2-jazzy-learning/install/my_robot_description:/home/shubham/ros2-jazzy-learning/install/my_robot_control:/home/shubham/ros2-jazzy-learning/install/my_robot_bringup:/home/shubham/ros2-jazzy-learning/install/motion_safety_stack:/home/shubham/ros2-jazzy-learning/install/lifecycle_demo:/opt/ros/jazzy DEBUGINFOD_URLS=https://debuginfod.ubuntu.com /usr/bin/cmake --build /home/shubham/robot_arm_ws/build/robot_interfaces -- -j8 -l8
[0.773s] Level 1:colcon.colcon_core.environment:create_environment_scripts_only(robot_description)
[0.774s] Level 1:colcon.colcon_core.environment:checking '/home/shubham/robot_arm_ws/install/robot_description' for CMake module files
[0.774s] DEBUG:colcon.colcon_core.event_handler.log_command:Invoking command in '/home/shubham/robot_arm_ws/build/robot_interfaces': CMAKE_PREFIX_PATH=${CMAKE_PREFIX_PATH}:/home/shubham/robot_arm_ws/install/robot_utils:/home/shubham/robot_arm_ws/install/robot_control:/home/shubham/ros2-jazzy-learning/install/tf2_demo:/home/shubham/ros2-jazzy-learning/install/ros2_advanced:/home/shubham/ros2-jazzy-learning/install/robot_manager:/home/shubham/ros2-jazzy-learning/install/robot_bringup:/home/shubham/ros2-jazzy-learning/install/parameter_demo:/home/shubham/ros2-jazzy-learning/install/namespace_demo:/home/shubham/ros2-jazzy-learning/install/my_first_pkg:/home/shubham/ros2-jazzy-learning/install/my_robot_description:/home/shubham/ros2-jazzy-learning/install/my_robot_control:/home/shubham/ros2-jazzy-learning/install/my_robot_bringup:/home/shubham/ros2-jazzy-learning/install/motion_safety_stack:/home/shubham/ros2-jazzy-learning/install/lifecycle_demo:/opt/ros/jazzy DEBUGINFOD_URLS=https://debuginfod.ubuntu.com /usr/bin/cmake --install /home/shubham/robot_arm_ws/build/robot_interfaces
[0.776s] Level 1:colcon.colcon_core.environment:checking '/home/shubham/robot_arm_ws/install/robot_description' for CMake config files
[0.778s] Level 1:colcon.colcon_core.shell:create_environment_hook('robot_description', 'cmake_prefix_path')
[0.781s] INFO:colcon.colcon_core.shell:Creating environment hook '/home/shubham/robot_arm_ws/install/robot_description/share/robot_description/hook/cmake_prefix_path.ps1'
[0.784s] INFO:colcon.colcon_core.shell:Creating environment descriptor '/home/shubham/robot_arm_ws/install/robot_description/share/robot_description/hook/cmake_prefix_path.dsv'
[0.785s] INFO:colcon.colcon_core.shell:Creating environment hook '/home/shubham/robot_arm_ws/install/robot_description/share/robot_description/hook/cmake_prefix_path.sh'
[0.787s] Level 1:colcon.colcon_core.environment:checking '/home/shubham/robot_arm_ws/install/robot_description/bin'
[0.787s] Level 1:colcon.colcon_core.environment:checking '/home/shubham/robot_arm_ws/install/robot_description/lib/pkgconfig/robot_description.pc'
[0.787s] Level 1:colcon.colcon_core.environment:checking '/home/shubham/robot_arm_ws/install/robot_description/lib/python3.12/site-packages'
[0.788s] Level 1:colcon.colcon_core.environment:checking '/home/shubham/robot_arm_ws/install/robot_description/bin'
[0.789s] INFO:colcon.colcon_core.shell:Creating package script '/home/shubham/robot_arm_ws/install/robot_description/share/robot_description/package.ps1'
[0.790s] INFO:colcon.colcon_core.shell:Creating package descriptor '/home/shubham/robot_arm_ws/install/robot_description/share/robot_description/package.dsv'
[0.790s] INFO:colcon.colcon_core.shell:Creating package script '/home/shubham/robot_arm_ws/install/robot_description/share/robot_description/package.sh'
[0.791s] INFO:colcon.colcon_core.shell:Creating package script '/home/shubham/robot_arm_ws/install/robot_description/share/robot_description/package.bash'
[0.792s] INFO:colcon.colcon_core.shell:Creating package script '/home/shubham/robot_arm_ws/install/robot_description/share/robot_description/package.zsh'
[0.792s] Level 1:colcon.colcon_core.environment:create_file_with_runtime_dependencies(/home/shubham/robot_arm_ws/install/robot_description/share/colcon-core/packages/robot_description)
[0.793s] Level 1:colcon.colcon_core.environment:create_environment_scripts_only(robot_description)
[0.794s] Level 1:colcon.colcon_core.environment:checking '/home/shubham/robot_arm_ws/install/robot_description' for CMake module files
[0.794s] Level 1:colcon.colcon_core.environment:checking '/home/shubham/robot_arm_ws/install/robot_description' for CMake config files
[0.795s] DEBUG:colcon.colcon_core.event_handler.log_command:Invoked command in '/home/shubham/robot_arm_ws/build/robot_description' returned '0': CMAKE_PREFIX_PATH=${CMAKE_PREFIX_PATH}:/home/shubham/robot_arm_ws/install/robot_utils:/home/shubham/robot_arm_ws/install/robot_control:/home/shubham/ros2-jazzy-learning/install/tf2_demo:/home/shubham/ros2-jazzy-learning/install/ros2_advanced:/home/shubham/ros2-jazzy-learning/install/robot_manager:/home/shubham/ros2-jazzy-learning/install/robot_bringup:/home/shubham/ros2-jazzy-learning/install/parameter_demo:/home/shubham/ros2-jazzy-learning/install/namespace_demo:/home/shubham/ros2-jazzy-learning/install/my_first_pkg:/home/shubham/ros2-jazzy-learning/install/my_robot_description:/home/shubham/ros2-jazzy-learning/install/my_robot_control:/home/shubham/ros2-jazzy-learning/install/my_robot_bringup:/home/shubham/ros2-jazzy-learning/install/motion_safety_stack:/home/shubham/ros2-jazzy-learning/install/lifecycle_demo:/opt/ros/jazzy DEBUGINFOD_URLS=https://debuginfod.ubuntu.com /usr/bin/cmake --install /home/shubham/robot_arm_ws/build/robot_description
[0.795s] Level 1:colcon.colcon_core.shell:create_environment_hook('robot_description', 'cmake_prefix_path')
[0.796s] INFO:colcon.colcon_core.shell:Creating environment hook '/home/shubham/robot_arm_ws/install/robot_description/share/robot_description/hook/cmake_prefix_path.ps1'
[0.797s] INFO:colcon.colcon_core.shell:Creating environment descriptor '/home/shubham/robot_arm_ws/install/robot_description/share/robot_description/hook/cmake_prefix_path.dsv'
[0.797s] INFO:colcon.colcon_core.shell:Creating environment hook '/home/shubham/robot_arm_ws/install/robot_description/share/robot_description/hook/cmake_prefix_path.sh'
[0.798s] Level 1:colcon.colcon_core.environment:checking '/home/shubham/robot_arm_ws/install/robot_description/bin'
[0.798s] Level 1:colcon.colcon_core.environment:checking '/home/shubham/robot_arm_ws/install/robot_description/lib/pkgconfig/robot_description.pc'
[0.799s] Level 1:colcon.colcon_core.environment:checking '/home/shubham/robot_arm_ws/install/robot_description/lib/python3.12/site-packages'
[0.799s] Level 1:colcon.colcon_core.environment:checking '/home/shubham/robot_arm_ws/install/robot_description/bin'
[0.799s] INFO:colcon.colcon_core.shell:Creating package script '/home/shubham/robot_arm_ws/install/robot_description/share/robot_description/package.ps1'
[0.800s] INFO:colcon.colcon_core.shell:Creating package descriptor '/home/shubham/robot_arm_ws/install/robot_description/share/robot_description/package.dsv'
[0.801s] INFO:colcon.colcon_core.shell:Creating package script '/home/shubham/robot_arm_ws/install/robot_description/share/robot_description/package.sh'
[0.801s] INFO:colcon.colcon_core.shell:Creating package script '/home/shubham/robot_arm_ws/install/robot_description/share/robot_description/package.bash'
[0.802s] INFO:colcon.colcon_core.shell:Creating package script '/home/shubham/robot_arm_ws/install/robot_description/share/robot_description/package.zsh'
[0.802s] Level 1:colcon.colcon_core.environment:create_file_with_runtime_dependencies(/home/shubham/robot_arm_ws/install/robot_description/share/colcon-core/packages/robot_description)
[0.803s] Level 1:colcon.colcon_core.environment:create_environment_scripts_only(robot_interfaces)
[0.804s] Level 1:colcon.colcon_core.environment:checking '/home/shubham/robot_arm_ws/install/robot_interfaces' for CMake module files
[0.804s] DEBUG:colcon.colcon_core.event_handler.log_command:Invoked command in '/home/shubham/robot_arm_ws/build/robot_interfaces' returned '0': CMAKE_PREFIX_PATH=${CMAKE_PREFIX_PATH}:/home/shubham/robot_arm_ws/install/robot_utils:/home/shubham/robot_arm_ws/install/robot_control:/home/shubham/ros2-jazzy-learning/install/tf2_demo:/home/shubham/ros2-jazzy-learning/install/ros2_advanced:/home/shubham/ros2-jazzy-learning/install/robot_manager:/home/shubham/ros2-jazzy-learning/install/robot_bringup:/home/shubham/ros2-jazzy-learning/install/parameter_demo:/home/shubham/ros2-jazzy-learning/install/namespace_demo:/home/shubham/ros2-jazzy-learning/install/my_first_pkg:/home/shubham/ros2-jazzy-learning/install/my_robot_description:/home/shubham/ros2-jazzy-learning/install/my_robot_control:/home/shubham/ros2-jazzy-learning/install/my_robot_bringup:/home/shubham/ros2-jazzy-learning/install/motion_safety_stack:/home/shubham/ros2-jazzy-learning/install/lifecycle_demo:/opt/ros/jazzy DEBUGINFOD_URLS=https://debuginfod.ubuntu.com /usr/bin/cmake --install /home/shubham/robot_arm_ws/build/robot_interfaces
[0.805s] Level 1:colcon.colcon_core.environment:checking '/home/shubham/robot_arm_ws/install/robot_interfaces' for CMake config files
[0.805s] Level 1:colcon.colcon_core.shell:create_environment_hook('robot_interfaces', 'cmake_prefix_path')
[0.805s] INFO:colcon.colcon_core.shell:Creating environment hook '/home/shubham/robot_arm_ws/install/robot_interfaces/share/robot_interfaces/hook/cmake_prefix_path.ps1'
[0.806s] INFO:colcon.colcon_core.shell:Creating environment descriptor '/home/shubham/robot_arm_ws/install/robot_interfaces/share/robot_interfaces/hook/cmake_prefix_path.dsv'
[0.806s] INFO:colcon.colcon_core.shell:Creating environment hook '/home/shubham/robot_arm_ws/install/robot_interfaces/share/robot_interfaces/hook/cmake_prefix_path.sh'
[0.807s] Level 1:colcon.colcon_core.environment:checking '/home/shubham/robot_arm_ws/install/robot_interfaces/bin'
[0.807s] Level 1:colcon.colcon_core.environment:checking '/home/shubham/robot_arm_ws/install/robot_interfaces/lib/pkgconfig/robot_interfaces.pc'
[0.808s] Level 1:colcon.colcon_core.environment:checking '/home/shubham/robot_arm_ws/install/robot_interfaces/lib/python3.12/site-packages'
[0.810s] Level 1:colcon.colcon_core.environment:checking '/home/shubham/robot_arm_ws/install/robot_interfaces/bin'
[0.810s] INFO:colcon.colcon_core.shell:Creating package script '/home/shubham/robot_arm_ws/install/robot_interfaces/share/robot_interfaces/package.ps1'
[0.811s] INFO:colcon.colcon_core.shell:Creating package descriptor '/home/shubham/robot_arm_ws/install/robot_interfaces/share/robot_interfaces/package.dsv'
[0.812s] INFO:colcon.colcon_core.shell:Creating package script '/home/shubham/robot_arm_ws/install/robot_interfaces/share/robot_interfaces/package.sh'
[0.814s] INFO:colcon.colcon_core.shell:Creating package script '/home/shubham/robot_arm_ws/install/robot_interfaces/share/robot_interfaces/package.bash'
[0.815s] INFO:colcon.colcon_core.shell:Creating package script '/home/shubham/robot_arm_ws/install/robot_interfaces/share/robot_interfaces/package.zsh'
[0.816s] Level 1:colcon.colcon_core.environment:create_file_with_runtime_dependencies(/home/shubham/robot_arm_ws/install/robot_interfaces/share/colcon-core/packages/robot_interfaces)
[0.817s] Level 1:colcon.colcon_core.environment:create_environment_scripts_only(robot_interfaces)
[0.817s] Level 1:colcon.colcon_core.environment:checking '/home/shubham/robot_arm_ws/install/robot_interfaces' for CMake module files
[0.818s] Level 1:colcon.colcon_core.environment:checking '/home/shubham/robot_arm_ws/install/robot_interfaces' for CMake config files
[0.818s] Level 1:colcon.colcon_core.shell:create_environment_hook('robot_interfaces', 'cmake_prefix_path')
[0.818s] INFO:colcon.colcon_core.shell:Creating environment hook '/home/shubham/robot_arm_ws/install/robot_interfaces/share/robot_interfaces/hook/cmake_prefix_path.ps1'
[0.819s] INFO:colcon.colcon_core.shell:Creating environment descriptor '/home/shubham/robot_arm_ws/install/robot_interfaces/share/robot_interfaces/hook/cmake_prefix_path.dsv'
[0.820s] INFO:colcon.colcon_core.shell:Creating environment hook '/home/shubham/robot_arm_ws/install/robot_interfaces/share/robot_interfaces/hook/cmake_prefix_path.sh'
[0.820s] Level 1:colcon.colcon_core.environment:checking '/home/shubham/robot_arm_ws/install/robot_interfaces/bin'
[0.821s] Level 1:colcon.colcon_core.environment:checking '/home/shubham/robot_arm_ws/install/robot_interfaces/lib/pkgconfig/robot_interfaces.pc'
[0.821s] Level 1:colcon.colcon_core.environment:checking '/home/shubham/robot_arm_ws/install/robot_interfaces/lib/python3.12/site-packages'
[0.822s] Level 1:colcon.colcon_core.environment:checking '/home/shubham/robot_arm_ws/install/robot_interfaces/bin'
[0.822s] INFO:colcon.colcon_core.shell:Creating package script '/home/shubham/robot_arm_ws/install/robot_interfaces/share/robot_interfaces/package.ps1'
[0.823s] INFO:colcon.colcon_core.shell:Creating package descriptor '/home/shubham/robot_arm_ws/install/robot_interfaces/share/robot_interfaces/package.dsv'
[0.824s] INFO:colcon.colcon_core.shell:Creating package script '/home/shubham/robot_arm_ws/install/robot_interfaces/share/robot_interfaces/package.sh'
[0.825s] INFO:colcon.colcon_core.shell:Creating package script '/home/shubham/robot_arm_ws/install/robot_interfaces/share/robot_interfaces/package.bash'
[0.825s] INFO:colcon.colcon_core.shell:Creating package script '/home/shubham/robot_arm_ws/install/robot_interfaces/share/robot_interfaces/package.zsh'
[0.826s] Level 1:colcon.colcon_core.environment:create_file_with_runtime_dependencies(/home/shubham/robot_arm_ws/install/robot_interfaces/share/colcon-core/packages/robot_interfaces)
[1.411s] DEBUG:colcon.colcon_core.task.python.build:Available setuptools commands: setopt, install_lib, bdist_rpm, install, init_catalog, bdist_wheel, bdist_egg, build, check, easy_install, clean, test, bdist_dumb, egg_info, compile_catalog, bdist, install_scripts, sdist, build_scripts, install_egg_info, dist_info, build_py, install_headers, install_data, editable_wheel, develop, update_catalog, build_ext, rotate, register, saveopts, alias, extract_messages, symlink_data, upload_docs, build_clib, upload
[1.413s] DEBUG:colcon.colcon_core.event_handler.log_command:Invoking command in '/home/shubham/robot_arm_ws/src/robot_control': DEBUGINFOD_URLS=https://debuginfod.ubuntu.com PYTHONPATH=/home/shubham/robot_arm_ws/build/robot_control/prefix_override:/usr/lib/python3/dist-packages/colcon_core/task/python/colcon_distutils_commands:/home/shubham/robot_arm_ws/install/robot_control/lib/python3.12/site-packages:${PYTHONPATH} /usr/bin/python3 -W ignore:setup.py install is deprecated -W ignore:easy_install command is deprecated setup.py egg_info --egg-base ../../build/robot_control build --build-base /home/shubham/robot_arm_ws/build/robot_control/build install --record /home/shubham/robot_arm_ws/build/robot_control/install.log --install-scripts $base/lib/robot_control --single-version-externally-managed install_data
[1.749s] DEBUG:colcon.colcon_core.task.python.build:Available setuptools commands: setopt, install_lib, bdist_rpm, install, init_catalog, bdist_wheel, bdist_egg, build, check, easy_install, clean, test, bdist_dumb, egg_info, compile_catalog, bdist, install_scripts, sdist, build_scripts, install_egg_info, dist_info, build_py, install_headers, install_data, editable_wheel, develop, update_catalog, build_ext, rotate, register, saveopts, alias, extract_messages, symlink_data, upload_docs, build_clib, upload
[1.752s] DEBUG:colcon.colcon_core.event_handler.log_command:Invoking command in '/home/shubham/robot_arm_ws/src/robot_utils': DEBUGINFOD_URLS=https://debuginfod.ubuntu.com PYTHONPATH=/home/shubham/robot_arm_ws/build/robot_utils/prefix_override:/usr/lib/python3/dist-packages/colcon_core/task/python/colcon_distutils_commands:/home/shubham/robot_arm_ws/install/robot_utils/lib/python3.12/site-packages:${PYTHONPATH} /usr/bin/python3 -W ignore:setup.py install is deprecated -W ignore:easy_install command is deprecated setup.py egg_info --egg-base ../../build/robot_utils build --build-base /home/shubham/robot_arm_ws/build/robot_utils/build install --record /home/shubham/robot_arm_ws/build/robot_utils/install.log --install-scripts $base/lib/robot_utils --single-version-externally-managed install_data
[1.974s] Level 1:colcon.colcon_core.environment:checking '/home/shubham/robot_arm_ws/install/robot_control' for CMake module files
[1.975s] DEBUG:colcon.colcon_core.event_handler.log_command:Invoked command in '/home/shubham/robot_arm_ws/src/robot_control' returned '0': DEBUGINFOD_URLS=https://debuginfod.ubuntu.com PYTHONPATH=/home/shubham/robot_arm_ws/build/robot_control/prefix_override:/usr/lib/python3/dist-packages/colcon_core/task/python/colcon_distutils_commands:/home/shubham/robot_arm_ws/install/robot_control/lib/python3.12/site-packages:${PYTHONPATH} /usr/bin/python3 -W ignore:setup.py install is deprecated -W ignore:easy_install command is deprecated setup.py egg_info --egg-base ../../build/robot_control build --build-base /home/shubham/robot_arm_ws/build/robot_control/build install --record /home/shubham/robot_arm_ws/build/robot_control/install.log --install-scripts $base/lib/robot_control --single-version-externally-managed install_data
[1.975s] Level 1:colcon.colcon_core.environment:checking '/home/shubham/robot_arm_ws/install/robot_control' for CMake config files
[1.976s] Level 1:colcon.colcon_core.environment:checking '/home/shubham/robot_arm_ws/install/robot_control/lib'
[1.976s] Level 1:colcon.colcon_core.environment:checking '/home/shubham/robot_arm_ws/install/robot_control/bin'
[1.976s] Level 1:colcon.colcon_core.environment:checking '/home/shubham/robot_arm_ws/install/robot_control/lib/pkgconfig/robot_control.pc'
[1.976s] Level 1:colcon.colcon_core.environment:checking '/home/shubham/robot_arm_ws/install/robot_control/lib/python3.12/site-packages'
[1.976s] Level 1:colcon.colcon_core.shell:create_environment_hook('robot_control', 'pythonpath')
[1.977s] INFO:colcon.colcon_core.shell:Creating environment hook '/home/shubham/robot_arm_ws/install/robot_control/share/robot_control/hook/pythonpath.ps1'
[1.977s] INFO:colcon.colcon_core.shell:Creating environment descriptor '/home/shubham/robot_arm_ws/install/robot_control/share/robot_control/hook/pythonpath.dsv'
[1.977s] INFO:colcon.colcon_core.shell:Creating environment hook '/home/shubham/robot_arm_ws/install/robot_control/share/robot_control/hook/pythonpath.sh'
[1.978s] Level 1:colcon.colcon_core.environment:checking '/home/shubham/robot_arm_ws/install/robot_control/bin'
[1.978s] Level 1:colcon.colcon_core.environment:create_environment_scripts_only(robot_control)
[1.978s] INFO:colcon.colcon_core.shell:Creating package script '/home/shubham/robot_arm_ws/install/robot_control/share/robot_control/package.ps1'
[1.979s] INFO:colcon.colcon_core.shell:Creating package descriptor '/home/shubham/robot_arm_ws/install/robot_control/share/robot_control/package.dsv'
[1.979s] INFO:colcon.colcon_core.shell:Creating package script '/home/shubham/robot_arm_ws/install/robot_control/share/robot_control/package.sh'
[1.980s] INFO:colcon.colcon_core.shell:Creating package script '/home/shubham/robot_arm_ws/install/robot_control/share/robot_control/package.bash'
[1.980s] INFO:colcon.colcon_core.shell:Creating package script '/home/shubham/robot_arm_ws/install/robot_control/share/robot_control/package.zsh'
[1.980s] Level 1:colcon.colcon_core.environment:create_file_with_runtime_dependencies(/home/shubham/robot_arm_ws/install/robot_control/share/colcon-core/packages/robot_control)
[2.268s] Level 1:colcon.colcon_core.environment:checking '/home/shubham/robot_arm_ws/install/robot_utils' for CMake module files
[2.268s] DEBUG:colcon.colcon_core.event_handler.log_command:Invoked command in '/home/shubham/robot_arm_ws/src/robot_utils' returned '0': DEBUGINFOD_URLS=https://debuginfod.ubuntu.com PYTHONPATH=/home/shubham/robot_arm_ws/build/robot_utils/prefix_override:/usr/lib/python3/dist-packages/colcon_core/task/python/colcon_distutils_commands:/home/shubham/robot_arm_ws/install/robot_utils/lib/python3.12/site-packages:${PYTHONPATH} /usr/bin/python3 -W ignore:setup.py install is deprecated -W ignore:easy_install command is deprecated setup.py egg_info --egg-base ../../build/robot_utils build --build-base /home/shubham/robot_arm_ws/build/robot_utils/build install --record /home/shubham/robot_arm_ws/build/robot_utils/install.log --install-scripts $base/lib/robot_utils --single-version-externally-managed install_data
[2.269s] Level 1:colcon.colcon_core.environment:checking '/home/shubham/robot_arm_ws/install/robot_utils' for CMake config files
[2.269s] Level 1:colcon.colcon_core.environment:checking '/home/shubham/robot_arm_ws/install/robot_utils/lib'
[2.269s] Level 1:colcon.colcon_core.environment:checking '/home/shubham/robot_arm_ws/install/robot_utils/bin'
[2.269s] Level 1:colcon.colcon_core.environment:checking '/home/shubham/robot_arm_ws/install/robot_utils/lib/pkgconfig/robot_utils.pc'
[2.270s] Level 1:colcon.colcon_core.environment:checking '/home/shubham/robot_arm_ws/install/robot_utils/lib/python3.12/site-packages'
[2.270s] Level 1:colcon.colcon_core.shell:create_environment_hook('robot_utils', 'pythonpath')
[2.270s] INFO:colcon.colcon_core.shell:Creating environment hook '/home/shubham/robot_arm_ws/install/robot_utils/share/robot_utils/hook/pythonpath.ps1'
[2.271s] INFO:colcon.colcon_core.shell:Creating environment descriptor '/home/shubham/robot_arm_ws/install/robot_utils/share/robot_utils/hook/pythonpath.dsv'
[2.271s] INFO:colcon.colcon_core.shell:Creating environment hook '/home/shubham/robot_arm_ws/install/robot_utils/share/robot_utils/hook/pythonpath.sh'
[2.272s] Level 1:colcon.colcon_core.environment:checking '/home/shubham/robot_arm_ws/install/robot_utils/bin'
[2.272s] Level 1:colcon.colcon_core.environment:create_environment_scripts_only(robot_utils)
[2.272s] INFO:colcon.colcon_core.shell:Creating package script '/home/shubham/robot_arm_ws/install/robot_utils/share/robot_utils/package.ps1'
[2.273s] INFO:colcon.colcon_core.shell:Creating package descriptor '/home/shubham/robot_arm_ws/install/robot_utils/share/robot_utils/package.dsv'
[2.273s] INFO:colcon.colcon_core.shell:Creating package script '/home/shubham/robot_arm_ws/install/robot_utils/share/robot_utils/package.sh'
[2.274s] INFO:colcon.colcon_core.shell:Creating package script '/home/shubham/robot_arm_ws/install/robot_utils/share/robot_utils/package.bash'
[2.274s] INFO:colcon.colcon_core.shell:Creating package script '/home/shubham/robot_arm_ws/install/robot_utils/share/robot_utils/package.zsh'
[2.275s] Level 1:colcon.colcon_core.environment:create_file_with_runtime_dependencies(/home/shubham/robot_arm_ws/install/robot_utils/share/colcon-core/packages/robot_utils)
[2.275s] DEBUG:colcon.colcon_parallel_executor.executor.parallel:closing loop
[2.275s] DEBUG:colcon.colcon_parallel_executor.executor.parallel:loop closed
[2.275s] DEBUG:colcon.colcon_parallel_executor.executor.parallel:run_until_complete finished with '0'
[2.275s] DEBUG:colcon.colcon_core.event_reactor:joining thread
[2.282s] INFO:colcon.colcon_core.plugin_system:Skipping extension 'colcon_notification.desktop_notification.terminal_notifier': Not used on non-Darwin systems
[2.283s] INFO:colcon.colcon_core.plugin_system:Skipping extension 'colcon_notification.desktop_notification.win32': Not used on non-Windows systems
[2.283s] INFO:colcon.colcon_notification.desktop_notification:Sending desktop notification using 'notify2'
[2.291s] DEBUG:colcon.colcon_core.event_reactor:joined thread
[2.291s] INFO:colcon.colcon_core.shell:Creating prefix script '/home/shubham/robot_arm_ws/install/local_setup.ps1'
[2.292s] INFO:colcon.colcon_core.shell:Creating prefix util module '/home/shubham/robot_arm_ws/install/_local_setup_util_ps1.py'
[2.294s] INFO:colcon.colcon_core.shell:Creating prefix chain script '/home/shubham/robot_arm_ws/install/setup.ps1'
[2.296s] INFO:colcon.colcon_core.shell:Creating prefix script '/home/shubham/robot_arm_ws/install/local_setup.sh'
[2.297s] INFO:colcon.colcon_core.shell:Creating prefix util module '/home/shubham/robot_arm_ws/install/_local_setup_util_sh.py'
[2.298s] INFO:colcon.colcon_core.shell:Creating prefix chain script '/home/shubham/robot_arm_ws/install/setup.sh'
[2.300s] INFO:colcon.colcon_core.shell:Creating prefix script '/home/shubham/robot_arm_ws/install/local_setup.bash'
[2.301s] INFO:colcon.colcon_core.shell:Creating prefix chain script '/home/shubham/robot_arm_ws/install/setup.bash'
[2.303s] INFO:colcon.colcon_core.shell:Creating prefix script '/home/shubham/robot_arm_ws/install/local_setup.zsh'
[2.303s] INFO:colcon.colcon_core.shell:Creating prefix chain script '/home/shubham/robot_arm_ws/install/setup.zsh'
