[1.382s] Invoking command in '/home/shubham/robot_arm_ws/src/robot_utils': DEBUGINFOD_URLS=https://debuginfod.ubuntu.com PYTHONPATH=/home/shubham/robot_arm_ws/build/robot_utils/prefix_override:/usr/lib/python3/dist-packages/colcon_core/task/python/colcon_distutils_commands:/home/shubham/robot_arm_ws/install/robot_utils/lib/python3.12/site-packages:${PYTHONPATH} /usr/bin/python3 -W ignore:setup.py install is deprecated -W ignore:easy_install command is deprecated setup.py egg_info --egg-base ../../build/robot_utils build --build-base /home/shubham/robot_arm_ws/build/robot_utils/build install --record /home/shubham/robot_arm_ws/build/robot_utils/install.log --install-scripts $base/lib/robot_utils --single-version-externally-managed install_data
[1.656s] running egg_info
[1.656s] creating ../../build/robot_utils/robot_utils.egg-info
[1.672s] writing ../../build/robot_utils/robot_utils.egg-info/PKG-INFO
[1.672s] writing dependency_links to ../../build/robot_utils/robot_utils.egg-info/dependency_links.txt
[1.672s] writing requirements to ../../build/robot_utils/robot_utils.egg-info/requires.txt
[1.672s] writing top-level names to ../../build/robot_utils/robot_utils.egg-info/top_level.txt
[1.672s] writing manifest file '../../build/robot_utils/robot_utils.egg-info/SOURCES.txt'
[1.708s] reading manifest file '../../build/robot_utils/robot_utils.egg-info/SOURCES.txt'
[1.709s] writing manifest file '../../build/robot_utils/robot_utils.egg-info/SOURCES.txt'
[1.709s] running build
[1.709s] running build_py
[1.709s] creating /home/shubham/robot_arm_ws/build/robot_utils/build
[1.710s] creating /home/shubham/robot_arm_ws/build/robot_utils/build/lib
[1.710s] creating /home/shubham/robot_arm_ws/build/robot_utils/build/lib/robot_utils
[1.710s] copying robot_utils/__init__.py -> /home/shubham/robot_arm_ws/build/robot_utils/build/lib/robot_utils
[1.710s] running install
[1.716s] running install_lib
[1.736s] creating /home/shubham/robot_arm_ws/install/robot_utils/lib/python3.12/site-packages/robot_utils
[1.736s] copying /home/shubham/robot_arm_ws/build/robot_utils/build/lib/robot_utils/__init__.py -> /home/shubham/robot_arm_ws/install/robot_utils/lib/python3.12/site-packages/robot_utils
[1.737s] byte-compiling /home/shubham/robot_arm_ws/install/robot_utils/lib/python3.12/site-packages/robot_utils/__init__.py to __init__.cpython-312.pyc
[1.737s] running install_data
[1.737s] creating /home/shubham/robot_arm_ws/install/robot_utils/share/ament_index
[1.737s] creating /home/shubham/robot_arm_ws/install/robot_utils/share/ament_index/resource_index
[1.737s] creating /home/shubham/robot_arm_ws/install/robot_utils/share/ament_index/resource_index/packages
[1.738s] copying resource/robot_utils -> /home/shubham/robot_arm_ws/install/robot_utils/share/ament_index/resource_index/packages
[1.738s] copying package.xml -> /home/shubham/robot_arm_ws/install/robot_utils/share/robot_utils
[1.738s] running install_egg_info
[1.754s] Copying ../../build/robot_utils/robot_utils.egg-info to /home/shubham/robot_arm_ws/install/robot_utils/lib/python3.12/site-packages/robot_utils-0.0.0-py3.12.egg-info
[1.755s] running install_scripts
[1.874s] writing list of installed files to '/home/shubham/robot_arm_ws/build/robot_utils/install.log'
[1.914s] Invoked command in '/home/shubham/robot_arm_ws/src/robot_utils' returned '0': DEBUGINFOD_URLS=https://debuginfod.ubuntu.com PYTHONPATH=/home/shubham/robot_arm_ws/build/robot_utils/prefix_override:/usr/lib/python3/dist-packages/colcon_core/task/python/colcon_distutils_commands:/home/shubham/robot_arm_ws/install/robot_utils/lib/python3.12/site-packages:${PYTHONPATH} /usr/bin/python3 -W ignore:setup.py install is deprecated -W ignore:easy_install command is deprecated setup.py egg_info --egg-base ../../build/robot_utils build --build-base /home/shubham/robot_arm_ws/build/robot_utils/build install --record /home/shubham/robot_arm_ws/build/robot_utils/install.log --install-scripts $base/lib/robot_utils --single-version-externally-managed install_data
