-- Install configuration: ""
-- Up-to-date: /home/shubham/robot_arm_ws/install/robot_description/share/robot_description/urdf
-- Up-to-date: /home/shubham/robot_arm_ws/install/robot_description/share/robot_description/urdf/links.xacro
-- Up-to-date: /home/shubham/robot_arm_ws/install/robot_description/share/robot_description/urdf/transmissions.xacro
-- Up-to-date: /home/shubham/robot_arm_ws/install/robot_description/share/robot_description/urdf/joints.xacro
-- Up-to-date: /home/shubham/robot_arm_ws/install/robot_description/share/robot_description/urdf/materials.xacro
-- Up-to-date: /home/shubham/robot_arm_ws/install/robot_description/share/robot_description/urdf/robot.urdf.xacro
-- Up-to-date: /home/shubham/robot_arm_ws/install/robot_description/share/robot_description/urdf/gazebo.xacro
-- Installing: /home/shubham/robot_arm_ws/install/robot_description/share/robot_description/urdf/macros.xacro
-- Up-to-date: /home/shubham/robot_arm_ws/install/robot_description/share/robot_description/meshes
-- Up-to-date: /home/shubham/robot_arm_ws/install/robot_description/share/robot_description/meshes/Link5.stl
-- Up-to-date: /home/shubham/robot_arm_ws/install/robot_description/share/robot_description/meshes/Link1.stl
-- Up-to-date: /home/shubham/robot_arm_ws/install/robot_description/share/robot_description/meshes/Link4.stl
-- Up-to-date: /home/shubham/robot_arm_ws/install/robot_description/share/robot_description/meshes/Base_Link.stl
-- Up-to-date: /home/shubham/robot_arm_ws/install/robot_description/share/robot_description/meshes/Link2.stl
-- Up-to-date: /home/shubham/robot_arm_ws/install/robot_description/share/robot_description/meshes/Link6.stl
-- Up-to-date: /home/shubham/robot_arm_ws/install/robot_description/share/robot_description/meshes/Link3.stl
-- Up-to-date: /home/shubham/robot_arm_ws/install/robot_description/share/robot_description/launch
-- Up-to-date: /home/shubham/robot_arm_ws/install/robot_description/share/robot_description/launch/display.launch.py
-- Up-to-date: /home/shubham/robot_arm_ws/install/robot_description/share/robot_description/rviz
-- Up-to-date: /home/shubham/robot_arm_ws/install/robot_description/share/robot_description/config
-- Up-to-date: /home/shubham/robot_arm_ws/install/robot_description/share/ament_index/resource_index/package_run_dependencies/robot_description
-- Up-to-date: /home/shubham/robot_arm_ws/install/robot_description/share/ament_index/resource_index/parent_prefix_path/robot_description
-- Up-to-date: /home/shubham/robot_arm_ws/install/robot_description/share/robot_description/environment/ament_prefix_path.sh
-- Up-to-date: /home/shubham/robot_arm_ws/install/robot_description/share/robot_description/environment/ament_prefix_path.dsv
-- Up-to-date: /home/shubham/robot_arm_ws/install/robot_description/share/robot_description/environment/path.sh
-- Up-to-date: /home/shubham/robot_arm_ws/install/robot_description/share/robot_description/environment/path.dsv
-- Up-to-date: /home/shubham/robot_arm_ws/install/robot_description/share/robot_description/local_setup.bash
-- Up-to-date: /home/shubham/robot_arm_ws/install/robot_description/share/robot_description/local_setup.sh
-- Up-to-date: /home/shubham/robot_arm_ws/install/robot_description/share/robot_description/local_setup.zsh
-- Up-to-date: /home/shubham/robot_arm_ws/install/robot_description/share/robot_description/local_setup.dsv
-- Installing: /home/shubham/robot_arm_ws/install/robot_description/share/robot_description/package.dsv
-- Up-to-date: /home/shubham/robot_arm_ws/install/robot_description/share/ament_index/resource_index/packages/robot_description
-- Up-to-date: /home/shubham/robot_arm_ws/install/robot_description/share/robot_description/cmake/robot_descriptionConfig.cmake
-- Up-to-date: /home/shubham/robot_arm_ws/install/robot_description/share/robot_description/cmake/robot_descriptionConfig-version.cmake
-- Up-to-date: /home/shubham/robot_arm_ws/install/robot_description/share/robot_description/package.xml
