[0.085s] Invoking command in '/home/shubham/robot_arm_ws/build/robot_bringup': CMAKE_PREFIX_PATH=${CMAKE_PREFIX_PATH}:/home/shubham/ros2-jazzy-learning/install/tf2_demo:/home/shubham/ros2-jazzy-learning/install/ros2_advanced:/home/shubham/ros2-jazzy-learning/install/robot_manager:/home/shubham/ros2-jazzy-learning/install/robot_bringup:/home/shubham/ros2-jazzy-learning/install/parameter_demo:/home/shubham/ros2-jazzy-learning/install/namespace_demo:/home/shubham/ros2-jazzy-learning/install/my_first_pkg:/home/shubham/ros2-jazzy-learning/install/my_robot_description:/home/shubham/ros2-jazzy-learning/install/my_robot_control:/home/shubham/ros2-jazzy-learning/install/my_robot_bringup:/home/shubham/ros2-jazzy-learning/install/motion_safety_stack:/home/shubham/ros2-jazzy-learning/install/lifecycle_demo:/opt/ros/jazzy DEBUGINFOD_URLS=https://debuginfod.ubuntu.com /usr/bin/cmake --build /home/shubham/robot_arm_ws/build/robot_bringup -- -j8 -l8
[0.974s] Invoked command in '/home/shubham/robot_arm_ws/build/robot_bringup' returned '0': CMAKE_PREFIX_PATH=${CMAKE_PREFIX_PATH}:/home/shubham/ros2-jazzy-learning/install/tf2_demo:/home/shubham/ros2-jazzy-learning/install/ros2_advanced:/home/shubham/ros2-jazzy-learning/install/robot_manager:/home/shubham/ros2-jazzy-learning/install/robot_bringup:/home/shubham/ros2-jazzy-learning/install/parameter_demo:/home/shubham/ros2-jazzy-learning/install/namespace_demo:/home/shubham/ros2-jazzy-learning/install/my_first_pkg:/home/shubham/ros2-jazzy-learning/install/my_robot_description:/home/shubham/ros2-jazzy-learning/install/my_robot_control:/home/shubham/ros2-jazzy-learning/install/my_robot_bringup:/home/shubham/ros2-jazzy-learning/install/motion_safety_stack:/home/shubham/ros2-jazzy-learning/install/lifecycle_demo:/opt/ros/jazzy DEBUGINFOD_URLS=https://debuginfod.ubuntu.com /usr/bin/cmake --build /home/shubham/robot_arm_ws/build/robot_bringup -- -j8 -l8
[0.989s] Invoking command in '/home/shubham/robot_arm_ws/build/robot_bringup': CMAKE_PREFIX_PATH=${CMAKE_PREFIX_PATH}:/home/shubham/ros2-jazzy-learning/install/tf2_demo:/home/shubham/ros2-jazzy-learning/install/ros2_advanced:/home/shubham/ros2-jazzy-learning/install/robot_manager:/home/shubham/ros2-jazzy-learning/install/robot_bringup:/home/shubham/ros2-jazzy-learning/install/parameter_demo:/home/shubham/ros2-jazzy-learning/install/namespace_demo:/home/shubham/ros2-jazzy-learning/install/my_first_pkg:/home/shubham/ros2-jazzy-learning/install/my_robot_description:/home/shubham/ros2-jazzy-learning/install/my_robot_control:/home/shubham/ros2-jazzy-learning/install/my_robot_bringup:/home/shubham/ros2-jazzy-learning/install/motion_safety_stack:/home/shubham/ros2-jazzy-learning/install/lifecycle_demo:/opt/ros/jazzy DEBUGINFOD_URLS=https://debuginfod.ubuntu.com /usr/bin/cmake --install /home/shubham/robot_arm_ws/build/robot_bringup
[1.003s] -- Install configuration: ""
[1.003s] -- Up-to-date: /home/shubham/robot_arm_ws/install/robot_bringup/share/ament_index/resource_index/package_run_dependencies/robot_bringup
[1.004s] -- Up-to-date: /home/shubham/robot_arm_ws/install/robot_bringup/share/ament_index/resource_index/parent_prefix_path/robot_bringup
[1.004s] -- Up-to-date: /home/shubham/robot_arm_ws/install/robot_bringup/share/robot_bringup/environment/ament_prefix_path.sh
[1.004s] -- Up-to-date: /home/shubham/robot_arm_ws/install/robot_bringup/share/robot_bringup/environment/ament_prefix_path.dsv
[1.004s] -- Up-to-date: /home/shubham/robot_arm_ws/install/robot_bringup/share/robot_bringup/environment/path.sh
[1.005s] -- Up-to-date: /home/shubham/robot_arm_ws/install/robot_bringup/share/robot_bringup/environment/path.dsv
[1.005s] -- Up-to-date: /home/shubham/robot_arm_ws/install/robot_bringup/share/robot_bringup/local_setup.bash
[1.005s] -- Up-to-date: /home/shubham/robot_arm_ws/install/robot_bringup/share/robot_bringup/local_setup.sh
[1.005s] -- Up-to-date: /home/shubham/robot_arm_ws/install/robot_bringup/share/robot_bringup/local_setup.zsh
[1.005s] -- Up-to-date: /home/shubham/robot_arm_ws/install/robot_bringup/share/robot_bringup/local_setup.dsv
[1.005s] -- Installing: /home/shubham/robot_arm_ws/install/robot_bringup/share/robot_bringup/package.dsv
[1.006s] -- Up-to-date: /home/shubham/robot_arm_ws/install/robot_bringup/share/ament_index/resource_index/packages/robot_bringup
[1.006s] -- Up-to-date: /home/shubham/robot_arm_ws/install/robot_bringup/share/robot_bringup/cmake/robot_bringupConfig.cmake
[1.006s] -- Up-to-date: /home/shubham/robot_arm_ws/install/robot_bringup/share/robot_bringup/cmake/robot_bringupConfig-version.cmake
[1.006s] -- Up-to-date: /home/shubham/robot_arm_ws/install/robot_bringup/share/robot_bringup/package.xml
[1.010s] Invoked command in '/home/shubham/robot_arm_ws/build/robot_bringup' returned '0': CMAKE_PREFIX_PATH=${CMAKE_PREFIX_PATH}:/home/shubham/ros2-jazzy-learning/install/tf2_demo:/home/shubham/ros2-jazzy-learning/install/ros2_advanced:/home/shubham/ros2-jazzy-learning/install/robot_manager:/home/shubham/ros2-jazzy-learning/install/robot_bringup:/home/shubham/ros2-jazzy-learning/install/parameter_demo:/home/shubham/ros2-jazzy-learning/install/namespace_demo:/home/shubham/ros2-jazzy-learning/install/my_first_pkg:/home/shubham/ros2-jazzy-learning/install/my_robot_description:/home/shubham/ros2-jazzy-learning/install/my_robot_control:/home/shubham/ros2-jazzy-learning/install/my_robot_bringup:/home/shubham/ros2-jazzy-learning/install/motion_safety_stack:/home/shubham/ros2-jazzy-learning/install/lifecycle_demo:/opt/ros/jazzy DEBUGINFOD_URLS=https://debuginfod.ubuntu.com /usr/bin/cmake --install /home/shubham/robot_arm_ws/build/robot_bringup
