[0.138s] DEBUG:colcon:Command line arguments: ['/usr/bin/colcon', 'build']
[0.138s] DEBUG:colcon:Parsed command line arguments: Namespace(log_base=None, log_level=None, verb_name='build', build_base='build', install_base='install', merge_install=False, symlink_install=False, test_result_base=None, continue_on_error=False, executor='parallel', parallel_workers=8, event_handlers=None, ignore_user_meta=False, metas=['./colcon.meta'], base_paths=['.'], packages_ignore=None, packages_ignore_regex=None, paths=None, packages_up_to=None, packages_up_to_regex=None, packages_above=None, packages_above_and_dependencies=None, packages_above_depth=None, packages_select_by_dep=None, packages_skip_by_dep=None, packages_skip_up_to=None, packages_select_build_failed=False, packages_skip_build_finished=False, packages_select_test_failures=False, packages_skip_test_passed=False, packages_select=None, packages_skip=None, packages_select_regex=None, packages_skip_regex=None, packages_start=None, packages_end=None, allow_overriding=[], cmake_args=None, cmake_target=None, cmake_target_skip_unavailable=False, cmake_clean_cache=False, cmake_clean_first=False, cmake_force_configure=False, ament_cmake_args=None, catkin_cmake_args=None, catkin_skip_building_tests=False, mixin_files=None, mixin=None, verb_parser=<colcon_mixin.mixin.mixin_argument.MixinArgumentDecorator object at 0x762f63fe08c0>, verb_extension=<colcon_core.verb.build.BuildVerb object at 0x762f63f014f0>, main=<bound method BuildVerb.main of <colcon_core.verb.build.BuildVerb object at 0x762f63f014f0>>, mixin_verb=('build',))
[0.184s] Level 1:colcon.colcon_core.package_discovery:discover_packages(colcon_meta) check parameters
[0.184s] Level 1:colcon.colcon_core.package_discovery:discover_packages(recursive) check parameters
[0.184s] Level 1:colcon.colcon_core.package_discovery:discover_packages(ignore) check parameters
[0.184s] Level 1:colcon.colcon_core.package_discovery:discover_packages(path) check parameters
[0.184s] Level 1:colcon.colcon_core.package_discovery:discover_packages(colcon_meta) discover
[0.184s] Level 1:colcon.colcon_core.package_discovery:discover_packages(recursive) discover
[0.184s] INFO:colcon.colcon_core.package_discovery:Crawling recursively for packages in '/home/shubham/robot_arm_ws'
[0.184s] Level 1:colcon.colcon_core.package_identification:_identify(.) by extensions ['ignore', 'ignore_ament_install']
[0.185s] Level 1:colcon.colcon_core.package_identification:_identify(.) by extension 'ignore'
[0.185s] Level 1:colcon.colcon_core.package_identification:_identify(.) by extension 'ignore_ament_install'
[0.185s] Level 1:colcon.colcon_core.package_identification:_identify(.) by extensions ['colcon_pkg']
[0.185s] Level 1:colcon.colcon_core.package_identification:_identify(.) by extension 'colcon_pkg'
[0.185s] Level 1:colcon.colcon_core.package_identification:_identify(.) by extensions ['colcon_meta']
[0.185s] Level 1:colcon.colcon_core.package_identification:_identify(.) by extension 'colcon_meta'
[0.185s] Level 1:colcon.colcon_core.package_identification:_identify(.) by extensions ['ros']
[0.185s] Level 1:colcon.colcon_core.package_identification:_identify(.) by extension 'ros'
[0.219s] Level 1:colcon.colcon_core.package_identification:_identify(.) by extensions ['cmake', 'python']
[0.219s] Level 1:colcon.colcon_core.package_identification:_identify(.) by extension 'cmake'
[0.219s] Level 1:colcon.colcon_core.package_identification:_identify(.) by extension 'python'
[0.219s] Level 1:colcon.colcon_core.package_identification:_identify(.) by extensions ['python_setup_py']
[0.219s] Level 1:colcon.colcon_core.package_identification:_identify(.) by extension 'python_setup_py'
[0.219s] Level 1:colcon.colcon_core.package_identification:_identify(build) by extensions ['ignore', 'ignore_ament_install']
[0.219s] Level 1:colcon.colcon_core.package_identification:_identify(build) by extension 'ignore'
[0.220s] Level 1:colcon.colcon_core.package_identification:_identify(build) ignored
[0.220s] Level 1:colcon.colcon_core.package_identification:_identify(config) by extensions ['ignore', 'ignore_ament_install']
[0.220s] Level 1:colcon.colcon_core.package_identification:_identify(config) by extension 'ignore'
[0.220s] Level 1:colcon.colcon_core.package_identification:_identify(config) by extension 'ignore_ament_install'
[0.220s] Level 1:colcon.colcon_core.package_identification:_identify(config) by extensions ['colcon_pkg']
[0.220s] Level 1:colcon.colcon_core.package_identification:_identify(config) by extension 'colcon_pkg'
[0.220s] Level 1:colcon.colcon_core.package_identification:_identify(config) by extensions ['colcon_meta']
[0.220s] Level 1:colcon.colcon_core.package_identification:_identify(config) by extension 'colcon_meta'
[0.220s] Level 1:colcon.colcon_core.package_identification:_identify(config) by extensions ['ros']
[0.220s] Level 1:colcon.colcon_core.package_identification:_identify(config) by extension 'ros'
[0.220s] Level 1:colcon.colcon_core.package_identification:_identify(config) by extensions ['cmake', 'python']
[0.220s] Level 1:colcon.colcon_core.package_identification:_identify(config) by extension 'cmake'
[0.220s] Level 1:colcon.colcon_core.package_identification:_identify(config) by extension 'python'
[0.220s] Level 1:colcon.colcon_core.package_identification:_identify(config) by extensions ['python_setup_py']
[0.220s] Level 1:colcon.colcon_core.package_identification:_identify(config) by extension 'python_setup_py'
[0.220s] Level 1:colcon.colcon_core.package_identification:_identify(docs) by extensions ['ignore', 'ignore_ament_install']
[0.221s] Level 1:colcon.colcon_core.package_identification:_identify(docs) by extension 'ignore'
[0.221s] Level 1:colcon.colcon_core.package_identification:_identify(docs) by extension 'ignore_ament_install'
[0.221s] Level 1:colcon.colcon_core.package_identification:_identify(docs) by extensions ['colcon_pkg']
[0.221s] Level 1:colcon.colcon_core.package_identification:_identify(docs) by extension 'colcon_pkg'
[0.221s] Level 1:colcon.colcon_core.package_identification:_identify(docs) by extensions ['colcon_meta']
[0.221s] Level 1:colcon.colcon_core.package_identification:_identify(docs) by extension 'colcon_meta'
[0.221s] Level 1:colcon.colcon_core.package_identification:_identify(docs) by extensions ['ros']
[0.221s] Level 1:colcon.colcon_core.package_identification:_identify(docs) by extension 'ros'
[0.221s] Level 1:colcon.colcon_core.package_identification:_identify(docs) by extensions ['cmake', 'python']
[0.221s] Level 1:colcon.colcon_core.package_identification:_identify(docs) by extension 'cmake'
[0.221s] Level 1:colcon.colcon_core.package_identification:_identify(docs) by extension 'python'
[0.221s] Level 1:colcon.colcon_core.package_identification:_identify(docs) by extensions ['python_setup_py']
[0.221s] Level 1:colcon.colcon_core.package_identification:_identify(docs) by extension 'python_setup_py'
[0.221s] Level 1:colcon.colcon_core.package_identification:_identify(install) by extensions ['ignore', 'ignore_ament_install']
[0.221s] Level 1:colcon.colcon_core.package_identification:_identify(install) by extension 'ignore'
[0.221s] Level 1:colcon.colcon_core.package_identification:_identify(install) ignored
[0.221s] Level 1:colcon.colcon_core.package_identification:_identify(launch) by extensions ['ignore', 'ignore_ament_install']
[0.222s] Level 1:colcon.colcon_core.package_identification:_identify(launch) by extension 'ignore'
[0.222s] Level 1:colcon.colcon_core.package_identification:_identify(launch) by extension 'ignore_ament_install'
[0.222s] Level 1:colcon.colcon_core.package_identification:_identify(launch) by extensions ['colcon_pkg']
[0.222s] Level 1:colcon.colcon_core.package_identification:_identify(launch) by extension 'colcon_pkg'
[0.222s] Level 1:colcon.colcon_core.package_identification:_identify(launch) by extensions ['colcon_meta']
[0.222s] Level 1:colcon.colcon_core.package_identification:_identify(launch) by extension 'colcon_meta'
[0.222s] Level 1:colcon.colcon_core.package_identification:_identify(launch) by extensions ['ros']
[0.222s] Level 1:colcon.colcon_core.package_identification:_identify(launch) by extension 'ros'
[0.222s] Level 1:colcon.colcon_core.package_identification:_identify(launch) by extensions ['cmake', 'python']
[0.222s] Level 1:colcon.colcon_core.package_identification:_identify(launch) by extension 'cmake'
[0.222s] Level 1:colcon.colcon_core.package_identification:_identify(launch) by extension 'python'
[0.222s] Level 1:colcon.colcon_core.package_identification:_identify(launch) by extensions ['python_setup_py']
[0.222s] Level 1:colcon.colcon_core.package_identification:_identify(launch) by extension 'python_setup_py'
[0.222s] Level 1:colcon.colcon_core.package_identification:_identify(log) by extensions ['ignore', 'ignore_ament_install']
[0.222s] Level 1:colcon.colcon_core.package_identification:_identify(log) by extension 'ignore'
[0.222s] Level 1:colcon.colcon_core.package_identification:_identify(log) ignored
[0.222s] Level 1:colcon.colcon_core.package_identification:_identify(meshes) by extensions ['ignore', 'ignore_ament_install']
[0.223s] Level 1:colcon.colcon_core.package_identification:_identify(meshes) by extension 'ignore'
[0.223s] Level 1:colcon.colcon_core.package_identification:_identify(meshes) by extension 'ignore_ament_install'
[0.223s] Level 1:colcon.colcon_core.package_identification:_identify(meshes) by extensions ['colcon_pkg']
[0.223s] Level 1:colcon.colcon_core.package_identification:_identify(meshes) by extension 'colcon_pkg'
[0.223s] Level 1:colcon.colcon_core.package_identification:_identify(meshes) by extensions ['colcon_meta']
[0.223s] Level 1:colcon.colcon_core.package_identification:_identify(meshes) by extension 'colcon_meta'
[0.223s] Level 1:colcon.colcon_core.package_identification:_identify(meshes) by extensions ['ros']
[0.223s] Level 1:colcon.colcon_core.package_identification:_identify(meshes) by extension 'ros'
[0.223s] Level 1:colcon.colcon_core.package_identification:_identify(meshes) by extensions ['cmake', 'python']
[0.223s] Level 1:colcon.colcon_core.package_identification:_identify(meshes) by extension 'cmake'
[0.223s] Level 1:colcon.colcon_core.package_identification:_identify(meshes) by extension 'python'
[0.223s] Level 1:colcon.colcon_core.package_identification:_identify(meshes) by extensions ['python_setup_py']
[0.223s] Level 1:colcon.colcon_core.package_identification:_identify(meshes) by extension 'python_setup_py'
[0.223s] Level 1:colcon.colcon_core.package_identification:_identify(rviz) by extensions ['ignore', 'ignore_ament_install']
[0.223s] Level 1:colcon.colcon_core.package_identification:_identify(rviz) by extension 'ignore'
[0.223s] Level 1:colcon.colcon_core.package_identification:_identify(rviz) by extension 'ignore_ament_install'
[0.223s] Level 1:colcon.colcon_core.package_identification:_identify(rviz) by extensions ['colcon_pkg']
[0.223s] Level 1:colcon.colcon_core.package_identification:_identify(rviz) by extension 'colcon_pkg'
[0.223s] Level 1:colcon.colcon_core.package_identification:_identify(rviz) by extensions ['colcon_meta']
[0.223s] Level 1:colcon.colcon_core.package_identification:_identify(rviz) by extension 'colcon_meta'
[0.223s] Level 1:colcon.colcon_core.package_identification:_identify(rviz) by extensions ['ros']
[0.224s] Level 1:colcon.colcon_core.package_identification:_identify(rviz) by extension 'ros'
[0.224s] Level 1:colcon.colcon_core.package_identification:_identify(rviz) by extensions ['cmake', 'python']
[0.224s] Level 1:colcon.colcon_core.package_identification:_identify(rviz) by extension 'cmake'
[0.224s] Level 1:colcon.colcon_core.package_identification:_identify(rviz) by extension 'python'
[0.224s] Level 1:colcon.colcon_core.package_identification:_identify(rviz) by extensions ['python_setup_py']
[0.224s] Level 1:colcon.colcon_core.package_identification:_identify(rviz) by extension 'python_setup_py'
[0.224s] Level 1:colcon.colcon_core.package_identification:_identify(src) by extensions ['ignore', 'ignore_ament_install']
[0.224s] Level 1:colcon.colcon_core.package_identification:_identify(src) by extension 'ignore'
[0.224s] Level 1:colcon.colcon_core.package_identification:_identify(src) by extension 'ignore_ament_install'
[0.224s] Level 1:colcon.colcon_core.package_identification:_identify(src) by extensions ['colcon_pkg']
[0.224s] Level 1:colcon.colcon_core.package_identification:_identify(src) by extension 'colcon_pkg'
[0.224s] Level 1:colcon.colcon_core.package_identification:_identify(src) by extensions ['colcon_meta']
[0.224s] Level 1:colcon.colcon_core.package_identification:_identify(src) by extension 'colcon_meta'
[0.224s] Level 1:colcon.colcon_core.package_identification:_identify(src) by extensions ['ros']
[0.224s] Level 1:colcon.colcon_core.package_identification:_identify(src) by extension 'ros'
[0.224s] Level 1:colcon.colcon_core.package_identification:_identify(src) by extensions ['cmake', 'python']
[0.224s] Level 1:colcon.colcon_core.package_identification:_identify(src) by extension 'cmake'
[0.224s] Level 1:colcon.colcon_core.package_identification:_identify(src) by extension 'python'
[0.224s] Level 1:colcon.colcon_core.package_identification:_identify(src) by extensions ['python_setup_py']
[0.224s] Level 1:colcon.colcon_core.package_identification:_identify(src) by extension 'python_setup_py'
[0.225s] Level 1:colcon.colcon_core.package_identification:_identify(src/robot_bringup) by extensions ['ignore', 'ignore_ament_install']
[0.225s] Level 1:colcon.colcon_core.package_identification:_identify(src/robot_bringup) by extension 'ignore'
[0.225s] Level 1:colcon.colcon_core.package_identification:_identify(src/robot_bringup) by extension 'ignore_ament_install'
[0.225s] Level 1:colcon.colcon_core.package_identification:_identify(src/robot_bringup) by extensions ['colcon_pkg']
[0.225s] Level 1:colcon.colcon_core.package_identification:_identify(src/robot_bringup) by extension 'colcon_pkg'
[0.225s] Level 1:colcon.colcon_core.package_identification:_identify(src/robot_bringup) by extensions ['colcon_meta']
[0.225s] Level 1:colcon.colcon_core.package_identification:_identify(src/robot_bringup) by extension 'colcon_meta'
[0.225s] Level 1:colcon.colcon_core.package_identification:_identify(src/robot_bringup) by extensions ['ros']
[0.225s] Level 1:colcon.colcon_core.package_identification:_identify(src/robot_bringup) by extension 'ros'
[0.228s] DEBUG:colcon.colcon_core.package_identification:Package 'src/robot_bringup' with type 'ros.ament_cmake' and name 'robot_bringup'
[0.229s] Level 1:colcon.colcon_core.package_identification:_identify(src/robot_control) by extensions ['ignore', 'ignore_ament_install']
[0.229s] Level 1:colcon.colcon_core.package_identification:_identify(src/robot_control) by extension 'ignore'
[0.229s] Level 1:colcon.colcon_core.package_identification:_identify(src/robot_control) by extension 'ignore_ament_install'
[0.229s] Level 1:colcon.colcon_core.package_identification:_identify(src/robot_control) by extensions ['colcon_pkg']
[0.229s] Level 1:colcon.colcon_core.package_identification:_identify(src/robot_control) by extension 'colcon_pkg'
[0.229s] Level 1:colcon.colcon_core.package_identification:_identify(src/robot_control) by extensions ['colcon_meta']
[0.229s] Level 1:colcon.colcon_core.package_identification:_identify(src/robot_control) by extension 'colcon_meta'
[0.229s] Level 1:colcon.colcon_core.package_identification:_identify(src/robot_control) by extensions ['ros']
[0.229s] Level 1:colcon.colcon_core.package_identification:_identify(src/robot_control) by extension 'ros'
[0.230s] DEBUG:colcon.colcon_core.package_identification:Package 'src/robot_control' with type 'ros.ament_python' and name 'robot_control'
[0.230s] Level 1:colcon.colcon_core.package_identification:_identify(src/robot_description) by extensions ['ignore', 'ignore_ament_install']
[0.230s] Level 1:colcon.colcon_core.package_identification:_identify(src/robot_description) by extension 'ignore'
[0.230s] Level 1:colcon.colcon_core.package_identification:_identify(src/robot_description) by extension 'ignore_ament_install'
[0.230s] Level 1:colcon.colcon_core.package_identification:_identify(src/robot_description) by extensions ['colcon_pkg']
[0.230s] Level 1:colcon.colcon_core.package_identification:_identify(src/robot_description) by extension 'colcon_pkg'
[0.230s] Level 1:colcon.colcon_core.package_identification:_identify(src/robot_description) by extensions ['colcon_meta']
[0.230s] Level 1:colcon.colcon_core.package_identification:_identify(src/robot_description) by extension 'colcon_meta'
[0.230s] Level 1:colcon.colcon_core.package_identification:_identify(src/robot_description) by extensions ['ros']
[0.230s] Level 1:colcon.colcon_core.package_identification:_identify(src/robot_description) by extension 'ros'
[0.231s] DEBUG:colcon.colcon_core.package_identification:Package 'src/robot_description' with type 'ros.ament_cmake' and name 'robot_description'
[0.231s] Level 1:colcon.colcon_core.package_identification:_identify(src/robot_interfaces) by extensions ['ignore', 'ignore_ament_install']
[0.231s] Level 1:colcon.colcon_core.package_identification:_identify(src/robot_interfaces) by extension 'ignore'
[0.231s] Level 1:colcon.colcon_core.package_identification:_identify(src/robot_interfaces) by extension 'ignore_ament_install'
[0.231s] Level 1:colcon.colcon_core.package_identification:_identify(src/robot_interfaces) by extensions ['colcon_pkg']
[0.231s] Level 1:colcon.colcon_core.package_identification:_identify(src/robot_interfaces) by extension 'colcon_pkg'
[0.231s] Level 1:colcon.colcon_core.package_identification:_identify(src/robot_interfaces) by extensions ['colcon_meta']
[0.231s] Level 1:colcon.colcon_core.package_identification:_identify(src/robot_interfaces) by extension 'colcon_meta'
[0.231s] Level 1:colcon.colcon_core.package_identification:_identify(src/robot_interfaces) by extensions ['ros']
[0.231s] Level 1:colcon.colcon_core.package_identification:_identify(src/robot_interfaces) by extension 'ros'
[0.232s] DEBUG:colcon.colcon_core.package_identification:Package 'src/robot_interfaces' with type 'ros.ament_cmake' and name 'robot_interfaces'
[0.232s] Level 1:colcon.colcon_core.package_identification:_identify(src/robot_utils) by extensions ['ignore', 'ignore_ament_install']
[0.232s] Level 1:colcon.colcon_core.package_identification:_identify(src/robot_utils) by extension 'ignore'
[0.232s] Level 1:colcon.colcon_core.package_identification:_identify(src/robot_utils) by extension 'ignore_ament_install'
[0.232s] Level 1:colcon.colcon_core.package_identification:_identify(src/robot_utils) by extensions ['colcon_pkg']
[0.232s] Level 1:colcon.colcon_core.package_identification:_identify(src/robot_utils) by extension 'colcon_pkg'
[0.232s] Level 1:colcon.colcon_core.package_identification:_identify(src/robot_utils) by extensions ['colcon_meta']
[0.232s] Level 1:colcon.colcon_core.package_identification:_identify(src/robot_utils) by extension 'colcon_meta'
[0.232s] Level 1:colcon.colcon_core.package_identification:_identify(src/robot_utils) by extensions ['ros']
[0.232s] Level 1:colcon.colcon_core.package_identification:_identify(src/robot_utils) by extension 'ros'
[0.233s] DEBUG:colcon.colcon_core.package_identification:Package 'src/robot_utils' with type 'ros.ament_python' and name 'robot_utils'
[0.233s] Level 1:colcon.colcon_core.package_identification:_identify(worlds) by extensions ['ignore', 'ignore_ament_install']
[0.233s] Level 1:colcon.colcon_core.package_identification:_identify(worlds) by extension 'ignore'
[0.233s] Level 1:colcon.colcon_core.package_identification:_identify(worlds) by extension 'ignore_ament_install'
[0.234s] Level 1:colcon.colcon_core.package_identification:_identify(worlds) by extensions ['colcon_pkg']
[0.234s] Level 1:colcon.colcon_core.package_identification:_identify(worlds) by extension 'colcon_pkg'
[0.234s] Level 1:colcon.colcon_core.package_identification:_identify(worlds) by extensions ['colcon_meta']
[0.234s] Level 1:colcon.colcon_core.package_identification:_identify(worlds) by extension 'colcon_meta'
[0.234s] Level 1:colcon.colcon_core.package_identification:_identify(worlds) by extensions ['ros']
[0.234s] Level 1:colcon.colcon_core.package_identification:_identify(worlds) by extension 'ros'
[0.234s] Level 1:colcon.colcon_core.package_identification:_identify(worlds) by extensions ['cmake', 'python']
[0.234s] Level 1:colcon.colcon_core.package_identification:_identify(worlds) by extension 'cmake'
[0.234s] Level 1:colcon.colcon_core.package_identification:_identify(worlds) by extension 'python'
[0.234s] Level 1:colcon.colcon_core.package_identification:_identify(worlds) by extensions ['python_setup_py']
[0.234s] Level 1:colcon.colcon_core.package_identification:_identify(worlds) by extension 'python_setup_py'
[0.234s] Level 1:colcon.colcon_core.package_discovery:discover_packages(recursive) using defaults
[0.234s] Level 1:colcon.colcon_core.package_discovery:discover_packages(ignore) discover
[0.234s] Level 1:colcon.colcon_core.package_discovery:discover_packages(ignore) using defaults
[0.234s] Level 1:colcon.colcon_core.package_discovery:discover_packages(path) discover
[0.234s] Level 1:colcon.colcon_core.package_discovery:discover_packages(path) using defaults
[0.260s] Level 1:colcon.colcon_core.package_discovery:discover_packages(prefix_path) check parameters
[0.260s] Level 1:colcon.colcon_core.package_discovery:discover_packages(prefix_path) discover
[0.263s] DEBUG:colcon.colcon_installed_package_information.package_discovery:Found 5 installed packages in /home/shubham/robot_arm_ws/install
[0.263s] DEBUG:colcon.colcon_installed_package_information.package_discovery:Found 14 installed packages in /home/shubham/ros2-jazzy-learning/install
[0.267s] DEBUG:colcon.colcon_installed_package_information.package_discovery:Found 531 installed packages in /opt/ros/jazzy
[0.269s] Level 1:colcon.colcon_core.package_discovery:discover_packages(prefix_path) using defaults
[0.362s] Level 5:colcon.colcon_core.verb:set package 'robot_bringup' build argument 'cmake_args' from command line to 'None'
[0.362s] Level 5:colcon.colcon_core.verb:set package 'robot_bringup' build argument 'cmake_target' from command line to 'None'
[0.362s] Level 5:colcon.colcon_core.verb:set package 'robot_bringup' build argument 'cmake_target_skip_unavailable' from command line to 'False'
[0.362s] Level 5:colcon.colcon_core.verb:set package 'robot_bringup' build argument 'cmake_clean_cache' from command line to 'False'
[0.362s] Level 5:colcon.colcon_core.verb:set package 'robot_bringup' build argument 'cmake_clean_first' from command line to 'False'
[0.362s] Level 5:colcon.colcon_core.verb:set package 'robot_bringup' build argument 'cmake_force_configure' from command line to 'False'
[0.362s] Level 5:colcon.colcon_core.verb:set package 'robot_bringup' build argument 'ament_cmake_args' from command line to 'None'
[0.362s] Level 5:colcon.colcon_core.verb:set package 'robot_bringup' build argument 'catkin_cmake_args' from command line to 'None'
[0.362s] Level 5:colcon.colcon_core.verb:set package 'robot_bringup' build argument 'catkin_skip_building_tests' from command line to 'False'
[0.362s] DEBUG:colcon.colcon_core.verb:Building package 'robot_bringup' with the following arguments: {'ament_cmake_args': None, 'build_base': '/home/shubham/robot_arm_ws/build/robot_bringup', 'catkin_cmake_args': None, 'catkin_skip_building_tests': False, 'cmake_args': None, 'cmake_clean_cache': False, 'cmake_clean_first': False, 'cmake_force_configure': False, 'cmake_target': None, 'cmake_target_skip_unavailable': False, 'install_base': '/home/shubham/robot_arm_ws/install/robot_bringup', 'merge_install': False, 'path': '/home/shubham/robot_arm_ws/src/robot_bringup', 'symlink_install': False, 'test_result_base': None}
[0.363s] Level 5:colcon.colcon_core.verb:set package 'robot_control' build argument 'cmake_args' from command line to 'None'
[0.363s] Level 5:colcon.colcon_core.verb:set package 'robot_control' build argument 'cmake_target' from command line to 'None'
[0.363s] Level 5:colcon.colcon_core.verb:set package 'robot_control' build argument 'cmake_target_skip_unavailable' from command line to 'False'
[0.363s] Level 5:colcon.colcon_core.verb:set package 'robot_control' build argument 'cmake_clean_cache' from command line to 'False'
[0.363s] Level 5:colcon.colcon_core.verb:set package 'robot_control' build argument 'cmake_clean_first' from command line to 'False'
[0.363s] Level 5:colcon.colcon_core.verb:set package 'robot_control' build argument 'cmake_force_configure' from command line to 'False'
[0.363s] Level 5:colcon.colcon_core.verb:set package 'robot_control' build argument 'ament_cmake_args' from command line to 'None'
[0.363s] Level 5:colcon.colcon_core.verb:set package 'robot_control' build argument 'catkin_cmake_args' from command line to 'None'
[0.363s] Level 5:colcon.colcon_core.verb:set package 'robot_control' build argument 'catkin_skip_building_tests' from command line to 'False'
[0.363s] DEBUG:colcon.colcon_core.verb:Building package 'robot_control' with the following arguments: {'ament_cmake_args': None, 'build_base': '/home/shubham/robot_arm_ws/build/robot_control', 'catkin_cmake_args': None, 'catkin_skip_building_tests': False, 'cmake_args': None, 'cmake_clean_cache': False, 'cmake_clean_first': False, 'cmake_force_configure': False, 'cmake_target': None, 'cmake_target_skip_unavailable': False, 'install_base': '/home/shubham/robot_arm_ws/install/robot_control', 'merge_install': False, 'path': '/home/shubham/robot_arm_ws/src/robot_control', 'symlink_install': False, 'test_result_base': None}
[0.363s] Level 5:colcon.colcon_core.verb:set package 'robot_description' build argument 'cmake_args' from command line to 'None'
[0.363s] Level 5:colcon.colcon_core.verb:set package 'robot_description' build argument 'cmake_target' from command line to 'None'
[0.363s] Level 5:colcon.colcon_core.verb:set package 'robot_description' build argument 'cmake_target_skip_unavailable' from command line to 'False'
[0.363s] Level 5:colcon.colcon_core.verb:set package 'robot_description' build argument 'cmake_clean_cache' from command line to 'False'
[0.363s] Level 5:colcon.colcon_core.verb:set package 'robot_description' build argument 'cmake_clean_first' from command line to 'False'
[0.363s] Level 5:colcon.colcon_core.verb:set package 'robot_description' build argument 'cmake_force_configure' from command line to 'False'
[0.363s] Level 5:colcon.colcon_core.verb:set package 'robot_description' build argument 'ament_cmake_args' from command line to 'None'
[0.363s] Level 5:colcon.colcon_core.verb:set package 'robot_description' build argument 'catkin_cmake_args' from command line to 'None'
[0.363s] Level 5:colcon.colcon_core.verb:set package 'robot_description' build argument 'catkin_skip_building_tests' from command line to 'False'
[0.363s] DEBUG:colcon.colcon_core.verb:Building package 'robot_description' with the following arguments: {'ament_cmake_args': None, 'build_base': '/home/shubham/robot_arm_ws/build/robot_description', 'catkin_cmake_args': None, 'catkin_skip_building_tests': False, 'cmake_args': None, 'cmake_clean_cache': False, 'cmake_clean_first': False, 'cmake_force_configure': False, 'cmake_target': None, 'cmake_target_skip_unavailable': False, 'install_base': '/home/shubham/robot_arm_ws/install/robot_description', 'merge_install': False, 'path': '/home/shubham/robot_arm_ws/src/robot_description', 'symlink_install': False, 'test_result_base': None}
[0.364s] Level 5:colcon.colcon_core.verb:set package 'robot_interfaces' build argument 'cmake_args' from command line to 'None'
[0.364s] Level 5:colcon.colcon_core.verb:set package 'robot_interfaces' build argument 'cmake_target' from command line to 'None'
[0.364s] Level 5:colcon.colcon_core.verb:set package 'robot_interfaces' build argument 'cmake_target_skip_unavailable' from command line to 'False'
[0.364s] Level 5:colcon.colcon_core.verb:set package 'robot_interfaces' build argument 'cmake_clean_cache' from command line to 'False'
[0.364s] Level 5:colcon.colcon_core.verb:set package 'robot_interfaces' build argument 'cmake_clean_first' from command line to 'False'
[0.364s] Level 5:colcon.colcon_core.verb:set package 'robot_interfaces' build argument 'cmake_force_configure' from command line to 'False'
[0.364s] Level 5:colcon.colcon_core.verb:set package 'robot_interfaces' build argument 'ament_cmake_args' from command line to 'None'
[0.364s] Level 5:colcon.colcon_core.verb:set package 'robot_interfaces' build argument 'catkin_cmake_args' from command line to 'None'
[0.364s] Level 5:colcon.colcon_core.verb:set package 'robot_interfaces' build argument 'catkin_skip_building_tests' from command line to 'False'
[0.364s] DEBUG:colcon.colcon_core.verb:Building package 'robot_interfaces' with the following arguments: {'ament_cmake_args': None, 'build_base': '/home/shubham/robot_arm_ws/build/robot_interfaces', 'catkin_cmake_args': None, 'catkin_skip_building_tests': False, 'cmake_args': None, 'cmake_clean_cache': False, 'cmake_clean_first': False, 'cmake_force_configure': False, 'cmake_target': None, 'cmake_target_skip_unavailable': False, 'install_base': '/home/shubham/robot_arm_ws/install/robot_interfaces', 'merge_install': False, 'path': '/home/shubham/robot_arm_ws/src/robot_interfaces', 'symlink_install': False, 'test_result_base': None}
[0.364s] Level 5:colcon.colcon_core.verb:set package 'robot_utils' build argument 'cmake_args' from command line to 'None'
[0.364s] Level 5:colcon.colcon_core.verb:set package 'robot_utils' build argument 'cmake_target' from command line to 'None'
[0.364s] Level 5:colcon.colcon_core.verb:set package 'robot_utils' build argument 'cmake_target_skip_unavailable' from command line to 'False'
[0.364s] Level 5:colcon.colcon_core.verb:set package 'robot_utils' build argument 'cmake_clean_cache' from command line to 'False'
[0.364s] Level 5:colcon.colcon_core.verb:set package 'robot_utils' build argument 'cmake_clean_first' from command line to 'False'
[0.364s] Level 5:colcon.colcon_core.verb:set package 'robot_utils' build argument 'cmake_force_configure' from command line to 'False'
[0.364s] Level 5:colcon.colcon_core.verb:set package 'robot_utils' build argument 'ament_cmake_args' from command line to 'None'
[0.364s] Level 5:colcon.colcon_core.verb:set package 'robot_utils' build argument 'catkin_cmake_args' from command line to 'None'
[0.364s] Level 5:colcon.colcon_core.verb:set package 'robot_utils' build argument 'catkin_skip_building_tests' from command line to 'False'
[0.364s] DEBUG:colcon.colcon_core.verb:Building package 'robot_utils' with the following arguments: {'ament_cmake_args': None, 'build_base': '/home/shubham/robot_arm_ws/build/robot_utils', 'catkin_cmake_args': None, 'catkin_skip_building_tests': False, 'cmake_args': None, 'cmake_clean_cache': False, 'cmake_clean_first': False, 'cmake_force_configure': False, 'cmake_target': None, 'cmake_target_skip_unavailable': False, 'install_base': '/home/shubham/robot_arm_ws/install/robot_utils', 'merge_install': False, 'path': '/home/shubham/robot_arm_ws/src/robot_utils', 'symlink_install': False, 'test_result_base': None}
[0.364s] INFO:colcon.colcon_core.executor:Executing jobs using 'parallel' executor
[0.366s] DEBUG:colcon.colcon_parallel_executor.executor.parallel:run_until_complete
[0.366s] INFO:colcon.colcon_ros.task.ament_cmake.build:Building ROS package in '/home/shubham/robot_arm_ws/src/robot_bringup' with build type 'ament_cmake'
[0.366s] INFO:colcon.colcon_cmake.task.cmake.build:Building CMake package in '/home/shubham/robot_arm_ws/src/robot_bringup'
[0.369s] INFO:colcon.colcon_core.plugin_system:Skipping extension 'colcon_core.shell.bat': Not used on non-Windows systems
[0.369s] INFO:colcon.colcon_core.shell:Skip shell extension 'powershell' for command environment: Not usable outside of PowerShell
[0.369s] DEBUG:colcon.colcon_core.shell:Skip shell extension 'dsv' for command environment
[0.376s] INFO:colcon.colcon_ros.task.ament_python.build:Building ROS package in '/home/shubham/robot_arm_ws/src/robot_control' with build type 'ament_python'
[0.376s] Level 1:colcon.colcon_core.shell:create_environment_hook('robot_control', 'ament_prefix_path')
[0.377s] INFO:colcon.colcon_core.shell:Creating environment hook '/home/shubham/robot_arm_ws/install/robot_control/share/robot_control/hook/ament_prefix_path.ps1'
[0.377s] INFO:colcon.colcon_core.shell:Creating environment descriptor '/home/shubham/robot_arm_ws/install/robot_control/share/robot_control/hook/ament_prefix_path.dsv'
[0.378s] INFO:colcon.colcon_core.shell:Creating environment hook '/home/shubham/robot_arm_ws/install/robot_control/share/robot_control/hook/ament_prefix_path.sh'
[0.379s] INFO:colcon.colcon_core.shell:Skip shell extension 'powershell' for command environment: Not usable outside of PowerShell
[0.379s] DEBUG:colcon.colcon_core.shell:Skip shell extension 'dsv' for command environment
[0.385s] INFO:colcon.colcon_ros.task.ament_cmake.build:Building ROS package in '/home/shubham/robot_arm_ws/src/robot_description' with build type 'ament_cmake'
[0.386s] INFO:colcon.colcon_cmake.task.cmake.build:Building CMake package in '/home/shubham/robot_arm_ws/src/robot_description'
[0.386s] INFO:colcon.colcon_core.shell:Skip shell extension 'powershell' for command environment: Not usable outside of PowerShell
[0.386s] DEBUG:colcon.colcon_core.shell:Skip shell extension 'dsv' for command environment
[0.397s] INFO:colcon.colcon_ros.task.ament_cmake.build:Building ROS package in '/home/shubham/robot_arm_ws/src/robot_interfaces' with build type 'ament_cmake'
[0.397s] INFO:colcon.colcon_cmake.task.cmake.build:Building CMake package in '/home/shubham/robot_arm_ws/src/robot_interfaces'
[0.397s] INFO:colcon.colcon_core.shell:Skip shell extension 'powershell' for command environment: Not usable outside of PowerShell
[0.398s] DEBUG:colcon.colcon_core.shell:Skip shell extension 'dsv' for command environment
[0.407s] INFO:colcon.colcon_ros.task.ament_python.build:Building ROS package in '/home/shubham/robot_arm_ws/src/robot_utils' with build type 'ament_python'
[0.407s] Level 1:colcon.colcon_core.shell:create_environment_hook('robot_utils', 'ament_prefix_path')
[0.407s] INFO:colcon.colcon_core.shell:Creating environment hook '/home/shubham/robot_arm_ws/install/robot_utils/share/robot_utils/hook/ament_prefix_path.ps1'
[0.408s] INFO:colcon.colcon_core.shell:Creating environment descriptor '/home/shubham/robot_arm_ws/install/robot_utils/share/robot_utils/hook/ament_prefix_path.dsv'
[0.409s] INFO:colcon.colcon_core.shell:Creating environment hook '/home/shubham/robot_arm_ws/install/robot_utils/share/robot_utils/hook/ament_prefix_path.sh'
[0.409s] INFO:colcon.colcon_core.shell:Skip shell extension 'powershell' for command environment: Not usable outside of PowerShell
[0.409s] DEBUG:colcon.colcon_core.shell:Skip shell extension 'dsv' for command environment
[0.425s] DEBUG:colcon.colcon_core.event_handler.log_command:Invoking command in '/home/shubham/robot_arm_ws/build/robot_bringup': CMAKE_PREFIX_PATH=${CMAKE_PREFIX_PATH}:/home/shubham/robot_arm_ws/install/robot_utils:/home/shubham/robot_arm_ws/install/robot_control:/home/shubham/ros2-jazzy-learning/install/tf2_demo:/home/shubham/ros2-jazzy-learning/install/ros2_advanced:/home/shubham/ros2-jazzy-learning/install/robot_manager:/home/shubham/ros2-jazzy-learning/install/robot_bringup:/home/shubham/ros2-jazzy-learning/install/parameter_demo:/home/shubham/ros2-jazzy-learning/install/namespace_demo:/home/shubham/ros2-jazzy-learning/install/my_first_pkg:/home/shubham/ros2-jazzy-learning/install/my_robot_description:/home/shubham/ros2-jazzy-learning/install/my_robot_control:/home/shubham/ros2-jazzy-learning/install/my_robot_bringup:/home/shubham/ros2-jazzy-learning/install/motion_safety_stack:/home/shubham/ros2-jazzy-learning/install/lifecycle_demo:/opt/ros/jazzy DEBUGINFOD_URLS=https://debuginfod.ubuntu.com /usr/bin/cmake --build /home/shubham/robot_arm_ws/build/robot_bringup -- -j8 -l8
[0.770s] INFO:colcon.colcon_core.task.python.build:Building Python package in '/home/shubham/robot_arm_ws/src/robot_control'
[0.771s] INFO:colcon.colcon_core.shell:Skip shell extension 'powershell' for command environment: Not usable outside of PowerShell
[0.771s] DEBUG:colcon.colcon_core.shell:Skip shell extension 'dsv' for command environment
[0.781s] DEBUG:colcon.colcon_core.event_handler.log_command:Invoking command in '/home/shubham/robot_arm_ws/build/robot_description': CMAKE_PREFIX_PATH=${CMAKE_PREFIX_PATH}:/home/shubham/robot_arm_ws/install/robot_utils:/home/shubham/robot_arm_ws/install/robot_control:/home/shubham/ros2-jazzy-learning/install/tf2_demo:/home/shubham/ros2-jazzy-learning/install/ros2_advanced:/home/shubham/ros2-jazzy-learning/install/robot_manager:/home/shubham/ros2-jazzy-learning/install/robot_bringup:/home/shubham/ros2-jazzy-learning/install/parameter_demo:/home/shubham/ros2-jazzy-learning/install/namespace_demo:/home/shubham/ros2-jazzy-learning/install/my_first_pkg:/home/shubham/ros2-jazzy-learning/install/my_robot_description:/home/shubham/ros2-jazzy-learning/install/my_robot_control:/home/shubham/ros2-jazzy-learning/install/my_robot_bringup:/home/shubham/ros2-jazzy-learning/install/motion_safety_stack:/home/shubham/ros2-jazzy-learning/install/lifecycle_demo:/opt/ros/jazzy DEBUGINFOD_URLS=https://debuginfod.ubuntu.com /usr/bin/cmake --build /home/shubham/robot_arm_ws/build/robot_description -- -j8 -l8
[0.783s] DEBUG:colcon.colcon_core.event_handler.log_command:Invoking command in '/home/shubham/robot_arm_ws/build/robot_interfaces': CMAKE_PREFIX_PATH=${CMAKE_PREFIX_PATH}:/home/shubham/robot_arm_ws/install/robot_utils:/home/shubham/robot_arm_ws/install/robot_control:/home/shubham/ros2-jazzy-learning/install/tf2_demo:/home/shubham/ros2-jazzy-learning/install/ros2_advanced:/home/shubham/ros2-jazzy-learning/install/robot_manager:/home/shubham/ros2-jazzy-learning/install/robot_bringup:/home/shubham/ros2-jazzy-learning/install/parameter_demo:/home/shubham/ros2-jazzy-learning/install/namespace_demo:/home/shubham/ros2-jazzy-learning/install/my_first_pkg:/home/shubham/ros2-jazzy-learning/install/my_robot_description:/home/shubham/ros2-jazzy-learning/install/my_robot_control:/home/shubham/ros2-jazzy-learning/install/my_robot_bringup:/home/shubham/ros2-jazzy-learning/install/motion_safety_stack:/home/shubham/ros2-jazzy-learning/install/lifecycle_demo:/opt/ros/jazzy DEBUGINFOD_URLS=https://debuginfod.ubuntu.com /usr/bin/cmake --build /home/shubham/robot_arm_ws/build/robot_interfaces -- -j8 -l8
[1.115s] INFO:colcon.colcon_core.task.python.build:Building Python package in '/home/shubham/robot_arm_ws/src/robot_utils'
[1.115s] INFO:colcon.colcon_core.shell:Skip shell extension 'powershell' for command environment: Not usable outside of PowerShell
[1.115s] DEBUG:colcon.colcon_core.shell:Skip shell extension 'dsv' for command environment
[1.124s] DEBUG:colcon.colcon_core.event_handler.log_command:Invoked command in '/home/shubham/robot_arm_ws/build/robot_bringup' returned '0': CMAKE_PREFIX_PATH=${CMAKE_PREFIX_PATH}:/home/shubham/robot_arm_ws/install/robot_utils:/home/shubham/robot_arm_ws/install/robot_control:/home/shubham/ros2-jazzy-learning/install/tf2_demo:/home/shubham/ros2-jazzy-learning/install/ros2_advanced:/home/shubham/ros2-jazzy-learning/install/robot_manager:/home/shubham/ros2-jazzy-learning/install/robot_bringup:/home/shubham/ros2-jazzy-learning/install/parameter_demo:/home/shubham/ros2-jazzy-learning/install/namespace_demo:/home/shubham/ros2-jazzy-learning/install/my_first_pkg:/home/shubham/ros2-jazzy-learning/install/my_robot_description:/home/shubham/ros2-jazzy-learning/install/my_robot_control:/home/shubham/ros2-jazzy-learning/install/my_robot_bringup:/home/shubham/ros2-jazzy-learning/install/motion_safety_stack:/home/shubham/ros2-jazzy-learning/install/lifecycle_demo:/opt/ros/jazzy DEBUGINFOD_URLS=https://debuginfod.ubuntu.com /usr/bin/cmake --build /home/shubham/robot_arm_ws/build/robot_bringup -- -j8 -l8
[1.139s] DEBUG:colcon.colcon_core.event_handler.log_command:Invoking command in '/home/shubham/robot_arm_ws/build/robot_bringup': CMAKE_PREFIX_PATH=${CMAKE_PREFIX_PATH}:/home/shubham/robot_arm_ws/install/robot_utils:/home/shubham/robot_arm_ws/install/robot_control:/home/shubham/ros2-jazzy-learning/install/tf2_demo:/home/shubham/ros2-jazzy-learning/install/ros2_advanced:/home/shubham/ros2-jazzy-learning/install/robot_manager:/home/shubham/ros2-jazzy-learning/install/robot_bringup:/home/shubham/ros2-jazzy-learning/install/parameter_demo:/home/shubham/ros2-jazzy-learning/install/namespace_demo:/home/shubham/ros2-jazzy-learning/install/my_first_pkg:/home/shubham/ros2-jazzy-learning/install/my_robot_description:/home/shubham/ros2-jazzy-learning/install/my_robot_control:/home/shubham/ros2-jazzy-learning/install/my_robot_bringup:/home/shubham/ros2-jazzy-learning/install/motion_safety_stack:/home/shubham/ros2-jazzy-learning/install/lifecycle_demo:/opt/ros/jazzy DEBUGINFOD_URLS=https://debuginfod.ubuntu.com /usr/bin/cmake --install /home/shubham/robot_arm_ws/build/robot_bringup
[1.144s] DEBUG:colcon.colcon_core.event_handler.log_command:Invoked command in '/home/shubham/robot_arm_ws/build/robot_interfaces' returned '0': CMAKE_PREFIX_PATH=${CMAKE_PREFIX_PATH}:/home/shubham/robot_arm_ws/install/robot_utils:/home/shubham/robot_arm_ws/install/robot_control:/home/shubham/ros2-jazzy-learning/install/tf2_demo:/home/shubham/ros2-jazzy-learning/install/ros2_advanced:/home/shubham/ros2-jazzy-learning/install/robot_manager:/home/shubham/ros2-jazzy-learning/install/robot_bringup:/home/shubham/ros2-jazzy-learning/install/parameter_demo:/home/shubham/ros2-jazzy-learning/install/namespace_demo:/home/shubham/ros2-jazzy-learning/install/my_first_pkg:/home/shubham/ros2-jazzy-learning/install/my_robot_description:/home/shubham/ros2-jazzy-learning/install/my_robot_control:/home/shubham/ros2-jazzy-learning/install/my_robot_bringup:/home/shubham/ros2-jazzy-learning/install/motion_safety_stack:/home/shubham/ros2-jazzy-learning/install/lifecycle_demo:/opt/ros/jazzy DEBUGINFOD_URLS=https://debuginfod.ubuntu.com /usr/bin/cmake --build /home/shubham/robot_arm_ws/build/robot_interfaces -- -j8 -l8
[1.145s] DEBUG:colcon.colcon_core.event_handler.log_command:Invoking command in '/home/shubham/robot_arm_ws/build/robot_interfaces': CMAKE_PREFIX_PATH=${CMAKE_PREFIX_PATH}:/home/shubham/robot_arm_ws/install/robot_utils:/home/shubham/robot_arm_ws/install/robot_control:/home/shubham/ros2-jazzy-learning/install/tf2_demo:/home/shubham/ros2-jazzy-learning/install/ros2_advanced:/home/shubham/ros2-jazzy-learning/install/robot_manager:/home/shubham/ros2-jazzy-learning/install/robot_bringup:/home/shubham/ros2-jazzy-learning/install/parameter_demo:/home/shubham/ros2-jazzy-learning/install/namespace_demo:/home/shubham/ros2-jazzy-learning/install/my_first_pkg:/home/shubham/ros2-jazzy-learning/install/my_robot_description:/home/shubham/ros2-jazzy-learning/install/my_robot_control:/home/shubham/ros2-jazzy-learning/install/my_robot_bringup:/home/shubham/ros2-jazzy-learning/install/motion_safety_stack:/home/shubham/ros2-jazzy-learning/install/lifecycle_demo:/opt/ros/jazzy DEBUGINFOD_URLS=https://debuginfod.ubuntu.com /usr/bin/cmake --install /home/shubham/robot_arm_ws/build/robot_interfaces
[1.145s] DEBUG:colcon.colcon_core.event_handler.log_command:Invoked command in '/home/shubham/robot_arm_ws/build/robot_description' returned '0': CMAKE_PREFIX_PATH=${CMAKE_PREFIX_PATH}:/home/shubham/robot_arm_ws/install/robot_utils:/home/shubham/robot_arm_ws/install/robot_control:/home/shubham/ros2-jazzy-learning/install/tf2_demo:/home/shubham/ros2-jazzy-learning/install/ros2_advanced:/home/shubham/ros2-jazzy-learning/install/robot_manager:/home/shubham/ros2-jazzy-learning/install/robot_bringup:/home/shubham/ros2-jazzy-learning/install/parameter_demo:/home/shubham/ros2-jazzy-learning/install/namespace_demo:/home/shubham/ros2-jazzy-learning/install/my_first_pkg:/home/shubham/ros2-jazzy-learning/install/my_robot_description:/home/shubham/ros2-jazzy-learning/install/my_robot_control:/home/shubham/ros2-jazzy-learning/install/my_robot_bringup:/home/shubham/ros2-jazzy-learning/install/motion_safety_stack:/home/shubham/ros2-jazzy-learning/install/lifecycle_demo:/opt/ros/jazzy DEBUGINFOD_URLS=https://debuginfod.ubuntu.com /usr/bin/cmake --build /home/shubham/robot_arm_ws/build/robot_description -- -j8 -l8
[1.147s] DEBUG:colcon.colcon_core.event_handler.log_command:Invoking command in '/home/shubham/robot_arm_ws/build/robot_description': CMAKE_PREFIX_PATH=${CMAKE_PREFIX_PATH}:/home/shubham/robot_arm_ws/install/robot_utils:/home/shubham/robot_arm_ws/install/robot_control:/home/shubham/ros2-jazzy-learning/install/tf2_demo:/home/shubham/ros2-jazzy-learning/install/ros2_advanced:/home/shubham/ros2-jazzy-learning/install/robot_manager:/home/shubham/ros2-jazzy-learning/install/robot_bringup:/home/shubham/ros2-jazzy-learning/install/parameter_demo:/home/shubham/ros2-jazzy-learning/install/namespace_demo:/home/shubham/ros2-jazzy-learning/install/my_first_pkg:/home/shubham/ros2-jazzy-learning/install/my_robot_description:/home/shubham/ros2-jazzy-learning/install/my_robot_control:/home/shubham/ros2-jazzy-learning/install/my_robot_bringup:/home/shubham/ros2-jazzy-learning/install/motion_safety_stack:/home/shubham/ros2-jazzy-learning/install/lifecycle_demo:/opt/ros/jazzy DEBUGINFOD_URLS=https://debuginfod.ubuntu.com /usr/bin/cmake --install /home/shubham/robot_arm_ws/build/robot_description
[1.156s] Level 1:colcon.colcon_core.environment:create_environment_scripts_only(robot_bringup)
[1.166s] DEBUG:colcon.colcon_core.event_handler.log_command:Invoked command in '/home/shubham/robot_arm_ws/build/robot_bringup' returned '0': CMAKE_PREFIX_PATH=${CMAKE_PREFIX_PATH}:/home/shubham/robot_arm_ws/install/robot_utils:/home/shubham/robot_arm_ws/install/robot_control:/home/shubham/ros2-jazzy-learning/install/tf2_demo:/home/shubham/ros2-jazzy-learning/install/ros2_advanced:/home/shubham/ros2-jazzy-learning/install/robot_manager:/home/shubham/ros2-jazzy-learning/install/robot_bringup:/home/shubham/ros2-jazzy-learning/install/parameter_demo:/home/shubham/ros2-jazzy-learning/install/namespace_demo:/home/shubham/ros2-jazzy-learning/install/my_first_pkg:/home/shubham/ros2-jazzy-learning/install/my_robot_description:/home/shubham/ros2-jazzy-learning/install/my_robot_control:/home/shubham/ros2-jazzy-learning/install/my_robot_bringup:/home/shubham/ros2-jazzy-learning/install/motion_safety_stack:/home/shubham/ros2-jazzy-learning/install/lifecycle_demo:/opt/ros/jazzy DEBUGINFOD_URLS=https://debuginfod.ubuntu.com /usr/bin/cmake --install /home/shubham/robot_arm_ws/build/robot_bringup
[1.167s] Level 1:colcon.colcon_core.environment:checking '/home/shubham/robot_arm_ws/install/robot_bringup' for CMake module files
[1.170s] Level 1:colcon.colcon_core.environment:checking '/home/shubham/robot_arm_ws/install/robot_bringup' for CMake config files
[1.174s] Level 1:colcon.colcon_core.shell:create_environment_hook('robot_bringup', 'cmake_prefix_path')
[1.175s] INFO:colcon.colcon_core.shell:Creating environment hook '/home/shubham/robot_arm_ws/install/robot_bringup/share/robot_bringup/hook/cmake_prefix_path.ps1'
[1.177s] INFO:colcon.colcon_core.shell:Creating environment descriptor '/home/shubham/robot_arm_ws/install/robot_bringup/share/robot_bringup/hook/cmake_prefix_path.dsv'
[1.178s] INFO:colcon.colcon_core.shell:Creating environment hook '/home/shubham/robot_arm_ws/install/robot_bringup/share/robot_bringup/hook/cmake_prefix_path.sh'
[1.181s] Level 1:colcon.colcon_core.environment:checking '/home/shubham/robot_arm_ws/install/robot_bringup/bin'
[1.181s] Level 1:colcon.colcon_core.environment:checking '/home/shubham/robot_arm_ws/install/robot_bringup/lib/pkgconfig/robot_bringup.pc'
[1.182s] Level 1:colcon.colcon_core.environment:checking '/home/shubham/robot_arm_ws/install/robot_bringup/lib/python3.12/site-packages'
[1.183s] Level 1:colcon.colcon_core.environment:checking '/home/shubham/robot_arm_ws/install/robot_bringup/bin'
[1.184s] INFO:colcon.colcon_core.shell:Creating package script '/home/shubham/robot_arm_ws/install/robot_bringup/share/robot_bringup/package.ps1'
[1.186s] INFO:colcon.colcon_core.shell:Creating package descriptor '/home/shubham/robot_arm_ws/install/robot_bringup/share/robot_bringup/package.dsv'
[1.187s] INFO:colcon.colcon_core.shell:Creating package script '/home/shubham/robot_arm_ws/install/robot_bringup/share/robot_bringup/package.sh'
[1.189s] INFO:colcon.colcon_core.shell:Creating package script '/home/shubham/robot_arm_ws/install/robot_bringup/share/robot_bringup/package.bash'
[1.190s] INFO:colcon.colcon_core.shell:Creating package script '/home/shubham/robot_arm_ws/install/robot_bringup/share/robot_bringup/package.zsh'
[1.191s] Level 1:colcon.colcon_core.environment:create_file_with_runtime_dependencies(/home/shubham/robot_arm_ws/install/robot_bringup/share/colcon-core/packages/robot_bringup)
[1.192s] Level 1:colcon.colcon_core.environment:create_environment_scripts_only(robot_bringup)
[1.193s] Level 1:colcon.colcon_core.environment:checking '/home/shubham/robot_arm_ws/install/robot_bringup' for CMake module files
[1.194s] Level 1:colcon.colcon_core.environment:checking '/home/shubham/robot_arm_ws/install/robot_bringup' for CMake config files
[1.194s] Level 1:colcon.colcon_core.shell:create_environment_hook('robot_bringup', 'cmake_prefix_path')
[1.195s] INFO:colcon.colcon_core.shell:Creating environment hook '/home/shubham/robot_arm_ws/install/robot_bringup/share/robot_bringup/hook/cmake_prefix_path.ps1'
[1.195s] INFO:colcon.colcon_core.shell:Creating environment descriptor '/home/shubham/robot_arm_ws/install/robot_bringup/share/robot_bringup/hook/cmake_prefix_path.dsv'
[1.196s] INFO:colcon.colcon_core.shell:Creating environment hook '/home/shubham/robot_arm_ws/install/robot_bringup/share/robot_bringup/hook/cmake_prefix_path.sh'
[1.197s] Level 1:colcon.colcon_core.environment:checking '/home/shubham/robot_arm_ws/install/robot_bringup/bin'
[1.197s] Level 1:colcon.colcon_core.environment:checking '/home/shubham/robot_arm_ws/install/robot_bringup/lib/pkgconfig/robot_bringup.pc'
[1.198s] Level 1:colcon.colcon_core.environment:checking '/home/shubham/robot_arm_ws/install/robot_bringup/lib/python3.12/site-packages'
[1.199s] Level 1:colcon.colcon_core.environment:checking '/home/shubham/robot_arm_ws/install/robot_bringup/bin'
[1.199s] INFO:colcon.colcon_core.shell:Creating package script '/home/shubham/robot_arm_ws/install/robot_bringup/share/robot_bringup/package.ps1'
[1.201s] INFO:colcon.colcon_core.shell:Creating package descriptor '/home/shubham/robot_arm_ws/install/robot_bringup/share/robot_bringup/package.dsv'
[1.202s] INFO:colcon.colcon_core.shell:Creating package script '/home/shubham/robot_arm_ws/install/robot_bringup/share/robot_bringup/package.sh'
[1.203s] INFO:colcon.colcon_core.shell:Creating package script '/home/shubham/robot_arm_ws/install/robot_bringup/share/robot_bringup/package.bash'
[1.204s] INFO:colcon.colcon_core.shell:Creating package script '/home/shubham/robot_arm_ws/install/robot_bringup/share/robot_bringup/package.zsh'
[1.205s] Level 1:colcon.colcon_core.environment:create_file_with_runtime_dependencies(/home/shubham/robot_arm_ws/install/robot_bringup/share/colcon-core/packages/robot_bringup)
[1.207s] Level 1:colcon.colcon_core.environment:create_environment_scripts_only(robot_interfaces)
[1.208s] Level 1:colcon.colcon_core.environment:checking '/home/shubham/robot_arm_ws/install/robot_interfaces' for CMake module files
[1.209s] DEBUG:colcon.colcon_core.event_handler.log_command:Invoked command in '/home/shubham/robot_arm_ws/build/robot_interfaces' returned '0': CMAKE_PREFIX_PATH=${CMAKE_PREFIX_PATH}:/home/shubham/robot_arm_ws/install/robot_utils:/home/shubham/robot_arm_ws/install/robot_control:/home/shubham/ros2-jazzy-learning/install/tf2_demo:/home/shubham/ros2-jazzy-learning/install/ros2_advanced:/home/shubham/ros2-jazzy-learning/install/robot_manager:/home/shubham/ros2-jazzy-learning/install/robot_bringup:/home/shubham/ros2-jazzy-learning/install/parameter_demo:/home/shubham/ros2-jazzy-learning/install/namespace_demo:/home/shubham/ros2-jazzy-learning/install/my_first_pkg:/home/shubham/ros2-jazzy-learning/install/my_robot_description:/home/shubham/ros2-jazzy-learning/install/my_robot_control:/home/shubham/ros2-jazzy-learning/install/my_robot_bringup:/home/shubham/ros2-jazzy-learning/install/motion_safety_stack:/home/shubham/ros2-jazzy-learning/install/lifecycle_demo:/opt/ros/jazzy DEBUGINFOD_URLS=https://debuginfod.ubuntu.com /usr/bin/cmake --install /home/shubham/robot_arm_ws/build/robot_interfaces
[1.210s] Level 1:colcon.colcon_core.environment:checking '/home/shubham/robot_arm_ws/install/robot_interfaces' for CMake config files
[1.210s] Level 1:colcon.colcon_core.shell:create_environment_hook('robot_interfaces', 'cmake_prefix_path')
[1.211s] INFO:colcon.colcon_core.shell:Creating environment hook '/home/shubham/robot_arm_ws/install/robot_interfaces/share/robot_interfaces/hook/cmake_prefix_path.ps1'
[1.212s] INFO:colcon.colcon_core.shell:Creating environment descriptor '/home/shubham/robot_arm_ws/install/robot_interfaces/share/robot_interfaces/hook/cmake_prefix_path.dsv'
[1.213s] INFO:colcon.colcon_core.shell:Creating environment hook '/home/shubham/robot_arm_ws/install/robot_interfaces/share/robot_interfaces/hook/cmake_prefix_path.sh'
[1.214s] Level 1:colcon.colcon_core.environment:checking '/home/shubham/robot_arm_ws/install/robot_interfaces/bin'
[1.214s] Level 1:colcon.colcon_core.environment:checking '/home/shubham/robot_arm_ws/install/robot_interfaces/lib/pkgconfig/robot_interfaces.pc'
[1.215s] Level 1:colcon.colcon_core.environment:checking '/home/shubham/robot_arm_ws/install/robot_interfaces/lib/python3.12/site-packages'
[1.216s] Level 1:colcon.colcon_core.environment:checking '/home/shubham/robot_arm_ws/install/robot_interfaces/bin'
[1.216s] INFO:colcon.colcon_core.shell:Creating package script '/home/shubham/robot_arm_ws/install/robot_interfaces/share/robot_interfaces/package.ps1'
[1.217s] INFO:colcon.colcon_core.shell:Creating package descriptor '/home/shubham/robot_arm_ws/install/robot_interfaces/share/robot_interfaces/package.dsv'
[1.218s] INFO:colcon.colcon_core.shell:Creating package script '/home/shubham/robot_arm_ws/install/robot_interfaces/share/robot_interfaces/package.sh'
[1.219s] INFO:colcon.colcon_core.shell:Creating package script '/home/shubham/robot_arm_ws/install/robot_interfaces/share/robot_interfaces/package.bash'
[1.220s] INFO:colcon.colcon_core.shell:Creating package script '/home/shubham/robot_arm_ws/install/robot_interfaces/share/robot_interfaces/package.zsh'
[1.221s] Level 1:colcon.colcon_core.environment:create_file_with_runtime_dependencies(/home/shubham/robot_arm_ws/install/robot_interfaces/share/colcon-core/packages/robot_interfaces)
[1.222s] Level 1:colcon.colcon_core.environment:create_environment_scripts_only(robot_interfaces)
[1.222s] Level 1:colcon.colcon_core.environment:checking '/home/shubham/robot_arm_ws/install/robot_interfaces' for CMake module files
[1.223s] Level 1:colcon.colcon_core.environment:checking '/home/shubham/robot_arm_ws/install/robot_interfaces' for CMake config files
[1.224s] Level 1:colcon.colcon_core.shell:create_environment_hook('robot_interfaces', 'cmake_prefix_path')
[1.224s] INFO:colcon.colcon_core.shell:Creating environment hook '/home/shubham/robot_arm_ws/install/robot_interfaces/share/robot_interfaces/hook/cmake_prefix_path.ps1'
[1.225s] INFO:colcon.colcon_core.shell:Creating environment descriptor '/home/shubham/robot_arm_ws/install/robot_interfaces/share/robot_interfaces/hook/cmake_prefix_path.dsv'
[1.226s] INFO:colcon.colcon_core.shell:Creating environment hook '/home/shubham/robot_arm_ws/install/robot_interfaces/share/robot_interfaces/hook/cmake_prefix_path.sh'
[1.227s] Level 1:colcon.colcon_core.environment:checking '/home/shubham/robot_arm_ws/install/robot_interfaces/bin'
[1.228s] Level 1:colcon.colcon_core.environment:checking '/home/shubham/robot_arm_ws/install/robot_interfaces/lib/pkgconfig/robot_interfaces.pc'
[1.228s] Level 1:colcon.colcon_core.environment:checking '/home/shubham/robot_arm_ws/install/robot_interfaces/lib/python3.12/site-packages'
[1.229s] Level 1:colcon.colcon_core.environment:checking '/home/shubham/robot_arm_ws/install/robot_interfaces/bin'
[1.231s] INFO:colcon.colcon_core.shell:Creating package script '/home/shubham/robot_arm_ws/install/robot_interfaces/share/robot_interfaces/package.ps1'
[1.233s] INFO:colcon.colcon_core.shell:Creating package descriptor '/home/shubham/robot_arm_ws/install/robot_interfaces/share/robot_interfaces/package.dsv'
[1.234s] INFO:colcon.colcon_core.shell:Creating package script '/home/shubham/robot_arm_ws/install/robot_interfaces/share/robot_interfaces/package.sh'
[1.235s] INFO:colcon.colcon_core.shell:Creating package script '/home/shubham/robot_arm_ws/install/robot_interfaces/share/robot_interfaces/package.bash'
[1.236s] INFO:colcon.colcon_core.shell:Creating package script '/home/shubham/robot_arm_ws/install/robot_interfaces/share/robot_interfaces/package.zsh'
[1.237s] Level 1:colcon.colcon_core.environment:create_file_with_runtime_dependencies(/home/shubham/robot_arm_ws/install/robot_interfaces/share/colcon-core/packages/robot_interfaces)
[1.238s] Level 1:colcon.colcon_core.environment:create_environment_scripts_only(robot_description)
[1.238s] Level 1:colcon.colcon_core.environment:checking '/home/shubham/robot_arm_ws/install/robot_description' for CMake module files
[1.240s] Level 1:colcon.colcon_core.environment:checking '/home/shubham/robot_arm_ws/install/robot_description' for CMake config files
[1.241s] DEBUG:colcon.colcon_core.event_handler.log_command:Invoked command in '/home/shubham/robot_arm_ws/build/robot_description' returned '0': CMAKE_PREFIX_PATH=${CMAKE_PREFIX_PATH}:/home/shubham/robot_arm_ws/install/robot_utils:/home/shubham/robot_arm_ws/install/robot_control:/home/shubham/ros2-jazzy-learning/install/tf2_demo:/home/shubham/ros2-jazzy-learning/install/ros2_advanced:/home/shubham/ros2-jazzy-learning/install/robot_manager:/home/shubham/ros2-jazzy-learning/install/robot_bringup:/home/shubham/ros2-jazzy-learning/install/parameter_demo:/home/shubham/ros2-jazzy-learning/install/namespace_demo:/home/shubham/ros2-jazzy-learning/install/my_first_pkg:/home/shubham/ros2-jazzy-learning/install/my_robot_description:/home/shubham/ros2-jazzy-learning/install/my_robot_control:/home/shubham/ros2-jazzy-learning/install/my_robot_bringup:/home/shubham/ros2-jazzy-learning/install/motion_safety_stack:/home/shubham/ros2-jazzy-learning/install/lifecycle_demo:/opt/ros/jazzy DEBUGINFOD_URLS=https://debuginfod.ubuntu.com /usr/bin/cmake --install /home/shubham/robot_arm_ws/build/robot_description
[1.241s] Level 1:colcon.colcon_core.shell:create_environment_hook('robot_description', 'cmake_prefix_path')
[1.242s] INFO:colcon.colcon_core.shell:Creating environment hook '/home/shubham/robot_arm_ws/install/robot_description/share/robot_description/hook/cmake_prefix_path.ps1'
[1.243s] INFO:colcon.colcon_core.shell:Creating environment descriptor '/home/shubham/robot_arm_ws/install/robot_description/share/robot_description/hook/cmake_prefix_path.dsv'
[1.243s] INFO:colcon.colcon_core.shell:Creating environment hook '/home/shubham/robot_arm_ws/install/robot_description/share/robot_description/hook/cmake_prefix_path.sh'
[1.244s] Level 1:colcon.colcon_core.environment:checking '/home/shubham/robot_arm_ws/install/robot_description/bin'
[1.244s] Level 1:colcon.colcon_core.environment:checking '/home/shubham/robot_arm_ws/install/robot_description/lib/pkgconfig/robot_description.pc'
[1.245s] Level 1:colcon.colcon_core.environment:checking '/home/shubham/robot_arm_ws/install/robot_description/lib/python3.12/site-packages'
[1.245s] Level 1:colcon.colcon_core.environment:checking '/home/shubham/robot_arm_ws/install/robot_description/bin'
[1.246s] INFO:colcon.colcon_core.shell:Creating package script '/home/shubham/robot_arm_ws/install/robot_description/share/robot_description/package.ps1'
[1.247s] INFO:colcon.colcon_core.shell:Creating package descriptor '/home/shubham/robot_arm_ws/install/robot_description/share/robot_description/package.dsv'
[1.248s] INFO:colcon.colcon_core.shell:Creating package script '/home/shubham/robot_arm_ws/install/robot_description/share/robot_description/package.sh'
[1.248s] INFO:colcon.colcon_core.shell:Creating package script '/home/shubham/robot_arm_ws/install/robot_description/share/robot_description/package.bash'
[1.249s] INFO:colcon.colcon_core.shell:Creating package script '/home/shubham/robot_arm_ws/install/robot_description/share/robot_description/package.zsh'
[1.249s] Level 1:colcon.colcon_core.environment:create_file_with_runtime_dependencies(/home/shubham/robot_arm_ws/install/robot_description/share/colcon-core/packages/robot_description)
[1.250s] Level 1:colcon.colcon_core.environment:create_environment_scripts_only(robot_description)
[1.250s] Level 1:colcon.colcon_core.environment:checking '/home/shubham/robot_arm_ws/install/robot_description' for CMake module files
[1.251s] Level 1:colcon.colcon_core.environment:checking '/home/shubham/robot_arm_ws/install/robot_description' for CMake config files
[1.252s] Level 1:colcon.colcon_core.shell:create_environment_hook('robot_description', 'cmake_prefix_path')
[1.252s] INFO:colcon.colcon_core.shell:Creating environment hook '/home/shubham/robot_arm_ws/install/robot_description/share/robot_description/hook/cmake_prefix_path.ps1'
[1.253s] INFO:colcon.colcon_core.shell:Creating environment descriptor '/home/shubham/robot_arm_ws/install/robot_description/share/robot_description/hook/cmake_prefix_path.dsv'
[1.253s] INFO:colcon.colcon_core.shell:Creating environment hook '/home/shubham/robot_arm_ws/install/robot_description/share/robot_description/hook/cmake_prefix_path.sh'
[1.254s] Level 1:colcon.colcon_core.environment:checking '/home/shubham/robot_arm_ws/install/robot_description/bin'
[1.254s] Level 1:colcon.colcon_core.environment:checking '/home/shubham/robot_arm_ws/install/robot_description/lib/pkgconfig/robot_description.pc'
[1.255s] Level 1:colcon.colcon_core.environment:checking '/home/shubham/robot_arm_ws/install/robot_description/lib/python3.12/site-packages'
[1.255s] Level 1:colcon.colcon_core.environment:checking '/home/shubham/robot_arm_ws/install/robot_description/bin'
[1.256s] INFO:colcon.colcon_core.shell:Creating package script '/home/shubham/robot_arm_ws/install/robot_description/share/robot_description/package.ps1'
[1.257s] INFO:colcon.colcon_core.shell:Creating package descriptor '/home/shubham/robot_arm_ws/install/robot_description/share/robot_description/package.dsv'
[1.257s] INFO:colcon.colcon_core.shell:Creating package script '/home/shubham/robot_arm_ws/install/robot_description/share/robot_description/package.sh'
[1.258s] INFO:colcon.colcon_core.shell:Creating package script '/home/shubham/robot_arm_ws/install/robot_description/share/robot_description/package.bash'
[1.259s] INFO:colcon.colcon_core.shell:Creating package script '/home/shubham/robot_arm_ws/install/robot_description/share/robot_description/package.zsh'
[1.260s] Level 1:colcon.colcon_core.environment:create_file_with_runtime_dependencies(/home/shubham/robot_arm_ws/install/robot_description/share/colcon-core/packages/robot_description)
[2.153s] DEBUG:colcon.colcon_core.task.python.build:Available setuptools commands: sdist, egg_info, update_catalog, develop, saveopts, register, init_catalog, alias, clean, install_data, bdist_rpm, test, editable_wheel, build_ext, install_scripts, compile_catalog, bdist_dumb, build_clib, dist_info, install_headers, upload, install_egg_info, setopt, bdist_wheel, extract_messages, build, symlink_data, upload_docs, bdist, easy_install, build_scripts, install_lib, check, rotate, build_py, install, bdist_egg
[2.158s] DEBUG:colcon.colcon_core.event_handler.log_command:Invoking command in '/home/shubham/robot_arm_ws/src/robot_control': DEBUGINFOD_URLS=https://debuginfod.ubuntu.com PYTHONPATH=/home/shubham/robot_arm_ws/build/robot_control/prefix_override:/usr/lib/python3/dist-packages/colcon_core/task/python/colcon_distutils_commands:/home/shubham/robot_arm_ws/install/robot_control/lib/python3.12/site-packages:${PYTHONPATH} /usr/bin/python3 -W ignore:setup.py install is deprecated -W ignore:easy_install command is deprecated setup.py egg_info --egg-base ../../build/robot_control build --build-base /home/shubham/robot_arm_ws/build/robot_control/build install --record /home/shubham/robot_arm_ws/build/robot_control/install.log --install-scripts $base/lib/robot_control --single-version-externally-managed install_data
[2.179s] DEBUG:colcon.colcon_core.task.python.build:Available setuptools commands: sdist, egg_info, update_catalog, develop, saveopts, register, init_catalog, alias, clean, install_data, bdist_rpm, test, editable_wheel, build_ext, install_scripts, compile_catalog, bdist_dumb, build_clib, dist_info, install_headers, upload, install_egg_info, setopt, bdist_wheel, extract_messages, build, symlink_data, upload_docs, bdist, easy_install, build_scripts, install_lib, check, rotate, build_py, install, bdist_egg
[2.183s] DEBUG:colcon.colcon_core.event_handler.log_command:Invoking command in '/home/shubham/robot_arm_ws/src/robot_utils': DEBUGINFOD_URLS=https://debuginfod.ubuntu.com PYTHONPATH=/home/shubham/robot_arm_ws/build/robot_utils/prefix_override:/usr/lib/python3/dist-packages/colcon_core/task/python/colcon_distutils_commands:/home/shubham/robot_arm_ws/install/robot_utils/lib/python3.12/site-packages:${PYTHONPATH} /usr/bin/python3 -W ignore:setup.py install is deprecated -W ignore:easy_install command is deprecated setup.py egg_info --egg-base ../../build/robot_utils build --build-base /home/shubham/robot_arm_ws/build/robot_utils/build install --record /home/shubham/robot_arm_ws/build/robot_utils/install.log --install-scripts $base/lib/robot_utils --single-version-externally-managed install_data
[3.024s] Level 1:colcon.colcon_core.environment:checking '/home/shubham/robot_arm_ws/install/robot_control' for CMake module files
[3.025s] DEBUG:colcon.colcon_core.event_handler.log_command:Invoked command in '/home/shubham/robot_arm_ws/src/robot_control' returned '0': DEBUGINFOD_URLS=https://debuginfod.ubuntu.com PYTHONPATH=/home/shubham/robot_arm_ws/build/robot_control/prefix_override:/usr/lib/python3/dist-packages/colcon_core/task/python/colcon_distutils_commands:/home/shubham/robot_arm_ws/install/robot_control/lib/python3.12/site-packages:${PYTHONPATH} /usr/bin/python3 -W ignore:setup.py install is deprecated -W ignore:easy_install command is deprecated setup.py egg_info --egg-base ../../build/robot_control build --build-base /home/shubham/robot_arm_ws/build/robot_control/build install --record /home/shubham/robot_arm_ws/build/robot_control/install.log --install-scripts $base/lib/robot_control --single-version-externally-managed install_data
[3.026s] Level 1:colcon.colcon_core.environment:checking '/home/shubham/robot_arm_ws/install/robot_control' for CMake config files
[3.027s] Level 1:colcon.colcon_core.environment:checking '/home/shubham/robot_arm_ws/install/robot_control/lib'
[3.027s] Level 1:colcon.colcon_core.environment:checking '/home/shubham/robot_arm_ws/install/robot_control/bin'
[3.028s] Level 1:colcon.colcon_core.environment:checking '/home/shubham/robot_arm_ws/install/robot_control/lib/pkgconfig/robot_control.pc'
[3.028s] Level 1:colcon.colcon_core.environment:checking '/home/shubham/robot_arm_ws/install/robot_control/lib/python3.12/site-packages'
[3.028s] Level 1:colcon.colcon_core.shell:create_environment_hook('robot_control', 'pythonpath')
[3.029s] INFO:colcon.colcon_core.shell:Creating environment hook '/home/shubham/robot_arm_ws/install/robot_control/share/robot_control/hook/pythonpath.ps1'
[3.030s] INFO:colcon.colcon_core.shell:Creating environment descriptor '/home/shubham/robot_arm_ws/install/robot_control/share/robot_control/hook/pythonpath.dsv'
[3.030s] INFO:colcon.colcon_core.shell:Creating environment hook '/home/shubham/robot_arm_ws/install/robot_control/share/robot_control/hook/pythonpath.sh'
[3.032s] Level 1:colcon.colcon_core.environment:checking '/home/shubham/robot_arm_ws/install/robot_control/bin'
[3.032s] Level 1:colcon.colcon_core.environment:create_environment_scripts_only(robot_control)
[3.032s] INFO:colcon.colcon_core.shell:Creating package script '/home/shubham/robot_arm_ws/install/robot_control/share/robot_control/package.ps1'
[3.034s] INFO:colcon.colcon_core.shell:Creating package descriptor '/home/shubham/robot_arm_ws/install/robot_control/share/robot_control/package.dsv'
[3.035s] INFO:colcon.colcon_core.shell:Creating package script '/home/shubham/robot_arm_ws/install/robot_control/share/robot_control/package.sh'
[3.035s] INFO:colcon.colcon_core.shell:Creating package script '/home/shubham/robot_arm_ws/install/robot_control/share/robot_control/package.bash'
[3.036s] INFO:colcon.colcon_core.shell:Creating package script '/home/shubham/robot_arm_ws/install/robot_control/share/robot_control/package.zsh'
[3.037s] Level 1:colcon.colcon_core.environment:create_file_with_runtime_dependencies(/home/shubham/robot_arm_ws/install/robot_control/share/colcon-core/packages/robot_control)
[3.083s] Level 1:colcon.colcon_core.environment:checking '/home/shubham/robot_arm_ws/install/robot_utils' for CMake module files
[3.084s] DEBUG:colcon.colcon_core.event_handler.log_command:Invoked command in '/home/shubham/robot_arm_ws/src/robot_utils' returned '0': DEBUGINFOD_URLS=https://debuginfod.ubuntu.com PYTHONPATH=/home/shubham/robot_arm_ws/build/robot_utils/prefix_override:/usr/lib/python3/dist-packages/colcon_core/task/python/colcon_distutils_commands:/home/shubham/robot_arm_ws/install/robot_utils/lib/python3.12/site-packages:${PYTHONPATH} /usr/bin/python3 -W ignore:setup.py install is deprecated -W ignore:easy_install command is deprecated setup.py egg_info --egg-base ../../build/robot_utils build --build-base /home/shubham/robot_arm_ws/build/robot_utils/build install --record /home/shubham/robot_arm_ws/build/robot_utils/install.log --install-scripts $base/lib/robot_utils --single-version-externally-managed install_data
[3.085s] Level 1:colcon.colcon_core.environment:checking '/home/shubham/robot_arm_ws/install/robot_utils' for CMake config files
[3.085s] Level 1:colcon.colcon_core.environment:checking '/home/shubham/robot_arm_ws/install/robot_utils/lib'
[3.086s] Level 1:colcon.colcon_core.environment:checking '/home/shubham/robot_arm_ws/install/robot_utils/bin'
[3.086s] Level 1:colcon.colcon_core.environment:checking '/home/shubham/robot_arm_ws/install/robot_utils/lib/pkgconfig/robot_utils.pc'
[3.086s] Level 1:colcon.colcon_core.environment:checking '/home/shubham/robot_arm_ws/install/robot_utils/lib/python3.12/site-packages'
[3.086s] Level 1:colcon.colcon_core.shell:create_environment_hook('robot_utils', 'pythonpath')
[3.087s] INFO:colcon.colcon_core.shell:Creating environment hook '/home/shubham/robot_arm_ws/install/robot_utils/share/robot_utils/hook/pythonpath.ps1'
[3.087s] INFO:colcon.colcon_core.shell:Creating environment descriptor '/home/shubham/robot_arm_ws/install/robot_utils/share/robot_utils/hook/pythonpath.dsv'
[3.088s] INFO:colcon.colcon_core.shell:Creating environment hook '/home/shubham/robot_arm_ws/install/robot_utils/share/robot_utils/hook/pythonpath.sh'
[3.089s] Level 1:colcon.colcon_core.environment:checking '/home/shubham/robot_arm_ws/install/robot_utils/bin'
[3.089s] Level 1:colcon.colcon_core.environment:create_environment_scripts_only(robot_utils)
[3.089s] INFO:colcon.colcon_core.shell:Creating package script '/home/shubham/robot_arm_ws/install/robot_utils/share/robot_utils/package.ps1'
[3.090s] INFO:colcon.colcon_core.shell:Creating package descriptor '/home/shubham/robot_arm_ws/install/robot_utils/share/robot_utils/package.dsv'
[3.091s] INFO:colcon.colcon_core.shell:Creating package script '/home/shubham/robot_arm_ws/install/robot_utils/share/robot_utils/package.sh'
[3.091s] INFO:colcon.colcon_core.shell:Creating package script '/home/shubham/robot_arm_ws/install/robot_utils/share/robot_utils/package.bash'
[3.092s] INFO:colcon.colcon_core.shell:Creating package script '/home/shubham/robot_arm_ws/install/robot_utils/share/robot_utils/package.zsh'
[3.092s] Level 1:colcon.colcon_core.environment:create_file_with_runtime_dependencies(/home/shubham/robot_arm_ws/install/robot_utils/share/colcon-core/packages/robot_utils)
[3.093s] DEBUG:colcon.colcon_parallel_executor.executor.parallel:closing loop
[3.093s] DEBUG:colcon.colcon_parallel_executor.executor.parallel:loop closed
[3.093s] DEBUG:colcon.colcon_parallel_executor.executor.parallel:run_until_complete finished with '0'
[3.094s] DEBUG:colcon.colcon_core.event_reactor:joining thread
[3.095s] DEBUG:colcon.colcon_core.event_reactor:joined thread
[3.095s] INFO:colcon.colcon_core.shell:Creating prefix script '/home/shubham/robot_arm_ws/install/local_setup.ps1'
[3.097s] INFO:colcon.colcon_core.shell:Creating prefix util module '/home/shubham/robot_arm_ws/install/_local_setup_util_ps1.py'
[3.098s] INFO:colcon.colcon_core.shell:Creating prefix chain script '/home/shubham/robot_arm_ws/install/setup.ps1'
[3.101s] INFO:colcon.colcon_core.shell:Creating prefix script '/home/shubham/robot_arm_ws/install/local_setup.sh'
[3.101s] INFO:colcon.colcon_core.shell:Creating prefix util module '/home/shubham/robot_arm_ws/install/_local_setup_util_sh.py'
[3.102s] INFO:colcon.colcon_core.shell:Creating prefix chain script '/home/shubham/robot_arm_ws/install/setup.sh'
[3.104s] INFO:colcon.colcon_core.shell:Creating prefix script '/home/shubham/robot_arm_ws/install/local_setup.bash'
[3.104s] INFO:colcon.colcon_core.shell:Creating prefix chain script '/home/shubham/robot_arm_ws/install/setup.bash'
[3.106s] INFO:colcon.colcon_core.shell:Creating prefix script '/home/shubham/robot_arm_ws/install/local_setup.zsh'
[3.107s] INFO:colcon.colcon_core.shell:Creating prefix chain script '/home/shubham/robot_arm_ws/install/setup.zsh'
