[0.496s] Invoking command in '/home/shubham/robot_arm_ws/build/robot_description': CMAKE_PREFIX_PATH=${CMAKE_PREFIX_PATH}:/home/shubham/ros2-jazzy-learning/install/tf2_demo:/home/shubham/ros2-jazzy-learning/install/ros2_advanced:/home/shubham/ros2-jazzy-learning/install/robot_manager:/home/shubham/ros2-jazzy-learning/install/robot_bringup:/home/shubham/ros2-jazzy-learning/install/parameter_demo:/home/shubham/ros2-jazzy-learning/install/namespace_demo:/home/shubham/ros2-jazzy-learning/install/my_first_pkg:/home/shubham/ros2-jazzy-learning/install/my_robot_description:/home/shubham/ros2-jazzy-learning/install/my_robot_control:/home/shubham/ros2-jazzy-learning/install/my_robot_bringup:/home/shubham/ros2-jazzy-learning/install/motion_safety_stack:/home/shubham/ros2-jazzy-learning/install/lifecycle_demo:/opt/ros/jazzy DEBUGINFOD_URLS=https://debuginfod.ubuntu.com /usr/bin/cmake --build /home/shubham/robot_arm_ws/build/robot_description -- -j8 -l8
[0.967s] Invoked command in '/home/shubham/robot_arm_ws/build/robot_description' returned '0': CMAKE_PREFIX_PATH=${CMAKE_PREFIX_PATH}:/home/shubham/ros2-jazzy-learning/install/tf2_demo:/home/shubham/ros2-jazzy-learning/install/ros2_advanced:/home/shubham/ros2-jazzy-learning/install/robot_manager:/home/shubham/ros2-jazzy-learning/install/robot_bringup:/home/shubham/ros2-jazzy-learning/install/parameter_demo:/home/shubham/ros2-jazzy-learning/install/namespace_demo:/home/shubham/ros2-jazzy-learning/install/my_first_pkg:/home/shubham/ros2-jazzy-learning/install/my_robot_description:/home/shubham/ros2-jazzy-learning/install/my_robot_control:/home/shubham/ros2-jazzy-learning/install/my_robot_bringup:/home/shubham/ros2-jazzy-learning/install/motion_safety_stack:/home/shubham/ros2-jazzy-learning/install/lifecycle_demo:/opt/ros/jazzy DEBUGINFOD_URLS=https://debuginfod.ubuntu.com /usr/bin/cmake --build /home/shubham/robot_arm_ws/build/robot_description -- -j8 -l8
[0.969s] Invoking command in '/home/shubham/robot_arm_ws/build/robot_description': CMAKE_PREFIX_PATH=${CMAKE_PREFIX_PATH}:/home/shubham/ros2-jazzy-learning/install/tf2_demo:/home/shubham/ros2-jazzy-learning/install/ros2_advanced:/home/shubham/ros2-jazzy-learning/install/robot_manager:/home/shubham/ros2-jazzy-learning/install/robot_bringup:/home/shubham/ros2-jazzy-learning/install/parameter_demo:/home/shubham/ros2-jazzy-learning/install/namespace_demo:/home/shubham/ros2-jazzy-learning/install/my_first_pkg:/home/shubham/ros2-jazzy-learning/install/my_robot_description:/home/shubham/ros2-jazzy-learning/install/my_robot_control:/home/shubham/ros2-jazzy-learning/install/my_robot_bringup:/home/shubham/ros2-jazzy-learning/install/motion_safety_stack:/home/shubham/ros2-jazzy-learning/install/lifecycle_demo:/opt/ros/jazzy DEBUGINFOD_URLS=https://debuginfod.ubuntu.com /usr/bin/cmake --install /home/shubham/robot_arm_ws/build/robot_description
[1.007s] -- Install configuration: ""
[1.008s] -- Up-to-date: /home/shubham/robot_arm_ws/install/robot_description/share/robot_description/urdf
[1.008s] -- Up-to-date: /home/shubham/robot_arm_ws/install/robot_description/share/robot_description/urdf/links.xacro
[1.009s] -- Up-to-date: /home/shubham/robot_arm_ws/install/robot_description/share/robot_description/urdf/transmissions.xacro
[1.009s] -- Up-to-date: /home/shubham/robot_arm_ws/install/robot_description/share/robot_description/urdf/joints.xacro
[1.013s] -- Up-to-date: /home/shubham/robot_arm_ws/install/robot_description/share/robot_description/urdf/materials.xacro
[1.013s] -- Up-to-date: /home/shubham/robot_arm_ws/install/robot_description/share/robot_description/urdf/robot.urdf.xacro
[1.015s] -- Up-to-date: /home/shubham/robot_arm_ws/install/robot_description/share/robot_description/urdf/gazebo.xacro
[1.016s] -- Up-to-date: /home/shubham/robot_arm_ws/install/robot_description/share/robot_description/urdf/macros.xacro
[1.018s] -- Up-to-date: /home/shubham/robot_arm_ws/install/robot_description/share/robot_description/meshes
[1.019s] -- Up-to-date: /home/shubham/robot_arm_ws/install/robot_description/share/robot_description/launch
[1.020s] -- Up-to-date: /home/shubham/robot_arm_ws/install/robot_description/share/robot_description/launch/display.launch.py
[1.021s] -- Up-to-date: /home/shubham/robot_arm_ws/install/robot_description/share/robot_description/rviz
[1.021s] -- Up-to-date: /home/shubham/robot_arm_ws/install/robot_description/share/robot_description/config
[1.021s] -- Up-to-date: /home/shubham/robot_arm_ws/install/robot_description/share/ament_index/resource_index/package_run_dependencies/robot_description
[1.023s] -- Up-to-date: /home/shubham/robot_arm_ws/install/robot_description/share/ament_index/resource_index/parent_prefix_path/robot_description
[1.023s] -- Up-to-date: /home/shubham/robot_arm_ws/install/robot_description/share/robot_description/environment/ament_prefix_path.sh
[1.024s] -- Up-to-date: /home/shubham/robot_arm_ws/install/robot_description/share/robot_description/environment/ament_prefix_path.dsv
[1.025s] -- Up-to-date: /home/shubham/robot_arm_ws/install/robot_description/share/robot_description/environment/path.sh
[1.025s] -- Up-to-date: /home/shubham/robot_arm_ws/install/robot_description/share/robot_description/environment/path.dsv
[1.025s] -- Up-to-date: /home/shubham/robot_arm_ws/install/robot_description/share/robot_description/local_setup.bash
[1.026s] -- Up-to-date: /home/shubham/robot_arm_ws/install/robot_description/share/robot_description/local_setup.sh
[1.026s] -- Up-to-date: /home/shubham/robot_arm_ws/install/robot_description/share/robot_description/local_setup.zsh
[1.026s] -- Up-to-date: /home/shubham/robot_arm_ws/install/robot_description/share/robot_description/local_setup.dsv
[1.027s] -- Installing: /home/shubham/robot_arm_ws/install/robot_description/share/robot_description/package.dsv
[1.027s] -- Up-to-date: /home/shubham/robot_arm_ws/install/robot_description/share/ament_index/resource_index/packages/robot_description
[1.027s] -- Up-to-date: /home/shubham/robot_arm_ws/install/robot_description/share/robot_description/cmake/robot_descriptionConfig.cmake
[1.027s] -- Up-to-date: /home/shubham/robot_arm_ws/install/robot_description/share/robot_description/cmake/robot_descriptionConfig-version.cmake
[1.028s] -- Up-to-date: /home/shubham/robot_arm_ws/install/robot_description/share/robot_description/package.xml
[1.073s] Invoked command in '/home/shubham/robot_arm_ws/build/robot_description' returned '0': CMAKE_PREFIX_PATH=${CMAKE_PREFIX_PATH}:/home/shubham/ros2-jazzy-learning/install/tf2_demo:/home/shubham/ros2-jazzy-learning/install/ros2_advanced:/home/shubham/ros2-jazzy-learning/install/robot_manager:/home/shubham/ros2-jazzy-learning/install/robot_bringup:/home/shubham/ros2-jazzy-learning/install/parameter_demo:/home/shubham/ros2-jazzy-learning/install/namespace_demo:/home/shubham/ros2-jazzy-learning/install/my_first_pkg:/home/shubham/ros2-jazzy-learning/install/my_robot_description:/home/shubham/ros2-jazzy-learning/install/my_robot_control:/home/shubham/ros2-jazzy-learning/install/my_robot_bringup:/home/shubham/ros2-jazzy-learning/install/motion_safety_stack:/home/shubham/ros2-jazzy-learning/install/lifecycle_demo:/opt/ros/jazzy DEBUGINFOD_URLS=https://debuginfod.ubuntu.com /usr/bin/cmake --install /home/shubham/robot_arm_ws/build/robot_description
