[0.224s] Invoking command in '/home/shubham/robot_arm_ws/build/robot_interfaces': CMAKE_PREFIX_PATH=${CMAKE_PREFIX_PATH}:/home/shubham/ros2-jazzy-learning/install/tf2_demo:/home/shubham/ros2-jazzy-learning/install/ros2_advanced:/home/shubham/ros2-jazzy-learning/install/robot_manager:/home/shubham/ros2-jazzy-learning/install/robot_bringup:/home/shubham/ros2-jazzy-learning/install/parameter_demo:/home/shubham/ros2-jazzy-learning/install/namespace_demo:/home/shubham/ros2-jazzy-learning/install/my_first_pkg:/home/shubham/ros2-jazzy-learning/install/my_robot_description:/home/shubham/ros2-jazzy-learning/install/my_robot_control:/home/shubham/ros2-jazzy-learning/install/my_robot_bringup:/home/shubham/ros2-jazzy-learning/install/motion_safety_stack:/home/shubham/ros2-jazzy-learning/install/lifecycle_demo:/opt/ros/jazzy DEBUGINFOD_URLS=https://debuginfod.ubuntu.com /usr/bin/cmake /home/shubham/robot_arm_ws/src/robot_interfaces -DCMAKE_INSTALL_PREFIX=/home/shubham/robot_arm_ws/install/robot_interfaces
[0.277s] -- The C compiler identification is GNU 13.3.0
[0.346s] -- The CXX compiler identification is GNU 13.3.0
[0.361s] -- Detecting C compiler ABI info
[0.452s] -- Detecting C compiler ABI info - done
[0.465s] -- Check for working C compiler: /usr/bin/cc - skipped
[0.467s] -- Detecting C compile features
[0.467s] -- Detecting C compile features - done
[0.475s] -- Detecting CXX compiler ABI info
[0.620s] -- Detecting CXX compiler ABI info - done
[0.637s] -- Check for working CXX compiler: /usr/bin/c++ - skipped
[0.638s] -- Detecting CXX compile features
[0.638s] -- Detecting CXX compile features - done
[0.647s] -- Found ament_cmake: 2.5.6 (/opt/ros/jazzy/share/ament_cmake/cmake)
[0.878s] -- Found Python3: /usr/bin/python3 (found version "3.12.3") found components: Interpreter 
[1.112s] -- Found ament_lint_auto: 0.17.5 (/opt/ros/jazzy/share/ament_lint_auto/cmake)
[1.315s] -- Added test 'lint_cmake' to check CMake code style
[1.318s] -- Added test 'xmllint' to check XML markup files
[1.320s] -- Configuring done (1.1s)
[1.332s] -- Generating done (0.0s)
[1.336s] -- Build files have been written to: /home/shubham/robot_arm_ws/build/robot_interfaces
[1.346s] Invoked command in '/home/shubham/robot_arm_ws/build/robot_interfaces' returned '0': CMAKE_PREFIX_PATH=${CMAKE_PREFIX_PATH}:/home/shubham/ros2-jazzy-learning/install/tf2_demo:/home/shubham/ros2-jazzy-learning/install/ros2_advanced:/home/shubham/ros2-jazzy-learning/install/robot_manager:/home/shubham/ros2-jazzy-learning/install/robot_bringup:/home/shubham/ros2-jazzy-learning/install/parameter_demo:/home/shubham/ros2-jazzy-learning/install/namespace_demo:/home/shubham/ros2-jazzy-learning/install/my_first_pkg:/home/shubham/ros2-jazzy-learning/install/my_robot_description:/home/shubham/ros2-jazzy-learning/install/my_robot_control:/home/shubham/ros2-jazzy-learning/install/my_robot_bringup:/home/shubham/ros2-jazzy-learning/install/motion_safety_stack:/home/shubham/ros2-jazzy-learning/install/lifecycle_demo:/opt/ros/jazzy DEBUGINFOD_URLS=https://debuginfod.ubuntu.com /usr/bin/cmake /home/shubham/robot_arm_ws/src/robot_interfaces -DCMAKE_INSTALL_PREFIX=/home/shubham/robot_arm_ws/install/robot_interfaces
[1.348s] Invoking command in '/home/shubham/robot_arm_ws/build/robot_interfaces': CMAKE_PREFIX_PATH=${CMAKE_PREFIX_PATH}:/home/shubham/ros2-jazzy-learning/install/tf2_demo:/home/shubham/ros2-jazzy-learning/install/ros2_advanced:/home/shubham/ros2-jazzy-learning/install/robot_manager:/home/shubham/ros2-jazzy-learning/install/robot_bringup:/home/shubham/ros2-jazzy-learning/install/parameter_demo:/home/shubham/ros2-jazzy-learning/install/namespace_demo:/home/shubham/ros2-jazzy-learning/install/my_first_pkg:/home/shubham/ros2-jazzy-learning/install/my_robot_description:/home/shubham/ros2-jazzy-learning/install/my_robot_control:/home/shubham/ros2-jazzy-learning/install/my_robot_bringup:/home/shubham/ros2-jazzy-learning/install/motion_safety_stack:/home/shubham/ros2-jazzy-learning/install/lifecycle_demo:/opt/ros/jazzy DEBUGINFOD_URLS=https://debuginfod.ubuntu.com /usr/bin/cmake --build /home/shubham/robot_arm_ws/build/robot_interfaces -- -j8 -l8
[1.398s] Invoked command in '/home/shubham/robot_arm_ws/build/robot_interfaces' returned '0': CMAKE_PREFIX_PATH=${CMAKE_PREFIX_PATH}:/home/shubham/ros2-jazzy-learning/install/tf2_demo:/home/shubham/ros2-jazzy-learning/install/ros2_advanced:/home/shubham/ros2-jazzy-learning/install/robot_manager:/home/shubham/ros2-jazzy-learning/install/robot_bringup:/home/shubham/ros2-jazzy-learning/install/parameter_demo:/home/shubham/ros2-jazzy-learning/install/namespace_demo:/home/shubham/ros2-jazzy-learning/install/my_first_pkg:/home/shubham/ros2-jazzy-learning/install/my_robot_description:/home/shubham/ros2-jazzy-learning/install/my_robot_control:/home/shubham/ros2-jazzy-learning/install/my_robot_bringup:/home/shubham/ros2-jazzy-learning/install/motion_safety_stack:/home/shubham/ros2-jazzy-learning/install/lifecycle_demo:/opt/ros/jazzy DEBUGINFOD_URLS=https://debuginfod.ubuntu.com /usr/bin/cmake --build /home/shubham/robot_arm_ws/build/robot_interfaces -- -j8 -l8
[1.400s] Invoking command in '/home/shubham/robot_arm_ws/build/robot_interfaces': CMAKE_PREFIX_PATH=${CMAKE_PREFIX_PATH}:/home/shubham/ros2-jazzy-learning/install/tf2_demo:/home/shubham/ros2-jazzy-learning/install/ros2_advanced:/home/shubham/ros2-jazzy-learning/install/robot_manager:/home/shubham/ros2-jazzy-learning/install/robot_bringup:/home/shubham/ros2-jazzy-learning/install/parameter_demo:/home/shubham/ros2-jazzy-learning/install/namespace_demo:/home/shubham/ros2-jazzy-learning/install/my_first_pkg:/home/shubham/ros2-jazzy-learning/install/my_robot_description:/home/shubham/ros2-jazzy-learning/install/my_robot_control:/home/shubham/ros2-jazzy-learning/install/my_robot_bringup:/home/shubham/ros2-jazzy-learning/install/motion_safety_stack:/home/shubham/ros2-jazzy-learning/install/lifecycle_demo:/opt/ros/jazzy DEBUGINFOD_URLS=https://debuginfod.ubuntu.com /usr/bin/cmake --install /home/shubham/robot_arm_ws/build/robot_interfaces
[1.411s] -- Install configuration: ""
[1.411s] -- Installing: /home/shubham/robot_arm_ws/install/robot_interfaces/share/ament_index/resource_index/package_run_dependencies/robot_interfaces
[1.412s] -- Installing: /home/shubham/robot_arm_ws/install/robot_interfaces/share/ament_index/resource_index/parent_prefix_path/robot_interfaces
[1.412s] -- Installing: /home/shubham/robot_arm_ws/install/robot_interfaces/share/robot_interfaces/environment/ament_prefix_path.sh
[1.412s] -- Installing: /home/shubham/robot_arm_ws/install/robot_interfaces/share/robot_interfaces/environment/ament_prefix_path.dsv
[1.412s] -- Installing: /home/shubham/robot_arm_ws/install/robot_interfaces/share/robot_interfaces/environment/path.sh
[1.412s] -- Installing: /home/shubham/robot_arm_ws/install/robot_interfaces/share/robot_interfaces/environment/path.dsv
[1.412s] -- Installing: /home/shubham/robot_arm_ws/install/robot_interfaces/share/robot_interfaces/local_setup.bash
[1.412s] -- Installing: /home/shubham/robot_arm_ws/install/robot_interfaces/share/robot_interfaces/local_setup.sh
[1.412s] -- Installing: /home/shubham/robot_arm_ws/install/robot_interfaces/share/robot_interfaces/local_setup.zsh
[1.413s] -- Installing: /home/shubham/robot_arm_ws/install/robot_interfaces/share/robot_interfaces/local_setup.dsv
[1.413s] -- Installing: /home/shubham/robot_arm_ws/install/robot_interfaces/share/robot_interfaces/package.dsv
[1.413s] -- Installing: /home/shubham/robot_arm_ws/install/robot_interfaces/share/ament_index/resource_index/packages/robot_interfaces
[1.413s] -- Installing: /home/shubham/robot_arm_ws/install/robot_interfaces/share/robot_interfaces/cmake/robot_interfacesConfig.cmake
[1.413s] -- Installing: /home/shubham/robot_arm_ws/install/robot_interfaces/share/robot_interfaces/cmake/robot_interfacesConfig-version.cmake
[1.413s] -- Installing: /home/shubham/robot_arm_ws/install/robot_interfaces/share/robot_interfaces/package.xml
[1.416s] Invoked command in '/home/shubham/robot_arm_ws/build/robot_interfaces' returned '0': CMAKE_PREFIX_PATH=${CMAKE_PREFIX_PATH}:/home/shubham/ros2-jazzy-learning/install/tf2_demo:/home/shubham/ros2-jazzy-learning/install/ros2_advanced:/home/shubham/ros2-jazzy-learning/install/robot_manager:/home/shubham/ros2-jazzy-learning/install/robot_bringup:/home/shubham/ros2-jazzy-learning/install/parameter_demo:/home/shubham/ros2-jazzy-learning/install/namespace_demo:/home/shubham/ros2-jazzy-learning/install/my_first_pkg:/home/shubham/ros2-jazzy-learning/install/my_robot_description:/home/shubham/ros2-jazzy-learning/install/my_robot_control:/home/shubham/ros2-jazzy-learning/install/my_robot_bringup:/home/shubham/ros2-jazzy-learning/install/motion_safety_stack:/home/shubham/ros2-jazzy-learning/install/lifecycle_demo:/opt/ros/jazzy DEBUGINFOD_URLS=https://debuginfod.ubuntu.com /usr/bin/cmake --install /home/shubham/robot_arm_ws/build/robot_interfaces
