[0.287s] DEBUG:colcon:Command line arguments: ['/usr/bin/colcon', 'build']
[0.287s] DEBUG:colcon:Parsed command line arguments: Namespace(log_base=None, log_level=None, verb_name='build', build_base='build', install_base='install', merge_install=False, symlink_install=False, test_result_base=None, continue_on_error=False, executor='parallel', parallel_workers=8, event_handlers=None, ignore_user_meta=False, metas=['./colcon.meta'], base_paths=['.'], packages_ignore=None, packages_ignore_regex=None, paths=None, packages_up_to=None, packages_up_to_regex=None, packages_above=None, packages_above_and_dependencies=None, packages_above_depth=None, packages_select_by_dep=None, packages_skip_by_dep=None, packages_skip_up_to=None, packages_select_build_failed=False, packages_skip_build_finished=False, packages_select_test_failures=False, packages_skip_test_passed=False, packages_select=None, packages_skip=None, packages_select_regex=None, packages_skip_regex=None, packages_start=None, packages_end=None, allow_overriding=[], cmake_args=None, cmake_target=None, cmake_target_skip_unavailable=False, cmake_clean_cache=False, cmake_clean_first=False, cmake_force_configure=False, ament_cmake_args=None, catkin_cmake_args=None, catkin_skip_building_tests=False, mixin_files=None, mixin=None, verb_parser=<colcon_mixin.mixin.mixin_argument.MixinArgumentDecorator object at 0x7ad128b788c0>, verb_extension=<colcon_core.verb.build.BuildVerb object at 0x7ad128cf0ef0>, main=<bound method BuildVerb.main of <colcon_core.verb.build.BuildVerb object at 0x7ad128cf0ef0>>, mixin_verb=('build',))
[0.391s] Level 1:colcon.colcon_core.package_discovery:discover_packages(colcon_meta) check parameters
[0.391s] Level 1:colcon.colcon_core.package_discovery:discover_packages(recursive) check parameters
[0.391s] Level 1:colcon.colcon_core.package_discovery:discover_packages(ignore) check parameters
[0.391s] Level 1:colcon.colcon_core.package_discovery:discover_packages(path) check parameters
[0.391s] Level 1:colcon.colcon_core.package_discovery:discover_packages(colcon_meta) discover
[0.392s] Level 1:colcon.colcon_core.package_discovery:discover_packages(recursive) discover
[0.392s] INFO:colcon.colcon_core.package_discovery:Crawling recursively for packages in '/home/shubham/robot_arm_ws'
[0.392s] Level 1:colcon.colcon_core.package_identification:_identify(.) by extensions ['ignore', 'ignore_ament_install']
[0.392s] Level 1:colcon.colcon_core.package_identification:_identify(.) by extension 'ignore'
[0.393s] Level 1:colcon.colcon_core.package_identification:_identify(.) by extension 'ignore_ament_install'
[0.393s] Level 1:colcon.colcon_core.package_identification:_identify(.) by extensions ['colcon_pkg']
[0.393s] Level 1:colcon.colcon_core.package_identification:_identify(.) by extension 'colcon_pkg'
[0.393s] Level 1:colcon.colcon_core.package_identification:_identify(.) by extensions ['colcon_meta']
[0.393s] Level 1:colcon.colcon_core.package_identification:_identify(.) by extension 'colcon_meta'
[0.393s] Level 1:colcon.colcon_core.package_identification:_identify(.) by extensions ['ros']
[0.393s] Level 1:colcon.colcon_core.package_identification:_identify(.) by extension 'ros'
[0.467s] Level 1:colcon.colcon_core.package_identification:_identify(.) by extensions ['cmake', 'python']
[0.467s] Level 1:colcon.colcon_core.package_identification:_identify(.) by extension 'cmake'
[0.467s] Level 1:colcon.colcon_core.package_identification:_identify(.) by extension 'python'
[0.467s] Level 1:colcon.colcon_core.package_identification:_identify(.) by extensions ['python_setup_py']
[0.467s] Level 1:colcon.colcon_core.package_identification:_identify(.) by extension 'python_setup_py'
[0.468s] Level 1:colcon.colcon_core.package_identification:_identify(build) by extensions ['ignore', 'ignore_ament_install']
[0.468s] Level 1:colcon.colcon_core.package_identification:_identify(build) by extension 'ignore'
[0.468s] Level 1:colcon.colcon_core.package_identification:_identify(build) ignored
[0.469s] Level 1:colcon.colcon_core.package_identification:_identify(config) by extensions ['ignore', 'ignore_ament_install']
[0.469s] Level 1:colcon.colcon_core.package_identification:_identify(config) by extension 'ignore'
[0.469s] Level 1:colcon.colcon_core.package_identification:_identify(config) by extension 'ignore_ament_install'
[0.469s] Level 1:colcon.colcon_core.package_identification:_identify(config) by extensions ['colcon_pkg']
[0.469s] Level 1:colcon.colcon_core.package_identification:_identify(config) by extension 'colcon_pkg'
[0.470s] Level 1:colcon.colcon_core.package_identification:_identify(config) by extensions ['colcon_meta']
[0.470s] Level 1:colcon.colcon_core.package_identification:_identify(config) by extension 'colcon_meta'
[0.470s] Level 1:colcon.colcon_core.package_identification:_identify(config) by extensions ['ros']
[0.470s] Level 1:colcon.colcon_core.package_identification:_identify(config) by extension 'ros'
[0.470s] Level 1:colcon.colcon_core.package_identification:_identify(config) by extensions ['cmake', 'python']
[0.470s] Level 1:colcon.colcon_core.package_identification:_identify(config) by extension 'cmake'
[0.470s] Level 1:colcon.colcon_core.package_identification:_identify(config) by extension 'python'
[0.470s] Level 1:colcon.colcon_core.package_identification:_identify(config) by extensions ['python_setup_py']
[0.471s] Level 1:colcon.colcon_core.package_identification:_identify(config) by extension 'python_setup_py'
[0.471s] Level 1:colcon.colcon_core.package_identification:_identify(docs) by extensions ['ignore', 'ignore_ament_install']
[0.471s] Level 1:colcon.colcon_core.package_identification:_identify(docs) by extension 'ignore'
[0.471s] Level 1:colcon.colcon_core.package_identification:_identify(docs) by extension 'ignore_ament_install'
[0.472s] Level 1:colcon.colcon_core.package_identification:_identify(docs) by extensions ['colcon_pkg']
[0.472s] Level 1:colcon.colcon_core.package_identification:_identify(docs) by extension 'colcon_pkg'
[0.472s] Level 1:colcon.colcon_core.package_identification:_identify(docs) by extensions ['colcon_meta']
[0.472s] Level 1:colcon.colcon_core.package_identification:_identify(docs) by extension 'colcon_meta'
[0.472s] Level 1:colcon.colcon_core.package_identification:_identify(docs) by extensions ['ros']
[0.472s] Level 1:colcon.colcon_core.package_identification:_identify(docs) by extension 'ros'
[0.472s] Level 1:colcon.colcon_core.package_identification:_identify(docs) by extensions ['cmake', 'python']
[0.472s] Level 1:colcon.colcon_core.package_identification:_identify(docs) by extension 'cmake'
[0.473s] Level 1:colcon.colcon_core.package_identification:_identify(docs) by extension 'python'
[0.473s] Level 1:colcon.colcon_core.package_identification:_identify(docs) by extensions ['python_setup_py']
[0.473s] Level 1:colcon.colcon_core.package_identification:_identify(docs) by extension 'python_setup_py'
[0.473s] Level 1:colcon.colcon_core.package_identification:_identify(install) by extensions ['ignore', 'ignore_ament_install']
[0.473s] Level 1:colcon.colcon_core.package_identification:_identify(install) by extension 'ignore'
[0.474s] Level 1:colcon.colcon_core.package_identification:_identify(install) ignored
[0.474s] Level 1:colcon.colcon_core.package_identification:_identify(launch) by extensions ['ignore', 'ignore_ament_install']
[0.474s] Level 1:colcon.colcon_core.package_identification:_identify(launch) by extension 'ignore'
[0.474s] Level 1:colcon.colcon_core.package_identification:_identify(launch) by extension 'ignore_ament_install'
[0.474s] Level 1:colcon.colcon_core.package_identification:_identify(launch) by extensions ['colcon_pkg']
[0.475s] Level 1:colcon.colcon_core.package_identification:_identify(launch) by extension 'colcon_pkg'
[0.475s] Level 1:colcon.colcon_core.package_identification:_identify(launch) by extensions ['colcon_meta']
[0.475s] Level 1:colcon.colcon_core.package_identification:_identify(launch) by extension 'colcon_meta'
[0.475s] Level 1:colcon.colcon_core.package_identification:_identify(launch) by extensions ['ros']
[0.475s] Level 1:colcon.colcon_core.package_identification:_identify(launch) by extension 'ros'
[0.475s] Level 1:colcon.colcon_core.package_identification:_identify(launch) by extensions ['cmake', 'python']
[0.475s] Level 1:colcon.colcon_core.package_identification:_identify(launch) by extension 'cmake'
[0.476s] Level 1:colcon.colcon_core.package_identification:_identify(launch) by extension 'python'
[0.476s] Level 1:colcon.colcon_core.package_identification:_identify(launch) by extensions ['python_setup_py']
[0.476s] Level 1:colcon.colcon_core.package_identification:_identify(launch) by extension 'python_setup_py'
[0.476s] Level 1:colcon.colcon_core.package_identification:_identify(log) by extensions ['ignore', 'ignore_ament_install']
[0.476s] Level 1:colcon.colcon_core.package_identification:_identify(log) by extension 'ignore'
[0.476s] Level 1:colcon.colcon_core.package_identification:_identify(log) ignored
[0.477s] Level 1:colcon.colcon_core.package_identification:_identify(meshes) by extensions ['ignore', 'ignore_ament_install']
[0.477s] Level 1:colcon.colcon_core.package_identification:_identify(meshes) by extension 'ignore'
[0.477s] Level 1:colcon.colcon_core.package_identification:_identify(meshes) by extension 'ignore_ament_install'
[0.477s] Level 1:colcon.colcon_core.package_identification:_identify(meshes) by extensions ['colcon_pkg']
[0.477s] Level 1:colcon.colcon_core.package_identification:_identify(meshes) by extension 'colcon_pkg'
[0.478s] Level 1:colcon.colcon_core.package_identification:_identify(meshes) by extensions ['colcon_meta']
[0.478s] Level 1:colcon.colcon_core.package_identification:_identify(meshes) by extension 'colcon_meta'
[0.478s] Level 1:colcon.colcon_core.package_identification:_identify(meshes) by extensions ['ros']
[0.478s] Level 1:colcon.colcon_core.package_identification:_identify(meshes) by extension 'ros'
[0.478s] Level 1:colcon.colcon_core.package_identification:_identify(meshes) by extensions ['cmake', 'python']
[0.478s] Level 1:colcon.colcon_core.package_identification:_identify(meshes) by extension 'cmake'
[0.478s] Level 1:colcon.colcon_core.package_identification:_identify(meshes) by extension 'python'
[0.478s] Level 1:colcon.colcon_core.package_identification:_identify(meshes) by extensions ['python_setup_py']
[0.478s] Level 1:colcon.colcon_core.package_identification:_identify(meshes) by extension 'python_setup_py'
[0.479s] Level 1:colcon.colcon_core.package_identification:_identify(rviz) by extensions ['ignore', 'ignore_ament_install']
[0.479s] Level 1:colcon.colcon_core.package_identification:_identify(rviz) by extension 'ignore'
[0.479s] Level 1:colcon.colcon_core.package_identification:_identify(rviz) by extension 'ignore_ament_install'
[0.479s] Level 1:colcon.colcon_core.package_identification:_identify(rviz) by extensions ['colcon_pkg']
[0.479s] Level 1:colcon.colcon_core.package_identification:_identify(rviz) by extension 'colcon_pkg'
[0.479s] Level 1:colcon.colcon_core.package_identification:_identify(rviz) by extensions ['colcon_meta']
[0.479s] Level 1:colcon.colcon_core.package_identification:_identify(rviz) by extension 'colcon_meta'
[0.479s] Level 1:colcon.colcon_core.package_identification:_identify(rviz) by extensions ['ros']
[0.479s] Level 1:colcon.colcon_core.package_identification:_identify(rviz) by extension 'ros'
[0.480s] Level 1:colcon.colcon_core.package_identification:_identify(rviz) by extensions ['cmake', 'python']
[0.480s] Level 1:colcon.colcon_core.package_identification:_identify(rviz) by extension 'cmake'
[0.480s] Level 1:colcon.colcon_core.package_identification:_identify(rviz) by extension 'python'
[0.480s] Level 1:colcon.colcon_core.package_identification:_identify(rviz) by extensions ['python_setup_py']
[0.480s] Level 1:colcon.colcon_core.package_identification:_identify(rviz) by extension 'python_setup_py'
[0.480s] Level 1:colcon.colcon_core.package_identification:_identify(src) by extensions ['ignore', 'ignore_ament_install']
[0.480s] Level 1:colcon.colcon_core.package_identification:_identify(src) by extension 'ignore'
[0.480s] Level 1:colcon.colcon_core.package_identification:_identify(src) by extension 'ignore_ament_install'
[0.481s] Level 1:colcon.colcon_core.package_identification:_identify(src) by extensions ['colcon_pkg']
[0.481s] Level 1:colcon.colcon_core.package_identification:_identify(src) by extension 'colcon_pkg'
[0.481s] Level 1:colcon.colcon_core.package_identification:_identify(src) by extensions ['colcon_meta']
[0.481s] Level 1:colcon.colcon_core.package_identification:_identify(src) by extension 'colcon_meta'
[0.481s] Level 1:colcon.colcon_core.package_identification:_identify(src) by extensions ['ros']
[0.481s] Level 1:colcon.colcon_core.package_identification:_identify(src) by extension 'ros'
[0.481s] Level 1:colcon.colcon_core.package_identification:_identify(src) by extensions ['cmake', 'python']
[0.481s] Level 1:colcon.colcon_core.package_identification:_identify(src) by extension 'cmake'
[0.481s] Level 1:colcon.colcon_core.package_identification:_identify(src) by extension 'python'
[0.481s] Level 1:colcon.colcon_core.package_identification:_identify(src) by extensions ['python_setup_py']
[0.481s] Level 1:colcon.colcon_core.package_identification:_identify(src) by extension 'python_setup_py'
[0.482s] Level 1:colcon.colcon_core.package_identification:_identify(src/robot_bringup) by extensions ['ignore', 'ignore_ament_install']
[0.482s] Level 1:colcon.colcon_core.package_identification:_identify(src/robot_bringup) by extension 'ignore'
[0.482s] Level 1:colcon.colcon_core.package_identification:_identify(src/robot_bringup) by extension 'ignore_ament_install'
[0.482s] Level 1:colcon.colcon_core.package_identification:_identify(src/robot_bringup) by extensions ['colcon_pkg']
[0.482s] Level 1:colcon.colcon_core.package_identification:_identify(src/robot_bringup) by extension 'colcon_pkg'
[0.482s] Level 1:colcon.colcon_core.package_identification:_identify(src/robot_bringup) by extensions ['colcon_meta']
[0.482s] Level 1:colcon.colcon_core.package_identification:_identify(src/robot_bringup) by extension 'colcon_meta'
[0.483s] Level 1:colcon.colcon_core.package_identification:_identify(src/robot_bringup) by extensions ['ros']
[0.483s] Level 1:colcon.colcon_core.package_identification:_identify(src/robot_bringup) by extension 'ros'
[0.492s] DEBUG:colcon.colcon_core.package_identification:Package 'src/robot_bringup' with type 'ros.ament_cmake' and name 'robot_bringup'
[0.493s] Level 1:colcon.colcon_core.package_identification:_identify(src/robot_control) by extensions ['ignore', 'ignore_ament_install']
[0.493s] Level 1:colcon.colcon_core.package_identification:_identify(src/robot_control) by extension 'ignore'
[0.493s] Level 1:colcon.colcon_core.package_identification:_identify(src/robot_control) by extension 'ignore_ament_install'
[0.493s] Level 1:colcon.colcon_core.package_identification:_identify(src/robot_control) by extensions ['colcon_pkg']
[0.493s] Level 1:colcon.colcon_core.package_identification:_identify(src/robot_control) by extension 'colcon_pkg'
[0.494s] Level 1:colcon.colcon_core.package_identification:_identify(src/robot_control) by extensions ['colcon_meta']
[0.494s] Level 1:colcon.colcon_core.package_identification:_identify(src/robot_control) by extension 'colcon_meta'
[0.494s] Level 1:colcon.colcon_core.package_identification:_identify(src/robot_control) by extensions ['ros']
[0.494s] Level 1:colcon.colcon_core.package_identification:_identify(src/robot_control) by extension 'ros'
[0.495s] DEBUG:colcon.colcon_core.package_identification:Package 'src/robot_control' with type 'ros.ament_python' and name 'robot_control'
[0.496s] Level 1:colcon.colcon_core.package_identification:_identify(src/robot_description) by extensions ['ignore', 'ignore_ament_install']
[0.496s] Level 1:colcon.colcon_core.package_identification:_identify(src/robot_description) by extension 'ignore'
[0.496s] Level 1:colcon.colcon_core.package_identification:_identify(src/robot_description) by extension 'ignore_ament_install'
[0.496s] Level 1:colcon.colcon_core.package_identification:_identify(src/robot_description) by extensions ['colcon_pkg']
[0.496s] Level 1:colcon.colcon_core.package_identification:_identify(src/robot_description) by extension 'colcon_pkg'
[0.496s] Level 1:colcon.colcon_core.package_identification:_identify(src/robot_description) by extensions ['colcon_meta']
[0.496s] Level 1:colcon.colcon_core.package_identification:_identify(src/robot_description) by extension 'colcon_meta'
[0.496s] Level 1:colcon.colcon_core.package_identification:_identify(src/robot_description) by extensions ['ros']
[0.497s] Level 1:colcon.colcon_core.package_identification:_identify(src/robot_description) by extension 'ros'
[0.498s] DEBUG:colcon.colcon_core.package_identification:Package 'src/robot_description' with type 'ros.ament_cmake' and name 'robot_description'
[0.498s] Level 1:colcon.colcon_core.package_identification:_identify(src/robot_interfaces) by extensions ['ignore', 'ignore_ament_install']
[0.498s] Level 1:colcon.colcon_core.package_identification:_identify(src/robot_interfaces) by extension 'ignore'
[0.499s] Level 1:colcon.colcon_core.package_identification:_identify(src/robot_interfaces) by extension 'ignore_ament_install'
[0.499s] Level 1:colcon.colcon_core.package_identification:_identify(src/robot_interfaces) by extensions ['colcon_pkg']
[0.499s] Level 1:colcon.colcon_core.package_identification:_identify(src/robot_interfaces) by extension 'colcon_pkg'
[0.499s] Level 1:colcon.colcon_core.package_identification:_identify(src/robot_interfaces) by extensions ['colcon_meta']
[0.499s] Level 1:colcon.colcon_core.package_identification:_identify(src/robot_interfaces) by extension 'colcon_meta'
[0.499s] Level 1:colcon.colcon_core.package_identification:_identify(src/robot_interfaces) by extensions ['ros']
[0.499s] Level 1:colcon.colcon_core.package_identification:_identify(src/robot_interfaces) by extension 'ros'
[0.500s] DEBUG:colcon.colcon_core.package_identification:Package 'src/robot_interfaces' with type 'ros.ament_cmake' and name 'robot_interfaces'
[0.500s] Level 1:colcon.colcon_core.package_identification:_identify(src/robot_utils) by extensions ['ignore', 'ignore_ament_install']
[0.500s] Level 1:colcon.colcon_core.package_identification:_identify(src/robot_utils) by extension 'ignore'
[0.501s] Level 1:colcon.colcon_core.package_identification:_identify(src/robot_utils) by extension 'ignore_ament_install'
[0.501s] Level 1:colcon.colcon_core.package_identification:_identify(src/robot_utils) by extensions ['colcon_pkg']
[0.501s] Level 1:colcon.colcon_core.package_identification:_identify(src/robot_utils) by extension 'colcon_pkg'
[0.501s] Level 1:colcon.colcon_core.package_identification:_identify(src/robot_utils) by extensions ['colcon_meta']
[0.501s] Level 1:colcon.colcon_core.package_identification:_identify(src/robot_utils) by extension 'colcon_meta'
[0.501s] Level 1:colcon.colcon_core.package_identification:_identify(src/robot_utils) by extensions ['ros']
[0.501s] Level 1:colcon.colcon_core.package_identification:_identify(src/robot_utils) by extension 'ros'
[0.502s] DEBUG:colcon.colcon_core.package_identification:Package 'src/robot_utils' with type 'ros.ament_python' and name 'robot_utils'
[0.502s] Level 1:colcon.colcon_core.package_identification:_identify(worlds) by extensions ['ignore', 'ignore_ament_install']
[0.503s] Level 1:colcon.colcon_core.package_identification:_identify(worlds) by extension 'ignore'
[0.503s] Level 1:colcon.colcon_core.package_identification:_identify(worlds) by extension 'ignore_ament_install'
[0.503s] Level 1:colcon.colcon_core.package_identification:_identify(worlds) by extensions ['colcon_pkg']
[0.503s] Level 1:colcon.colcon_core.package_identification:_identify(worlds) by extension 'colcon_pkg'
[0.503s] Level 1:colcon.colcon_core.package_identification:_identify(worlds) by extensions ['colcon_meta']
[0.503s] Level 1:colcon.colcon_core.package_identification:_identify(worlds) by extension 'colcon_meta'
[0.503s] Level 1:colcon.colcon_core.package_identification:_identify(worlds) by extensions ['ros']
[0.503s] Level 1:colcon.colcon_core.package_identification:_identify(worlds) by extension 'ros'
[0.503s] Level 1:colcon.colcon_core.package_identification:_identify(worlds) by extensions ['cmake', 'python']
[0.504s] Level 1:colcon.colcon_core.package_identification:_identify(worlds) by extension 'cmake'
[0.504s] Level 1:colcon.colcon_core.package_identification:_identify(worlds) by extension 'python'
[0.504s] Level 1:colcon.colcon_core.package_identification:_identify(worlds) by extensions ['python_setup_py']
[0.504s] Level 1:colcon.colcon_core.package_identification:_identify(worlds) by extension 'python_setup_py'
[0.504s] Level 1:colcon.colcon_core.package_discovery:discover_packages(recursive) using defaults
[0.504s] Level 1:colcon.colcon_core.package_discovery:discover_packages(ignore) discover
[0.504s] Level 1:colcon.colcon_core.package_discovery:discover_packages(ignore) using defaults
[0.504s] Level 1:colcon.colcon_core.package_discovery:discover_packages(path) discover
[0.504s] Level 1:colcon.colcon_core.package_discovery:discover_packages(path) using defaults
[0.559s] Level 1:colcon.colcon_core.package_discovery:discover_packages(prefix_path) check parameters
[0.559s] Level 1:colcon.colcon_core.package_discovery:discover_packages(prefix_path) discover
[0.565s] DEBUG:colcon.colcon_installed_package_information.package_discovery:Found 5 installed packages in /home/shubham/robot_arm_ws/install
[0.567s] DEBUG:colcon.colcon_installed_package_information.package_discovery:Found 14 installed packages in /home/shubham/ros2-jazzy-learning/install
[0.576s] DEBUG:colcon.colcon_installed_package_information.package_discovery:Found 531 installed packages in /opt/ros/jazzy
[0.579s] Level 1:colcon.colcon_core.package_discovery:discover_packages(prefix_path) using defaults
[0.763s] Level 5:colcon.colcon_core.verb:set package 'robot_bringup' build argument 'cmake_args' from command line to 'None'
[0.763s] Level 5:colcon.colcon_core.verb:set package 'robot_bringup' build argument 'cmake_target' from command line to 'None'
[0.763s] Level 5:colcon.colcon_core.verb:set package 'robot_bringup' build argument 'cmake_target_skip_unavailable' from command line to 'False'
[0.763s] Level 5:colcon.colcon_core.verb:set package 'robot_bringup' build argument 'cmake_clean_cache' from command line to 'False'
[0.763s] Level 5:colcon.colcon_core.verb:set package 'robot_bringup' build argument 'cmake_clean_first' from command line to 'False'
[0.763s] Level 5:colcon.colcon_core.verb:set package 'robot_bringup' build argument 'cmake_force_configure' from command line to 'False'
[0.763s] Level 5:colcon.colcon_core.verb:set package 'robot_bringup' build argument 'ament_cmake_args' from command line to 'None'
[0.763s] Level 5:colcon.colcon_core.verb:set package 'robot_bringup' build argument 'catkin_cmake_args' from command line to 'None'
[0.763s] Level 5:colcon.colcon_core.verb:set package 'robot_bringup' build argument 'catkin_skip_building_tests' from command line to 'False'
[0.763s] DEBUG:colcon.colcon_core.verb:Building package 'robot_bringup' with the following arguments: {'ament_cmake_args': None, 'build_base': '/home/shubham/robot_arm_ws/build/robot_bringup', 'catkin_cmake_args': None, 'catkin_skip_building_tests': False, 'cmake_args': None, 'cmake_clean_cache': False, 'cmake_clean_first': False, 'cmake_force_configure': False, 'cmake_target': None, 'cmake_target_skip_unavailable': False, 'install_base': '/home/shubham/robot_arm_ws/install/robot_bringup', 'merge_install': False, 'path': '/home/shubham/robot_arm_ws/src/robot_bringup', 'symlink_install': False, 'test_result_base': None}
[0.764s] Level 5:colcon.colcon_core.verb:set package 'robot_control' build argument 'cmake_args' from command line to 'None'
[0.764s] Level 5:colcon.colcon_core.verb:set package 'robot_control' build argument 'cmake_target' from command line to 'None'
[0.764s] Level 5:colcon.colcon_core.verb:set package 'robot_control' build argument 'cmake_target_skip_unavailable' from command line to 'False'
[0.764s] Level 5:colcon.colcon_core.verb:set package 'robot_control' build argument 'cmake_clean_cache' from command line to 'False'
[0.764s] Level 5:colcon.colcon_core.verb:set package 'robot_control' build argument 'cmake_clean_first' from command line to 'False'
[0.765s] Level 5:colcon.colcon_core.verb:set package 'robot_control' build argument 'cmake_force_configure' from command line to 'False'
[0.765s] Level 5:colcon.colcon_core.verb:set package 'robot_control' build argument 'ament_cmake_args' from command line to 'None'
[0.765s] Level 5:colcon.colcon_core.verb:set package 'robot_control' build argument 'catkin_cmake_args' from command line to 'None'
[0.765s] Level 5:colcon.colcon_core.verb:set package 'robot_control' build argument 'catkin_skip_building_tests' from command line to 'False'
[0.765s] DEBUG:colcon.colcon_core.verb:Building package 'robot_control' with the following arguments: {'ament_cmake_args': None, 'build_base': '/home/shubham/robot_arm_ws/build/robot_control', 'catkin_cmake_args': None, 'catkin_skip_building_tests': False, 'cmake_args': None, 'cmake_clean_cache': False, 'cmake_clean_first': False, 'cmake_force_configure': False, 'cmake_target': None, 'cmake_target_skip_unavailable': False, 'install_base': '/home/shubham/robot_arm_ws/install/robot_control', 'merge_install': False, 'path': '/home/shubham/robot_arm_ws/src/robot_control', 'symlink_install': False, 'test_result_base': None}
[0.765s] Level 5:colcon.colcon_core.verb:set package 'robot_description' build argument 'cmake_args' from command line to 'None'
[0.766s] Level 5:colcon.colcon_core.verb:set package 'robot_description' build argument 'cmake_target' from command line to 'None'
[0.766s] Level 5:colcon.colcon_core.verb:set package 'robot_description' build argument 'cmake_target_skip_unavailable' from command line to 'False'
[0.766s] Level 5:colcon.colcon_core.verb:set package 'robot_description' build argument 'cmake_clean_cache' from command line to 'False'
[0.766s] Level 5:colcon.colcon_core.verb:set package 'robot_description' build argument 'cmake_clean_first' from command line to 'False'
[0.766s] Level 5:colcon.colcon_core.verb:set package 'robot_description' build argument 'cmake_force_configure' from command line to 'False'
[0.766s] Level 5:colcon.colcon_core.verb:set package 'robot_description' build argument 'ament_cmake_args' from command line to 'None'
[0.766s] Level 5:colcon.colcon_core.verb:set package 'robot_description' build argument 'catkin_cmake_args' from command line to 'None'
[0.766s] Level 5:colcon.colcon_core.verb:set package 'robot_description' build argument 'catkin_skip_building_tests' from command line to 'False'
[0.766s] DEBUG:colcon.colcon_core.verb:Building package 'robot_description' with the following arguments: {'ament_cmake_args': None, 'build_base': '/home/shubham/robot_arm_ws/build/robot_description', 'catkin_cmake_args': None, 'catkin_skip_building_tests': False, 'cmake_args': None, 'cmake_clean_cache': False, 'cmake_clean_first': False, 'cmake_force_configure': False, 'cmake_target': None, 'cmake_target_skip_unavailable': False, 'install_base': '/home/shubham/robot_arm_ws/install/robot_description', 'merge_install': False, 'path': '/home/shubham/robot_arm_ws/src/robot_description', 'symlink_install': False, 'test_result_base': None}
[0.766s] Level 5:colcon.colcon_core.verb:set package 'robot_interfaces' build argument 'cmake_args' from command line to 'None'
[0.767s] Level 5:colcon.colcon_core.verb:set package 'robot_interfaces' build argument 'cmake_target' from command line to 'None'
[0.767s] Level 5:colcon.colcon_core.verb:set package 'robot_interfaces' build argument 'cmake_target_skip_unavailable' from command line to 'False'
[0.767s] Level 5:colcon.colcon_core.verb:set package 'robot_interfaces' build argument 'cmake_clean_cache' from command line to 'False'
[0.767s] Level 5:colcon.colcon_core.verb:set package 'robot_interfaces' build argument 'cmake_clean_first' from command line to 'False'
[0.767s] Level 5:colcon.colcon_core.verb:set package 'robot_interfaces' build argument 'cmake_force_configure' from command line to 'False'
[0.767s] Level 5:colcon.colcon_core.verb:set package 'robot_interfaces' build argument 'ament_cmake_args' from command line to 'None'
[0.767s] Level 5:colcon.colcon_core.verb:set package 'robot_interfaces' build argument 'catkin_cmake_args' from command line to 'None'
[0.767s] Level 5:colcon.colcon_core.verb:set package 'robot_interfaces' build argument 'catkin_skip_building_tests' from command line to 'False'
[0.767s] DEBUG:colcon.colcon_core.verb:Building package 'robot_interfaces' with the following arguments: {'ament_cmake_args': None, 'build_base': '/home/shubham/robot_arm_ws/build/robot_interfaces', 'catkin_cmake_args': None, 'catkin_skip_building_tests': False, 'cmake_args': None, 'cmake_clean_cache': False, 'cmake_clean_first': False, 'cmake_force_configure': False, 'cmake_target': None, 'cmake_target_skip_unavailable': False, 'install_base': '/home/shubham/robot_arm_ws/install/robot_interfaces', 'merge_install': False, 'path': '/home/shubham/robot_arm_ws/src/robot_interfaces', 'symlink_install': False, 'test_result_base': None}
[0.768s] Level 5:colcon.colcon_core.verb:set package 'robot_utils' build argument 'cmake_args' from command line to 'None'
[0.768s] Level 5:colcon.colcon_core.verb:set package 'robot_utils' build argument 'cmake_target' from command line to 'None'
[0.768s] Level 5:colcon.colcon_core.verb:set package 'robot_utils' build argument 'cmake_target_skip_unavailable' from command line to 'False'
[0.768s] Level 5:colcon.colcon_core.verb:set package 'robot_utils' build argument 'cmake_clean_cache' from command line to 'False'
[0.768s] Level 5:colcon.colcon_core.verb:set package 'robot_utils' build argument 'cmake_clean_first' from command line to 'False'
[0.768s] Level 5:colcon.colcon_core.verb:set package 'robot_utils' build argument 'cmake_force_configure' from command line to 'False'
[0.768s] Level 5:colcon.colcon_core.verb:set package 'robot_utils' build argument 'ament_cmake_args' from command line to 'None'
[0.768s] Level 5:colcon.colcon_core.verb:set package 'robot_utils' build argument 'catkin_cmake_args' from command line to 'None'
[0.768s] Level 5:colcon.colcon_core.verb:set package 'robot_utils' build argument 'catkin_skip_building_tests' from command line to 'False'
[0.768s] DEBUG:colcon.colcon_core.verb:Building package 'robot_utils' with the following arguments: {'ament_cmake_args': None, 'build_base': '/home/shubham/robot_arm_ws/build/robot_utils', 'catkin_cmake_args': None, 'catkin_skip_building_tests': False, 'cmake_args': None, 'cmake_clean_cache': False, 'cmake_clean_first': False, 'cmake_force_configure': False, 'cmake_target': None, 'cmake_target_skip_unavailable': False, 'install_base': '/home/shubham/robot_arm_ws/install/robot_utils', 'merge_install': False, 'path': '/home/shubham/robot_arm_ws/src/robot_utils', 'symlink_install': False, 'test_result_base': None}
[0.768s] INFO:colcon.colcon_core.executor:Executing jobs using 'parallel' executor
[0.771s] DEBUG:colcon.colcon_parallel_executor.executor.parallel:run_until_complete
[0.771s] INFO:colcon.colcon_ros.task.ament_cmake.build:Building ROS package in '/home/shubham/robot_arm_ws/src/robot_bringup' with build type 'ament_cmake'
[0.772s] INFO:colcon.colcon_cmake.task.cmake.build:Building CMake package in '/home/shubham/robot_arm_ws/src/robot_bringup'
[0.777s] INFO:colcon.colcon_core.plugin_system:Skipping extension 'colcon_core.shell.bat': Not used on non-Windows systems
[0.777s] INFO:colcon.colcon_core.shell:Skip shell extension 'powershell' for command environment: Not usable outside of PowerShell
[0.777s] DEBUG:colcon.colcon_core.shell:Skip shell extension 'dsv' for command environment
[0.793s] INFO:colcon.colcon_ros.task.ament_python.build:Building ROS package in '/home/shubham/robot_arm_ws/src/robot_control' with build type 'ament_python'
[0.793s] Level 1:colcon.colcon_core.shell:create_environment_hook('robot_control', 'ament_prefix_path')
[0.794s] INFO:colcon.colcon_core.shell:Creating environment hook '/home/shubham/robot_arm_ws/install/robot_control/share/robot_control/hook/ament_prefix_path.ps1'
[0.796s] INFO:colcon.colcon_core.shell:Creating environment descriptor '/home/shubham/robot_arm_ws/install/robot_control/share/robot_control/hook/ament_prefix_path.dsv'
[0.798s] INFO:colcon.colcon_core.shell:Creating environment hook '/home/shubham/robot_arm_ws/install/robot_control/share/robot_control/hook/ament_prefix_path.sh'
[0.799s] INFO:colcon.colcon_core.shell:Skip shell extension 'powershell' for command environment: Not usable outside of PowerShell
[0.799s] DEBUG:colcon.colcon_core.shell:Skip shell extension 'dsv' for command environment
[0.812s] INFO:colcon.colcon_ros.task.ament_cmake.build:Building ROS package in '/home/shubham/robot_arm_ws/src/robot_description' with build type 'ament_cmake'
[0.813s] INFO:colcon.colcon_cmake.task.cmake.build:Building CMake package in '/home/shubham/robot_arm_ws/src/robot_description'
[0.814s] INFO:colcon.colcon_core.shell:Skip shell extension 'powershell' for command environment: Not usable outside of PowerShell
[0.814s] DEBUG:colcon.colcon_core.shell:Skip shell extension 'dsv' for command environment
[0.831s] INFO:colcon.colcon_ros.task.ament_cmake.build:Building ROS package in '/home/shubham/robot_arm_ws/src/robot_interfaces' with build type 'ament_cmake'
[0.832s] INFO:colcon.colcon_cmake.task.cmake.build:Building CMake package in '/home/shubham/robot_arm_ws/src/robot_interfaces'
[0.832s] INFO:colcon.colcon_core.shell:Skip shell extension 'powershell' for command environment: Not usable outside of PowerShell
[0.832s] DEBUG:colcon.colcon_core.shell:Skip shell extension 'dsv' for command environment
[0.845s] INFO:colcon.colcon_ros.task.ament_python.build:Building ROS package in '/home/shubham/robot_arm_ws/src/robot_utils' with build type 'ament_python'
[0.846s] Level 1:colcon.colcon_core.shell:create_environment_hook('robot_utils', 'ament_prefix_path')
[0.847s] INFO:colcon.colcon_core.shell:Creating environment hook '/home/shubham/robot_arm_ws/install/robot_utils/share/robot_utils/hook/ament_prefix_path.ps1'
[0.849s] INFO:colcon.colcon_core.shell:Creating environment descriptor '/home/shubham/robot_arm_ws/install/robot_utils/share/robot_utils/hook/ament_prefix_path.dsv'
[0.850s] INFO:colcon.colcon_core.shell:Creating environment hook '/home/shubham/robot_arm_ws/install/robot_utils/share/robot_utils/hook/ament_prefix_path.sh'
[0.852s] INFO:colcon.colcon_core.shell:Skip shell extension 'powershell' for command environment: Not usable outside of PowerShell
[0.852s] DEBUG:colcon.colcon_core.shell:Skip shell extension 'dsv' for command environment
[0.887s] DEBUG:colcon.colcon_core.event_handler.log_command:Invoking command in '/home/shubham/robot_arm_ws/build/robot_bringup': CMAKE_PREFIX_PATH=${CMAKE_PREFIX_PATH}:/home/shubham/robot_arm_ws/install/robot_utils:/home/shubham/robot_arm_ws/install/robot_control:/home/shubham/ros2-jazzy-learning/install/tf2_demo:/home/shubham/ros2-jazzy-learning/install/ros2_advanced:/home/shubham/ros2-jazzy-learning/install/robot_manager:/home/shubham/ros2-jazzy-learning/install/robot_bringup:/home/shubham/ros2-jazzy-learning/install/parameter_demo:/home/shubham/ros2-jazzy-learning/install/namespace_demo:/home/shubham/ros2-jazzy-learning/install/my_first_pkg:/home/shubham/ros2-jazzy-learning/install/my_robot_description:/home/shubham/ros2-jazzy-learning/install/my_robot_control:/home/shubham/ros2-jazzy-learning/install/my_robot_bringup:/home/shubham/ros2-jazzy-learning/install/motion_safety_stack:/home/shubham/ros2-jazzy-learning/install/lifecycle_demo:/opt/ros/jazzy DEBUGINFOD_URLS=https://debuginfod.ubuntu.com /usr/bin/cmake --build /home/shubham/robot_arm_ws/build/robot_bringup -- -j8 -l8
[1.429s] INFO:colcon.colcon_core.task.python.build:Building Python package in '/home/shubham/robot_arm_ws/src/robot_control'
[1.429s] INFO:colcon.colcon_core.shell:Skip shell extension 'powershell' for command environment: Not usable outside of PowerShell
[1.430s] DEBUG:colcon.colcon_core.shell:Skip shell extension 'dsv' for command environment
[1.445s] DEBUG:colcon.colcon_core.event_handler.log_command:Invoking command in '/home/shubham/robot_arm_ws/build/robot_description': CMAKE_PREFIX_PATH=${CMAKE_PREFIX_PATH}:/home/shubham/robot_arm_ws/install/robot_utils:/home/shubham/robot_arm_ws/install/robot_control:/home/shubham/ros2-jazzy-learning/install/tf2_demo:/home/shubham/ros2-jazzy-learning/install/ros2_advanced:/home/shubham/ros2-jazzy-learning/install/robot_manager:/home/shubham/ros2-jazzy-learning/install/robot_bringup:/home/shubham/ros2-jazzy-learning/install/parameter_demo:/home/shubham/ros2-jazzy-learning/install/namespace_demo:/home/shubham/ros2-jazzy-learning/install/my_first_pkg:/home/shubham/ros2-jazzy-learning/install/my_robot_description:/home/shubham/ros2-jazzy-learning/install/my_robot_control:/home/shubham/ros2-jazzy-learning/install/my_robot_bringup:/home/shubham/ros2-jazzy-learning/install/motion_safety_stack:/home/shubham/ros2-jazzy-learning/install/lifecycle_demo:/opt/ros/jazzy DEBUGINFOD_URLS=https://debuginfod.ubuntu.com /usr/bin/cmake --build /home/shubham/robot_arm_ws/build/robot_description -- -j8 -l8
[1.450s] DEBUG:colcon.colcon_core.event_handler.log_command:Invoking command in '/home/shubham/robot_arm_ws/build/robot_interfaces': CMAKE_PREFIX_PATH=${CMAKE_PREFIX_PATH}:/home/shubham/robot_arm_ws/install/robot_utils:/home/shubham/robot_arm_ws/install/robot_control:/home/shubham/ros2-jazzy-learning/install/tf2_demo:/home/shubham/ros2-jazzy-learning/install/ros2_advanced:/home/shubham/ros2-jazzy-learning/install/robot_manager:/home/shubham/ros2-jazzy-learning/install/robot_bringup:/home/shubham/ros2-jazzy-learning/install/parameter_demo:/home/shubham/ros2-jazzy-learning/install/namespace_demo:/home/shubham/ros2-jazzy-learning/install/my_first_pkg:/home/shubham/ros2-jazzy-learning/install/my_robot_description:/home/shubham/ros2-jazzy-learning/install/my_robot_control:/home/shubham/ros2-jazzy-learning/install/my_robot_bringup:/home/shubham/ros2-jazzy-learning/install/motion_safety_stack:/home/shubham/ros2-jazzy-learning/install/lifecycle_demo:/opt/ros/jazzy DEBUGINFOD_URLS=https://debuginfod.ubuntu.com /usr/bin/cmake --build /home/shubham/robot_arm_ws/build/robot_interfaces -- -j8 -l8
[1.458s] DEBUG:colcon.colcon_core.event_handler.log_command:Invoked command in '/home/shubham/robot_arm_ws/build/robot_bringup' returned '0': CMAKE_PREFIX_PATH=${CMAKE_PREFIX_PATH}:/home/shubham/robot_arm_ws/install/robot_utils:/home/shubham/robot_arm_ws/install/robot_control:/home/shubham/ros2-jazzy-learning/install/tf2_demo:/home/shubham/ros2-jazzy-learning/install/ros2_advanced:/home/shubham/ros2-jazzy-learning/install/robot_manager:/home/shubham/ros2-jazzy-learning/install/robot_bringup:/home/shubham/ros2-jazzy-learning/install/parameter_demo:/home/shubham/ros2-jazzy-learning/install/namespace_demo:/home/shubham/ros2-jazzy-learning/install/my_first_pkg:/home/shubham/ros2-jazzy-learning/install/my_robot_description:/home/shubham/ros2-jazzy-learning/install/my_robot_control:/home/shubham/ros2-jazzy-learning/install/my_robot_bringup:/home/shubham/ros2-jazzy-learning/install/motion_safety_stack:/home/shubham/ros2-jazzy-learning/install/lifecycle_demo:/opt/ros/jazzy DEBUGINFOD_URLS=https://debuginfod.ubuntu.com /usr/bin/cmake --build /home/shubham/robot_arm_ws/build/robot_bringup -- -j8 -l8
[1.485s] DEBUG:colcon.colcon_core.event_handler.log_command:Invoking command in '/home/shubham/robot_arm_ws/build/robot_bringup': CMAKE_PREFIX_PATH=${CMAKE_PREFIX_PATH}:/home/shubham/robot_arm_ws/install/robot_utils:/home/shubham/robot_arm_ws/install/robot_control:/home/shubham/ros2-jazzy-learning/install/tf2_demo:/home/shubham/ros2-jazzy-learning/install/ros2_advanced:/home/shubham/ros2-jazzy-learning/install/robot_manager:/home/shubham/ros2-jazzy-learning/install/robot_bringup:/home/shubham/ros2-jazzy-learning/install/parameter_demo:/home/shubham/ros2-jazzy-learning/install/namespace_demo:/home/shubham/ros2-jazzy-learning/install/my_first_pkg:/home/shubham/ros2-jazzy-learning/install/my_robot_description:/home/shubham/ros2-jazzy-learning/install/my_robot_control:/home/shubham/ros2-jazzy-learning/install/my_robot_bringup:/home/shubham/ros2-jazzy-learning/install/motion_safety_stack:/home/shubham/ros2-jazzy-learning/install/lifecycle_demo:/opt/ros/jazzy DEBUGINFOD_URLS=https://debuginfod.ubuntu.com /usr/bin/cmake --install /home/shubham/robot_arm_ws/build/robot_bringup
[1.953s] INFO:colcon.colcon_core.task.python.build:Building Python package in '/home/shubham/robot_arm_ws/src/robot_utils'
[1.953s] INFO:colcon.colcon_core.shell:Skip shell extension 'powershell' for command environment: Not usable outside of PowerShell
[1.953s] DEBUG:colcon.colcon_core.shell:Skip shell extension 'dsv' for command environment
[1.973s] Level 1:colcon.colcon_core.environment:create_environment_scripts_only(robot_bringup)
[1.975s] DEBUG:colcon.colcon_core.event_handler.log_command:Invoked command in '/home/shubham/robot_arm_ws/build/robot_bringup' returned '0': CMAKE_PREFIX_PATH=${CMAKE_PREFIX_PATH}:/home/shubham/robot_arm_ws/install/robot_utils:/home/shubham/robot_arm_ws/install/robot_control:/home/shubham/ros2-jazzy-learning/install/tf2_demo:/home/shubham/ros2-jazzy-learning/install/ros2_advanced:/home/shubham/ros2-jazzy-learning/install/robot_manager:/home/shubham/ros2-jazzy-learning/install/robot_bringup:/home/shubham/ros2-jazzy-learning/install/parameter_demo:/home/shubham/ros2-jazzy-learning/install/namespace_demo:/home/shubham/ros2-jazzy-learning/install/my_first_pkg:/home/shubham/ros2-jazzy-learning/install/my_robot_description:/home/shubham/ros2-jazzy-learning/install/my_robot_control:/home/shubham/ros2-jazzy-learning/install/my_robot_bringup:/home/shubham/ros2-jazzy-learning/install/motion_safety_stack:/home/shubham/ros2-jazzy-learning/install/lifecycle_demo:/opt/ros/jazzy DEBUGINFOD_URLS=https://debuginfod.ubuntu.com /usr/bin/cmake --install /home/shubham/robot_arm_ws/build/robot_bringup
[1.979s] Level 1:colcon.colcon_core.environment:checking '/home/shubham/robot_arm_ws/install/robot_bringup' for CMake module files
[1.980s] Level 1:colcon.colcon_core.environment:checking '/home/shubham/robot_arm_ws/install/robot_bringup' for CMake config files
[1.981s] Level 1:colcon.colcon_core.shell:create_environment_hook('robot_bringup', 'cmake_prefix_path')
[1.981s] INFO:colcon.colcon_core.shell:Creating environment hook '/home/shubham/robot_arm_ws/install/robot_bringup/share/robot_bringup/hook/cmake_prefix_path.ps1'
[1.982s] INFO:colcon.colcon_core.shell:Creating environment descriptor '/home/shubham/robot_arm_ws/install/robot_bringup/share/robot_bringup/hook/cmake_prefix_path.dsv'
[1.982s] INFO:colcon.colcon_core.shell:Creating environment hook '/home/shubham/robot_arm_ws/install/robot_bringup/share/robot_bringup/hook/cmake_prefix_path.sh'
[1.983s] Level 1:colcon.colcon_core.environment:checking '/home/shubham/robot_arm_ws/install/robot_bringup/bin'
[1.984s] Level 1:colcon.colcon_core.environment:checking '/home/shubham/robot_arm_ws/install/robot_bringup/lib/pkgconfig/robot_bringup.pc'
[1.984s] Level 1:colcon.colcon_core.environment:checking '/home/shubham/robot_arm_ws/install/robot_bringup/lib/python3.12/site-packages'
[1.985s] Level 1:colcon.colcon_core.environment:checking '/home/shubham/robot_arm_ws/install/robot_bringup/bin'
[1.985s] INFO:colcon.colcon_core.shell:Creating package script '/home/shubham/robot_arm_ws/install/robot_bringup/share/robot_bringup/package.ps1'
[1.986s] INFO:colcon.colcon_core.shell:Creating package descriptor '/home/shubham/robot_arm_ws/install/robot_bringup/share/robot_bringup/package.dsv'
[1.987s] INFO:colcon.colcon_core.shell:Creating package script '/home/shubham/robot_arm_ws/install/robot_bringup/share/robot_bringup/package.sh'
[1.988s] INFO:colcon.colcon_core.shell:Creating package script '/home/shubham/robot_arm_ws/install/robot_bringup/share/robot_bringup/package.bash'
[1.989s] INFO:colcon.colcon_core.shell:Creating package script '/home/shubham/robot_arm_ws/install/robot_bringup/share/robot_bringup/package.zsh'
[1.990s] Level 1:colcon.colcon_core.environment:create_file_with_runtime_dependencies(/home/shubham/robot_arm_ws/install/robot_bringup/share/colcon-core/packages/robot_bringup)
[1.991s] Level 1:colcon.colcon_core.environment:create_environment_scripts_only(robot_bringup)
[1.992s] Level 1:colcon.colcon_core.environment:checking '/home/shubham/robot_arm_ws/install/robot_bringup' for CMake module files
[1.993s] Level 1:colcon.colcon_core.environment:checking '/home/shubham/robot_arm_ws/install/robot_bringup' for CMake config files
[1.993s] Level 1:colcon.colcon_core.shell:create_environment_hook('robot_bringup', 'cmake_prefix_path')
[1.994s] INFO:colcon.colcon_core.shell:Creating environment hook '/home/shubham/robot_arm_ws/install/robot_bringup/share/robot_bringup/hook/cmake_prefix_path.ps1'
[1.994s] INFO:colcon.colcon_core.shell:Creating environment descriptor '/home/shubham/robot_arm_ws/install/robot_bringup/share/robot_bringup/hook/cmake_prefix_path.dsv'
[1.995s] INFO:colcon.colcon_core.shell:Creating environment hook '/home/shubham/robot_arm_ws/install/robot_bringup/share/robot_bringup/hook/cmake_prefix_path.sh'
[1.996s] Level 1:colcon.colcon_core.environment:checking '/home/shubham/robot_arm_ws/install/robot_bringup/bin'
[1.996s] Level 1:colcon.colcon_core.environment:checking '/home/shubham/robot_arm_ws/install/robot_bringup/lib/pkgconfig/robot_bringup.pc'
[1.997s] Level 1:colcon.colcon_core.environment:checking '/home/shubham/robot_arm_ws/install/robot_bringup/lib/python3.12/site-packages'
[1.998s] Level 1:colcon.colcon_core.environment:checking '/home/shubham/robot_arm_ws/install/robot_bringup/bin'
[1.998s] INFO:colcon.colcon_core.shell:Creating package script '/home/shubham/robot_arm_ws/install/robot_bringup/share/robot_bringup/package.ps1'
[2.000s] INFO:colcon.colcon_core.shell:Creating package descriptor '/home/shubham/robot_arm_ws/install/robot_bringup/share/robot_bringup/package.dsv'
[2.001s] INFO:colcon.colcon_core.shell:Creating package script '/home/shubham/robot_arm_ws/install/robot_bringup/share/robot_bringup/package.sh'
[2.001s] INFO:colcon.colcon_core.shell:Creating package script '/home/shubham/robot_arm_ws/install/robot_bringup/share/robot_bringup/package.bash'
[2.002s] INFO:colcon.colcon_core.shell:Creating package script '/home/shubham/robot_arm_ws/install/robot_bringup/share/robot_bringup/package.zsh'
[2.003s] Level 1:colcon.colcon_core.environment:create_file_with_runtime_dependencies(/home/shubham/robot_arm_ws/install/robot_bringup/share/colcon-core/packages/robot_bringup)
[2.009s] DEBUG:colcon.colcon_core.event_handler.log_command:Invoked command in '/home/shubham/robot_arm_ws/build/robot_description' returned '0': CMAKE_PREFIX_PATH=${CMAKE_PREFIX_PATH}:/home/shubham/robot_arm_ws/install/robot_utils:/home/shubham/robot_arm_ws/install/robot_control:/home/shubham/ros2-jazzy-learning/install/tf2_demo:/home/shubham/ros2-jazzy-learning/install/ros2_advanced:/home/shubham/ros2-jazzy-learning/install/robot_manager:/home/shubham/ros2-jazzy-learning/install/robot_bringup:/home/shubham/ros2-jazzy-learning/install/parameter_demo:/home/shubham/ros2-jazzy-learning/install/namespace_demo:/home/shubham/ros2-jazzy-learning/install/my_first_pkg:/home/shubham/ros2-jazzy-learning/install/my_robot_description:/home/shubham/ros2-jazzy-learning/install/my_robot_control:/home/shubham/ros2-jazzy-learning/install/my_robot_bringup:/home/shubham/ros2-jazzy-learning/install/motion_safety_stack:/home/shubham/ros2-jazzy-learning/install/lifecycle_demo:/opt/ros/jazzy DEBUGINFOD_URLS=https://debuginfod.ubuntu.com /usr/bin/cmake --build /home/shubham/robot_arm_ws/build/robot_description -- -j8 -l8
[2.010s] DEBUG:colcon.colcon_core.event_handler.log_command:Invoking command in '/home/shubham/robot_arm_ws/build/robot_description': CMAKE_PREFIX_PATH=${CMAKE_PREFIX_PATH}:/home/shubham/robot_arm_ws/install/robot_utils:/home/shubham/robot_arm_ws/install/robot_control:/home/shubham/ros2-jazzy-learning/install/tf2_demo:/home/shubham/ros2-jazzy-learning/install/ros2_advanced:/home/shubham/ros2-jazzy-learning/install/robot_manager:/home/shubham/ros2-jazzy-learning/install/robot_bringup:/home/shubham/ros2-jazzy-learning/install/parameter_demo:/home/shubham/ros2-jazzy-learning/install/namespace_demo:/home/shubham/ros2-jazzy-learning/install/my_first_pkg:/home/shubham/ros2-jazzy-learning/install/my_robot_description:/home/shubham/ros2-jazzy-learning/install/my_robot_control:/home/shubham/ros2-jazzy-learning/install/my_robot_bringup:/home/shubham/ros2-jazzy-learning/install/motion_safety_stack:/home/shubham/ros2-jazzy-learning/install/lifecycle_demo:/opt/ros/jazzy DEBUGINFOD_URLS=https://debuginfod.ubuntu.com /usr/bin/cmake --install /home/shubham/robot_arm_ws/build/robot_description
[2.011s] DEBUG:colcon.colcon_core.event_handler.log_command:Invoked command in '/home/shubham/robot_arm_ws/build/robot_interfaces' returned '0': CMAKE_PREFIX_PATH=${CMAKE_PREFIX_PATH}:/home/shubham/robot_arm_ws/install/robot_utils:/home/shubham/robot_arm_ws/install/robot_control:/home/shubham/ros2-jazzy-learning/install/tf2_demo:/home/shubham/ros2-jazzy-learning/install/ros2_advanced:/home/shubham/ros2-jazzy-learning/install/robot_manager:/home/shubham/ros2-jazzy-learning/install/robot_bringup:/home/shubham/ros2-jazzy-learning/install/parameter_demo:/home/shubham/ros2-jazzy-learning/install/namespace_demo:/home/shubham/ros2-jazzy-learning/install/my_first_pkg:/home/shubham/ros2-jazzy-learning/install/my_robot_description:/home/shubham/ros2-jazzy-learning/install/my_robot_control:/home/shubham/ros2-jazzy-learning/install/my_robot_bringup:/home/shubham/ros2-jazzy-learning/install/motion_safety_stack:/home/shubham/ros2-jazzy-learning/install/lifecycle_demo:/opt/ros/jazzy DEBUGINFOD_URLS=https://debuginfod.ubuntu.com /usr/bin/cmake --build /home/shubham/robot_arm_ws/build/robot_interfaces -- -j8 -l8
[2.014s] DEBUG:colcon.colcon_core.event_handler.log_command:Invoking command in '/home/shubham/robot_arm_ws/build/robot_interfaces': CMAKE_PREFIX_PATH=${CMAKE_PREFIX_PATH}:/home/shubham/robot_arm_ws/install/robot_utils:/home/shubham/robot_arm_ws/install/robot_control:/home/shubham/ros2-jazzy-learning/install/tf2_demo:/home/shubham/ros2-jazzy-learning/install/ros2_advanced:/home/shubham/ros2-jazzy-learning/install/robot_manager:/home/shubham/ros2-jazzy-learning/install/robot_bringup:/home/shubham/ros2-jazzy-learning/install/parameter_demo:/home/shubham/ros2-jazzy-learning/install/namespace_demo:/home/shubham/ros2-jazzy-learning/install/my_first_pkg:/home/shubham/ros2-jazzy-learning/install/my_robot_description:/home/shubham/ros2-jazzy-learning/install/my_robot_control:/home/shubham/ros2-jazzy-learning/install/my_robot_bringup:/home/shubham/ros2-jazzy-learning/install/motion_safety_stack:/home/shubham/ros2-jazzy-learning/install/lifecycle_demo:/opt/ros/jazzy DEBUGINFOD_URLS=https://debuginfod.ubuntu.com /usr/bin/cmake --install /home/shubham/robot_arm_ws/build/robot_interfaces
[2.040s] Level 1:colcon.colcon_core.environment:create_environment_scripts_only(robot_description)
[2.041s] Level 1:colcon.colcon_core.environment:checking '/home/shubham/robot_arm_ws/install/robot_description' for CMake module files
[2.044s] DEBUG:colcon.colcon_core.event_handler.log_command:Invoked command in '/home/shubham/robot_arm_ws/build/robot_description' returned '0': CMAKE_PREFIX_PATH=${CMAKE_PREFIX_PATH}:/home/shubham/robot_arm_ws/install/robot_utils:/home/shubham/robot_arm_ws/install/robot_control:/home/shubham/ros2-jazzy-learning/install/tf2_demo:/home/shubham/ros2-jazzy-learning/install/ros2_advanced:/home/shubham/ros2-jazzy-learning/install/robot_manager:/home/shubham/ros2-jazzy-learning/install/robot_bringup:/home/shubham/ros2-jazzy-learning/install/parameter_demo:/home/shubham/ros2-jazzy-learning/install/namespace_demo:/home/shubham/ros2-jazzy-learning/install/my_first_pkg:/home/shubham/ros2-jazzy-learning/install/my_robot_description:/home/shubham/ros2-jazzy-learning/install/my_robot_control:/home/shubham/ros2-jazzy-learning/install/my_robot_bringup:/home/shubham/ros2-jazzy-learning/install/motion_safety_stack:/home/shubham/ros2-jazzy-learning/install/lifecycle_demo:/opt/ros/jazzy DEBUGINFOD_URLS=https://debuginfod.ubuntu.com /usr/bin/cmake --install /home/shubham/robot_arm_ws/build/robot_description
[2.046s] Level 1:colcon.colcon_core.environment:checking '/home/shubham/robot_arm_ws/install/robot_description' for CMake config files
[2.052s] Level 1:colcon.colcon_core.shell:create_environment_hook('robot_description', 'cmake_prefix_path')
[2.053s] INFO:colcon.colcon_core.shell:Creating environment hook '/home/shubham/robot_arm_ws/install/robot_description/share/robot_description/hook/cmake_prefix_path.ps1'
[2.054s] INFO:colcon.colcon_core.shell:Creating environment descriptor '/home/shubham/robot_arm_ws/install/robot_description/share/robot_description/hook/cmake_prefix_path.dsv'
[2.055s] INFO:colcon.colcon_core.shell:Creating environment hook '/home/shubham/robot_arm_ws/install/robot_description/share/robot_description/hook/cmake_prefix_path.sh'
[2.057s] Level 1:colcon.colcon_core.environment:checking '/home/shubham/robot_arm_ws/install/robot_description/bin'
[2.058s] Level 1:colcon.colcon_core.environment:checking '/home/shubham/robot_arm_ws/install/robot_description/lib/pkgconfig/robot_description.pc'
[2.058s] Level 1:colcon.colcon_core.environment:checking '/home/shubham/robot_arm_ws/install/robot_description/lib/python3.12/site-packages'
[2.060s] Level 1:colcon.colcon_core.environment:checking '/home/shubham/robot_arm_ws/install/robot_description/bin'
[2.060s] INFO:colcon.colcon_core.shell:Creating package script '/home/shubham/robot_arm_ws/install/robot_description/share/robot_description/package.ps1'
[2.062s] INFO:colcon.colcon_core.shell:Creating package descriptor '/home/shubham/robot_arm_ws/install/robot_description/share/robot_description/package.dsv'
[2.063s] INFO:colcon.colcon_core.shell:Creating package script '/home/shubham/robot_arm_ws/install/robot_description/share/robot_description/package.sh'
[2.064s] INFO:colcon.colcon_core.shell:Creating package script '/home/shubham/robot_arm_ws/install/robot_description/share/robot_description/package.bash'
[2.066s] INFO:colcon.colcon_core.shell:Creating package script '/home/shubham/robot_arm_ws/install/robot_description/share/robot_description/package.zsh'
[2.067s] Level 1:colcon.colcon_core.environment:create_file_with_runtime_dependencies(/home/shubham/robot_arm_ws/install/robot_description/share/colcon-core/packages/robot_description)
[2.069s] Level 1:colcon.colcon_core.environment:create_environment_scripts_only(robot_description)
[2.069s] Level 1:colcon.colcon_core.environment:checking '/home/shubham/robot_arm_ws/install/robot_description' for CMake module files
[2.071s] Level 1:colcon.colcon_core.environment:checking '/home/shubham/robot_arm_ws/install/robot_description' for CMake config files
[2.071s] Level 1:colcon.colcon_core.shell:create_environment_hook('robot_description', 'cmake_prefix_path')
[2.072s] INFO:colcon.colcon_core.shell:Creating environment hook '/home/shubham/robot_arm_ws/install/robot_description/share/robot_description/hook/cmake_prefix_path.ps1'
[2.073s] INFO:colcon.colcon_core.shell:Creating environment descriptor '/home/shubham/robot_arm_ws/install/robot_description/share/robot_description/hook/cmake_prefix_path.dsv'
[2.073s] INFO:colcon.colcon_core.shell:Creating environment hook '/home/shubham/robot_arm_ws/install/robot_description/share/robot_description/hook/cmake_prefix_path.sh'
[2.075s] Level 1:colcon.colcon_core.environment:checking '/home/shubham/robot_arm_ws/install/robot_description/bin'
[2.075s] Level 1:colcon.colcon_core.environment:checking '/home/shubham/robot_arm_ws/install/robot_description/lib/pkgconfig/robot_description.pc'
[2.075s] Level 1:colcon.colcon_core.environment:checking '/home/shubham/robot_arm_ws/install/robot_description/lib/python3.12/site-packages'
[2.076s] Level 1:colcon.colcon_core.environment:checking '/home/shubham/robot_arm_ws/install/robot_description/bin'
[2.077s] INFO:colcon.colcon_core.shell:Creating package script '/home/shubham/robot_arm_ws/install/robot_description/share/robot_description/package.ps1'
[2.078s] INFO:colcon.colcon_core.shell:Creating package descriptor '/home/shubham/robot_arm_ws/install/robot_description/share/robot_description/package.dsv'
[2.079s] INFO:colcon.colcon_core.shell:Creating package script '/home/shubham/robot_arm_ws/install/robot_description/share/robot_description/package.sh'
[2.080s] INFO:colcon.colcon_core.shell:Creating package script '/home/shubham/robot_arm_ws/install/robot_description/share/robot_description/package.bash'
[2.080s] INFO:colcon.colcon_core.shell:Creating package script '/home/shubham/robot_arm_ws/install/robot_description/share/robot_description/package.zsh'
[2.081s] Level 1:colcon.colcon_core.environment:create_file_with_runtime_dependencies(/home/shubham/robot_arm_ws/install/robot_description/share/colcon-core/packages/robot_description)
[2.084s] Level 1:colcon.colcon_core.environment:create_environment_scripts_only(robot_interfaces)
[2.084s] Level 1:colcon.colcon_core.environment:checking '/home/shubham/robot_arm_ws/install/robot_interfaces' for CMake module files
[2.087s] Level 1:colcon.colcon_core.environment:checking '/home/shubham/robot_arm_ws/install/robot_interfaces' for CMake config files
[2.087s] DEBUG:colcon.colcon_core.event_handler.log_command:Invoked command in '/home/shubham/robot_arm_ws/build/robot_interfaces' returned '0': CMAKE_PREFIX_PATH=${CMAKE_PREFIX_PATH}:/home/shubham/robot_arm_ws/install/robot_utils:/home/shubham/robot_arm_ws/install/robot_control:/home/shubham/ros2-jazzy-learning/install/tf2_demo:/home/shubham/ros2-jazzy-learning/install/ros2_advanced:/home/shubham/ros2-jazzy-learning/install/robot_manager:/home/shubham/ros2-jazzy-learning/install/robot_bringup:/home/shubham/ros2-jazzy-learning/install/parameter_demo:/home/shubham/ros2-jazzy-learning/install/namespace_demo:/home/shubham/ros2-jazzy-learning/install/my_first_pkg:/home/shubham/ros2-jazzy-learning/install/my_robot_description:/home/shubham/ros2-jazzy-learning/install/my_robot_control:/home/shubham/ros2-jazzy-learning/install/my_robot_bringup:/home/shubham/ros2-jazzy-learning/install/motion_safety_stack:/home/shubham/ros2-jazzy-learning/install/lifecycle_demo:/opt/ros/jazzy DEBUGINFOD_URLS=https://debuginfod.ubuntu.com /usr/bin/cmake --install /home/shubham/robot_arm_ws/build/robot_interfaces
[2.089s] Level 1:colcon.colcon_core.shell:create_environment_hook('robot_interfaces', 'cmake_prefix_path')
[2.089s] INFO:colcon.colcon_core.shell:Creating environment hook '/home/shubham/robot_arm_ws/install/robot_interfaces/share/robot_interfaces/hook/cmake_prefix_path.ps1'
[2.092s] INFO:colcon.colcon_core.shell:Creating environment descriptor '/home/shubham/robot_arm_ws/install/robot_interfaces/share/robot_interfaces/hook/cmake_prefix_path.dsv'
[2.093s] INFO:colcon.colcon_core.shell:Creating environment hook '/home/shubham/robot_arm_ws/install/robot_interfaces/share/robot_interfaces/hook/cmake_prefix_path.sh'
[2.098s] Level 1:colcon.colcon_core.environment:checking '/home/shubham/robot_arm_ws/install/robot_interfaces/bin'
[2.099s] Level 1:colcon.colcon_core.environment:checking '/home/shubham/robot_arm_ws/install/robot_interfaces/lib/pkgconfig/robot_interfaces.pc'
[2.099s] Level 1:colcon.colcon_core.environment:checking '/home/shubham/robot_arm_ws/install/robot_interfaces/lib/python3.12/site-packages'
[2.101s] Level 1:colcon.colcon_core.environment:checking '/home/shubham/robot_arm_ws/install/robot_interfaces/bin'
[2.102s] INFO:colcon.colcon_core.shell:Creating package script '/home/shubham/robot_arm_ws/install/robot_interfaces/share/robot_interfaces/package.ps1'
[2.104s] INFO:colcon.colcon_core.shell:Creating package descriptor '/home/shubham/robot_arm_ws/install/robot_interfaces/share/robot_interfaces/package.dsv'
[2.105s] INFO:colcon.colcon_core.shell:Creating package script '/home/shubham/robot_arm_ws/install/robot_interfaces/share/robot_interfaces/package.sh'
[2.106s] INFO:colcon.colcon_core.shell:Creating package script '/home/shubham/robot_arm_ws/install/robot_interfaces/share/robot_interfaces/package.bash'
[2.107s] INFO:colcon.colcon_core.shell:Creating package script '/home/shubham/robot_arm_ws/install/robot_interfaces/share/robot_interfaces/package.zsh'
[2.108s] Level 1:colcon.colcon_core.environment:create_file_with_runtime_dependencies(/home/shubham/robot_arm_ws/install/robot_interfaces/share/colcon-core/packages/robot_interfaces)
[2.109s] Level 1:colcon.colcon_core.environment:create_environment_scripts_only(robot_interfaces)
[2.110s] Level 1:colcon.colcon_core.environment:checking '/home/shubham/robot_arm_ws/install/robot_interfaces' for CMake module files
[2.111s] Level 1:colcon.colcon_core.environment:checking '/home/shubham/robot_arm_ws/install/robot_interfaces' for CMake config files
[2.112s] Level 1:colcon.colcon_core.shell:create_environment_hook('robot_interfaces', 'cmake_prefix_path')
[2.112s] INFO:colcon.colcon_core.shell:Creating environment hook '/home/shubham/robot_arm_ws/install/robot_interfaces/share/robot_interfaces/hook/cmake_prefix_path.ps1'
[2.114s] INFO:colcon.colcon_core.shell:Creating environment descriptor '/home/shubham/robot_arm_ws/install/robot_interfaces/share/robot_interfaces/hook/cmake_prefix_path.dsv'
[2.114s] INFO:colcon.colcon_core.shell:Creating environment hook '/home/shubham/robot_arm_ws/install/robot_interfaces/share/robot_interfaces/hook/cmake_prefix_path.sh'
[2.116s] Level 1:colcon.colcon_core.environment:checking '/home/shubham/robot_arm_ws/install/robot_interfaces/bin'
[2.116s] Level 1:colcon.colcon_core.environment:checking '/home/shubham/robot_arm_ws/install/robot_interfaces/lib/pkgconfig/robot_interfaces.pc'
[2.117s] Level 1:colcon.colcon_core.environment:checking '/home/shubham/robot_arm_ws/install/robot_interfaces/lib/python3.12/site-packages'
[2.117s] Level 1:colcon.colcon_core.environment:checking '/home/shubham/robot_arm_ws/install/robot_interfaces/bin'
[2.118s] INFO:colcon.colcon_core.shell:Creating package script '/home/shubham/robot_arm_ws/install/robot_interfaces/share/robot_interfaces/package.ps1'
[2.119s] INFO:colcon.colcon_core.shell:Creating package descriptor '/home/shubham/robot_arm_ws/install/robot_interfaces/share/robot_interfaces/package.dsv'
[2.120s] INFO:colcon.colcon_core.shell:Creating package script '/home/shubham/robot_arm_ws/install/robot_interfaces/share/robot_interfaces/package.sh'
[2.121s] INFO:colcon.colcon_core.shell:Creating package script '/home/shubham/robot_arm_ws/install/robot_interfaces/share/robot_interfaces/package.bash'
[2.122s] INFO:colcon.colcon_core.shell:Creating package script '/home/shubham/robot_arm_ws/install/robot_interfaces/share/robot_interfaces/package.zsh'
[2.123s] Level 1:colcon.colcon_core.environment:create_file_with_runtime_dependencies(/home/shubham/robot_arm_ws/install/robot_interfaces/share/colcon-core/packages/robot_interfaces)
[3.621s] DEBUG:colcon.colcon_core.task.python.build:Available setuptools commands: setopt, test, easy_install, rotate, build, register, init_catalog, upload, install_egg_info, bdist_egg, editable_wheel, bdist_dumb, install, install_lib, symlink_data, install_scripts, install_headers, install_data, sdist, build_clib, egg_info, develop, alias, clean, build_ext, build_scripts, bdist_wheel, extract_messages, update_catalog, build_py, compile_catalog, saveopts, check, bdist, dist_info, bdist_rpm, upload_docs
[3.626s] DEBUG:colcon.colcon_core.event_handler.log_command:Invoking command in '/home/shubham/robot_arm_ws/src/robot_utils': DEBUGINFOD_URLS=https://debuginfod.ubuntu.com PYTHONPATH=/home/shubham/robot_arm_ws/build/robot_utils/prefix_override:/usr/lib/python3/dist-packages/colcon_core/task/python/colcon_distutils_commands:/home/shubham/robot_arm_ws/install/robot_utils/lib/python3.12/site-packages:${PYTHONPATH} /usr/bin/python3 -W ignore:setup.py install is deprecated -W ignore:easy_install command is deprecated setup.py egg_info --egg-base ../../build/robot_utils build --build-base /home/shubham/robot_arm_ws/build/robot_utils/build install --record /home/shubham/robot_arm_ws/build/robot_utils/install.log --install-scripts $base/lib/robot_utils --single-version-externally-managed install_data
[3.738s] DEBUG:colcon.colcon_core.task.python.build:Available setuptools commands: setopt, test, easy_install, rotate, build, register, init_catalog, upload, install_egg_info, bdist_egg, editable_wheel, bdist_dumb, install, install_lib, symlink_data, install_scripts, install_headers, install_data, sdist, build_clib, egg_info, develop, alias, clean, build_ext, build_scripts, bdist_wheel, extract_messages, update_catalog, build_py, compile_catalog, saveopts, check, bdist, dist_info, bdist_rpm, upload_docs
[3.746s] DEBUG:colcon.colcon_core.event_handler.log_command:Invoking command in '/home/shubham/robot_arm_ws/src/robot_control': DEBUGINFOD_URLS=https://debuginfod.ubuntu.com PYTHONPATH=/home/shubham/robot_arm_ws/build/robot_control/prefix_override:/usr/lib/python3/dist-packages/colcon_core/task/python/colcon_distutils_commands:/home/shubham/robot_arm_ws/install/robot_control/lib/python3.12/site-packages:${PYTHONPATH} /usr/bin/python3 -W ignore:setup.py install is deprecated -W ignore:easy_install command is deprecated setup.py egg_info --egg-base ../../build/robot_control build --build-base /home/shubham/robot_arm_ws/build/robot_control/build install --record /home/shubham/robot_arm_ws/build/robot_control/install.log --install-scripts $base/lib/robot_control --single-version-externally-managed install_data
[5.310s] Level 1:colcon.colcon_core.environment:checking '/home/shubham/robot_arm_ws/install/robot_utils' for CMake module files
[5.313s] DEBUG:colcon.colcon_core.event_handler.log_command:Invoked command in '/home/shubham/robot_arm_ws/src/robot_utils' returned '0': DEBUGINFOD_URLS=https://debuginfod.ubuntu.com PYTHONPATH=/home/shubham/robot_arm_ws/build/robot_utils/prefix_override:/usr/lib/python3/dist-packages/colcon_core/task/python/colcon_distutils_commands:/home/shubham/robot_arm_ws/install/robot_utils/lib/python3.12/site-packages:${PYTHONPATH} /usr/bin/python3 -W ignore:setup.py install is deprecated -W ignore:easy_install command is deprecated setup.py egg_info --egg-base ../../build/robot_utils build --build-base /home/shubham/robot_arm_ws/build/robot_utils/build install --record /home/shubham/robot_arm_ws/build/robot_utils/install.log --install-scripts $base/lib/robot_utils --single-version-externally-managed install_data
[5.314s] Level 1:colcon.colcon_core.environment:checking '/home/shubham/robot_arm_ws/install/robot_utils' for CMake config files
[5.316s] Level 1:colcon.colcon_core.environment:checking '/home/shubham/robot_arm_ws/install/robot_utils/lib'
[5.317s] Level 1:colcon.colcon_core.environment:checking '/home/shubham/robot_arm_ws/install/robot_utils/bin'
[5.318s] Level 1:colcon.colcon_core.environment:checking '/home/shubham/robot_arm_ws/install/robot_utils/lib/pkgconfig/robot_utils.pc'
[5.319s] Level 1:colcon.colcon_core.environment:checking '/home/shubham/robot_arm_ws/install/robot_utils/lib/python3.12/site-packages'
[5.319s] Level 1:colcon.colcon_core.shell:create_environment_hook('robot_utils', 'pythonpath')
[5.320s] INFO:colcon.colcon_core.shell:Creating environment hook '/home/shubham/robot_arm_ws/install/robot_utils/share/robot_utils/hook/pythonpath.ps1'
[5.322s] INFO:colcon.colcon_core.shell:Creating environment descriptor '/home/shubham/robot_arm_ws/install/robot_utils/share/robot_utils/hook/pythonpath.dsv'
[5.323s] INFO:colcon.colcon_core.shell:Creating environment hook '/home/shubham/robot_arm_ws/install/robot_utils/share/robot_utils/hook/pythonpath.sh'
[5.326s] Level 1:colcon.colcon_core.environment:checking '/home/shubham/robot_arm_ws/install/robot_utils/bin'
[5.326s] Level 1:colcon.colcon_core.environment:create_environment_scripts_only(robot_utils)
[5.327s] INFO:colcon.colcon_core.shell:Creating package script '/home/shubham/robot_arm_ws/install/robot_utils/share/robot_utils/package.ps1'
[5.329s] INFO:colcon.colcon_core.shell:Creating package descriptor '/home/shubham/robot_arm_ws/install/robot_utils/share/robot_utils/package.dsv'
[5.330s] INFO:colcon.colcon_core.shell:Creating package script '/home/shubham/robot_arm_ws/install/robot_utils/share/robot_utils/package.sh'
[5.332s] INFO:colcon.colcon_core.shell:Creating package script '/home/shubham/robot_arm_ws/install/robot_utils/share/robot_utils/package.bash'
[5.333s] INFO:colcon.colcon_core.shell:Creating package script '/home/shubham/robot_arm_ws/install/robot_utils/share/robot_utils/package.zsh'
[5.334s] Level 1:colcon.colcon_core.environment:create_file_with_runtime_dependencies(/home/shubham/robot_arm_ws/install/robot_utils/share/colcon-core/packages/robot_utils)
[5.497s] Level 1:colcon.colcon_core.environment:checking '/home/shubham/robot_arm_ws/install/robot_control' for CMake module files
[5.498s] DEBUG:colcon.colcon_core.event_handler.log_command:Invoked command in '/home/shubham/robot_arm_ws/src/robot_control' returned '0': DEBUGINFOD_URLS=https://debuginfod.ubuntu.com PYTHONPATH=/home/shubham/robot_arm_ws/build/robot_control/prefix_override:/usr/lib/python3/dist-packages/colcon_core/task/python/colcon_distutils_commands:/home/shubham/robot_arm_ws/install/robot_control/lib/python3.12/site-packages:${PYTHONPATH} /usr/bin/python3 -W ignore:setup.py install is deprecated -W ignore:easy_install command is deprecated setup.py egg_info --egg-base ../../build/robot_control build --build-base /home/shubham/robot_arm_ws/build/robot_control/build install --record /home/shubham/robot_arm_ws/build/robot_control/install.log --install-scripts $base/lib/robot_control --single-version-externally-managed install_data
[5.499s] Level 1:colcon.colcon_core.environment:checking '/home/shubham/robot_arm_ws/install/robot_control' for CMake config files
[5.500s] Level 1:colcon.colcon_core.environment:checking '/home/shubham/robot_arm_ws/install/robot_control/lib'
[5.500s] Level 1:colcon.colcon_core.environment:checking '/home/shubham/robot_arm_ws/install/robot_control/bin'
[5.500s] Level 1:colcon.colcon_core.environment:checking '/home/shubham/robot_arm_ws/install/robot_control/lib/pkgconfig/robot_control.pc'
[5.500s] Level 1:colcon.colcon_core.environment:checking '/home/shubham/robot_arm_ws/install/robot_control/lib/python3.12/site-packages'
[5.501s] Level 1:colcon.colcon_core.shell:create_environment_hook('robot_control', 'pythonpath')
[5.501s] INFO:colcon.colcon_core.shell:Creating environment hook '/home/shubham/robot_arm_ws/install/robot_control/share/robot_control/hook/pythonpath.ps1'
[5.502s] INFO:colcon.colcon_core.shell:Creating environment descriptor '/home/shubham/robot_arm_ws/install/robot_control/share/robot_control/hook/pythonpath.dsv'
[5.503s] INFO:colcon.colcon_core.shell:Creating environment hook '/home/shubham/robot_arm_ws/install/robot_control/share/robot_control/hook/pythonpath.sh'
[5.505s] Level 1:colcon.colcon_core.environment:checking '/home/shubham/robot_arm_ws/install/robot_control/bin'
[5.505s] Level 1:colcon.colcon_core.environment:create_environment_scripts_only(robot_control)
[5.506s] INFO:colcon.colcon_core.shell:Creating package script '/home/shubham/robot_arm_ws/install/robot_control/share/robot_control/package.ps1'
[5.507s] INFO:colcon.colcon_core.shell:Creating package descriptor '/home/shubham/robot_arm_ws/install/robot_control/share/robot_control/package.dsv'
[5.509s] INFO:colcon.colcon_core.shell:Creating package script '/home/shubham/robot_arm_ws/install/robot_control/share/robot_control/package.sh'
[5.510s] INFO:colcon.colcon_core.shell:Creating package script '/home/shubham/robot_arm_ws/install/robot_control/share/robot_control/package.bash'
[5.512s] INFO:colcon.colcon_core.shell:Creating package script '/home/shubham/robot_arm_ws/install/robot_control/share/robot_control/package.zsh'
[5.513s] Level 1:colcon.colcon_core.environment:create_file_with_runtime_dependencies(/home/shubham/robot_arm_ws/install/robot_control/share/colcon-core/packages/robot_control)
[5.513s] DEBUG:colcon.colcon_parallel_executor.executor.parallel:closing loop
[5.515s] DEBUG:colcon.colcon_parallel_executor.executor.parallel:loop closed
[5.515s] DEBUG:colcon.colcon_parallel_executor.executor.parallel:run_until_complete finished with '0'
[5.515s] DEBUG:colcon.colcon_core.event_reactor:joining thread
[5.517s] DEBUG:colcon.colcon_core.event_reactor:joined thread
[5.518s] INFO:colcon.colcon_core.shell:Creating prefix script '/home/shubham/robot_arm_ws/install/local_setup.ps1'
[5.520s] INFO:colcon.colcon_core.shell:Creating prefix util module '/home/shubham/robot_arm_ws/install/_local_setup_util_ps1.py'
[5.523s] INFO:colcon.colcon_core.shell:Creating prefix chain script '/home/shubham/robot_arm_ws/install/setup.ps1'
[5.528s] INFO:colcon.colcon_core.shell:Creating prefix script '/home/shubham/robot_arm_ws/install/local_setup.sh'
[5.529s] INFO:colcon.colcon_core.shell:Creating prefix util module '/home/shubham/robot_arm_ws/install/_local_setup_util_sh.py'
[5.531s] INFO:colcon.colcon_core.shell:Creating prefix chain script '/home/shubham/robot_arm_ws/install/setup.sh'
[5.535s] INFO:colcon.colcon_core.shell:Creating prefix script '/home/shubham/robot_arm_ws/install/local_setup.bash'
[5.536s] INFO:colcon.colcon_core.shell:Creating prefix chain script '/home/shubham/robot_arm_ws/install/setup.bash'
[5.540s] INFO:colcon.colcon_core.shell:Creating prefix script '/home/shubham/robot_arm_ws/install/local_setup.zsh'
[5.541s] INFO:colcon.colcon_core.shell:Creating prefix chain script '/home/shubham/robot_arm_ws/install/setup.zsh'
