[0.135s] Invoking command in '/home/shubham/robot_arm_ws/build/robot_bringup': CMAKE_PREFIX_PATH=${CMAKE_PREFIX_PATH}:/home/shubham/ros2-jazzy-learning/install/tf2_demo:/home/shubham/ros2-jazzy-learning/install/ros2_advanced:/home/shubham/ros2-jazzy-learning/install/robot_manager:/home/shubham/ros2-jazzy-learning/install/robot_bringup:/home/shubham/ros2-jazzy-learning/install/parameter_demo:/home/shubham/ros2-jazzy-learning/install/namespace_demo:/home/shubham/ros2-jazzy-learning/install/my_first_pkg:/home/shubham/ros2-jazzy-learning/install/my_robot_description:/home/shubham/ros2-jazzy-learning/install/my_robot_control:/home/shubham/ros2-jazzy-learning/install/my_robot_bringup:/home/shubham/ros2-jazzy-learning/install/motion_safety_stack:/home/shubham/ros2-jazzy-learning/install/lifecycle_demo:/opt/ros/jazzy DEBUGINFOD_URLS=https://debuginfod.ubuntu.com /usr/bin/cmake /home/shubham/robot_arm_ws/src/robot_bringup -DCMAKE_INSTALL_PREFIX=/home/shubham/robot_arm_ws/install/robot_bringup
[0.880s] -- The C compiler identification is GNU 13.3.0
[0.882s] -- The CXX compiler identification is GNU 13.3.0
[0.883s] -- Detecting C compiler ABI info
[0.883s] -- Detecting C compiler ABI info - done
[0.896s] -- Check for working C compiler: /usr/bin/cc - skipped
[0.897s] -- Detecting C compile features
[0.900s] -- Detecting C compile features - done
[0.931s] -- Detecting CXX compiler ABI info
[1.262s] -- Detecting CXX compiler ABI info - done
[1.287s] -- Check for working CXX compiler: /usr/bin/c++ - skipped
[1.288s] -- Detecting CXX compile features
[1.293s] -- Detecting CXX compile features - done
[1.329s] -- Found ament_cmake: 2.5.6 (/opt/ros/jazzy/share/ament_cmake/cmake)
[2.035s] -- Found Python3: /usr/bin/python3 (found version "3.12.3") found components: Interpreter 
[2.694s] -- Found ament_lint_auto: 0.17.5 (/opt/ros/jazzy/share/ament_lint_auto/cmake)
[3.191s] -- Added test 'lint_cmake' to check CMake code style
[3.197s] -- Added test 'xmllint' to check XML markup files
[3.207s] -- Configuring done (3.0s)
[3.222s] -- Generating done (0.0s)
[3.224s] -- Build files have been written to: /home/shubham/robot_arm_ws/build/robot_bringup
[3.242s] Invoked command in '/home/shubham/robot_arm_ws/build/robot_bringup' returned '0': CMAKE_PREFIX_PATH=${CMAKE_PREFIX_PATH}:/home/shubham/ros2-jazzy-learning/install/tf2_demo:/home/shubham/ros2-jazzy-learning/install/ros2_advanced:/home/shubham/ros2-jazzy-learning/install/robot_manager:/home/shubham/ros2-jazzy-learning/install/robot_bringup:/home/shubham/ros2-jazzy-learning/install/parameter_demo:/home/shubham/ros2-jazzy-learning/install/namespace_demo:/home/shubham/ros2-jazzy-learning/install/my_first_pkg:/home/shubham/ros2-jazzy-learning/install/my_robot_description:/home/shubham/ros2-jazzy-learning/install/my_robot_control:/home/shubham/ros2-jazzy-learning/install/my_robot_bringup:/home/shubham/ros2-jazzy-learning/install/motion_safety_stack:/home/shubham/ros2-jazzy-learning/install/lifecycle_demo:/opt/ros/jazzy DEBUGINFOD_URLS=https://debuginfod.ubuntu.com /usr/bin/cmake /home/shubham/robot_arm_ws/src/robot_bringup -DCMAKE_INSTALL_PREFIX=/home/shubham/robot_arm_ws/install/robot_bringup
[3.244s] Invoking command in '/home/shubham/robot_arm_ws/build/robot_bringup': CMAKE_PREFIX_PATH=${CMAKE_PREFIX_PATH}:/home/shubham/ros2-jazzy-learning/install/tf2_demo:/home/shubham/ros2-jazzy-learning/install/ros2_advanced:/home/shubham/ros2-jazzy-learning/install/robot_manager:/home/shubham/ros2-jazzy-learning/install/robot_bringup:/home/shubham/ros2-jazzy-learning/install/parameter_demo:/home/shubham/ros2-jazzy-learning/install/namespace_demo:/home/shubham/ros2-jazzy-learning/install/my_first_pkg:/home/shubham/ros2-jazzy-learning/install/my_robot_description:/home/shubham/ros2-jazzy-learning/install/my_robot_control:/home/shubham/ros2-jazzy-learning/install/my_robot_bringup:/home/shubham/ros2-jazzy-learning/install/motion_safety_stack:/home/shubham/ros2-jazzy-learning/install/lifecycle_demo:/opt/ros/jazzy DEBUGINFOD_URLS=https://debuginfod.ubuntu.com /usr/bin/cmake --build /home/shubham/robot_arm_ws/build/robot_bringup -- -j8 -l8
[3.379s] Invoked command in '/home/shubham/robot_arm_ws/build/robot_bringup' returned '0': CMAKE_PREFIX_PATH=${CMAKE_PREFIX_PATH}:/home/shubham/ros2-jazzy-learning/install/tf2_demo:/home/shubham/ros2-jazzy-learning/install/ros2_advanced:/home/shubham/ros2-jazzy-learning/install/robot_manager:/home/shubham/ros2-jazzy-learning/install/robot_bringup:/home/shubham/ros2-jazzy-learning/install/parameter_demo:/home/shubham/ros2-jazzy-learning/install/namespace_demo:/home/shubham/ros2-jazzy-learning/install/my_first_pkg:/home/shubham/ros2-jazzy-learning/install/my_robot_description:/home/shubham/ros2-jazzy-learning/install/my_robot_control:/home/shubham/ros2-jazzy-learning/install/my_robot_bringup:/home/shubham/ros2-jazzy-learning/install/motion_safety_stack:/home/shubham/ros2-jazzy-learning/install/lifecycle_demo:/opt/ros/jazzy DEBUGINFOD_URLS=https://debuginfod.ubuntu.com /usr/bin/cmake --build /home/shubham/robot_arm_ws/build/robot_bringup -- -j8 -l8
[3.413s] Invoking command in '/home/shubham/robot_arm_ws/build/robot_bringup': CMAKE_PREFIX_PATH=${CMAKE_PREFIX_PATH}:/home/shubham/ros2-jazzy-learning/install/tf2_demo:/home/shubham/ros2-jazzy-learning/install/ros2_advanced:/home/shubham/ros2-jazzy-learning/install/robot_manager:/home/shubham/ros2-jazzy-learning/install/robot_bringup:/home/shubham/ros2-jazzy-learning/install/parameter_demo:/home/shubham/ros2-jazzy-learning/install/namespace_demo:/home/shubham/ros2-jazzy-learning/install/my_first_pkg:/home/shubham/ros2-jazzy-learning/install/my_robot_description:/home/shubham/ros2-jazzy-learning/install/my_robot_control:/home/shubham/ros2-jazzy-learning/install/my_robot_bringup:/home/shubham/ros2-jazzy-learning/install/motion_safety_stack:/home/shubham/ros2-jazzy-learning/install/lifecycle_demo:/opt/ros/jazzy DEBUGINFOD_URLS=https://debuginfod.ubuntu.com /usr/bin/cmake --install /home/shubham/robot_arm_ws/build/robot_bringup
[3.436s] -- Install configuration: ""
[3.436s] -- Installing: /home/shubham/robot_arm_ws/install/robot_bringup/share/ament_index/resource_index/package_run_dependencies/robot_bringup
[3.437s] -- Installing: /home/shubham/robot_arm_ws/install/robot_bringup/share/ament_index/resource_index/parent_prefix_path/robot_bringup
[3.437s] -- Installing: /home/shubham/robot_arm_ws/install/robot_bringup/share/robot_bringup/environment/ament_prefix_path.sh
[3.438s] -- Installing: /home/shubham/robot_arm_ws/install/robot_bringup/share/robot_bringup/environment/ament_prefix_path.dsv
[3.439s] -- Installing: /home/shubham/robot_arm_ws/install/robot_bringup/share/robot_bringup/environment/path.sh
[3.439s] -- Installing: /home/shubham/robot_arm_ws/install/robot_bringup/share/robot_bringup/environment/path.dsv
[3.440s] -- Installing: /home/shubham/robot_arm_ws/install/robot_bringup/share/robot_bringup/local_setup.bash
[3.440s] -- Installing: /home/shubham/robot_arm_ws/install/robot_bringup/share/robot_bringup/local_setup.sh
[3.441s] -- Installing: /home/shubham/robot_arm_ws/install/robot_bringup/share/robot_bringup/local_setup.zsh
[3.441s] -- Installing: /home/shubham/robot_arm_ws/install/robot_bringup/share/robot_bringup/local_setup.dsv
[3.441s] -- Installing: /home/shubham/robot_arm_ws/install/robot_bringup/share/robot_bringup/package.dsv
[3.442s] -- Installing: /home/shubham/robot_arm_ws/install/robot_bringup/share/ament_index/resource_index/packages/robot_bringup
[3.443s] -- Installing: /home/shubham/robot_arm_ws/install/robot_bringup/share/robot_bringup/cmake/robot_bringupConfig.cmake
[3.443s] -- Installing: /home/shubham/robot_arm_ws/install/robot_bringup/share/robot_bringup/cmake/robot_bringupConfig-version.cmake
[3.445s] -- Installing: /home/shubham/robot_arm_ws/install/robot_bringup/share/robot_bringup/package.xml
[3.451s] Invoked command in '/home/shubham/robot_arm_ws/build/robot_bringup' returned '0': CMAKE_PREFIX_PATH=${CMAKE_PREFIX_PATH}:/home/shubham/ros2-jazzy-learning/install/tf2_demo:/home/shubham/ros2-jazzy-learning/install/ros2_advanced:/home/shubham/ros2-jazzy-learning/install/robot_manager:/home/shubham/ros2-jazzy-learning/install/robot_bringup:/home/shubham/ros2-jazzy-learning/install/parameter_demo:/home/shubham/ros2-jazzy-learning/install/namespace_demo:/home/shubham/ros2-jazzy-learning/install/my_first_pkg:/home/shubham/ros2-jazzy-learning/install/my_robot_description:/home/shubham/ros2-jazzy-learning/install/my_robot_control:/home/shubham/ros2-jazzy-learning/install/my_robot_bringup:/home/shubham/ros2-jazzy-learning/install/motion_safety_stack:/home/shubham/ros2-jazzy-learning/install/lifecycle_demo:/opt/ros/jazzy DEBUGINFOD_URLS=https://debuginfod.ubuntu.com /usr/bin/cmake --install /home/shubham/robot_arm_ws/build/robot_bringup
