[0.806s] Invoking command in '/home/shubham/robot_arm_ws/build/robot_description': CMAKE_PREFIX_PATH=${CMAKE_PREFIX_PATH}:/home/shubham/ros2-jazzy-learning/install/tf2_demo:/home/shubham/ros2-jazzy-learning/install/ros2_advanced:/home/shubham/ros2-jazzy-learning/install/robot_manager:/home/shubham/ros2-jazzy-learning/install/robot_bringup:/home/shubham/ros2-jazzy-learning/install/parameter_demo:/home/shubham/ros2-jazzy-learning/install/namespace_demo:/home/shubham/ros2-jazzy-learning/install/my_first_pkg:/home/shubham/ros2-jazzy-learning/install/my_robot_description:/home/shubham/ros2-jazzy-learning/install/my_robot_control:/home/shubham/ros2-jazzy-learning/install/my_robot_bringup:/home/shubham/ros2-jazzy-learning/install/motion_safety_stack:/home/shubham/ros2-jazzy-learning/install/lifecycle_demo:/opt/ros/jazzy DEBUGINFOD_URLS=https://debuginfod.ubuntu.com /usr/bin/cmake /home/shubham/robot_arm_ws/src/robot_description -DCMAKE_INSTALL_PREFIX=/home/shubham/robot_arm_ws/install/robot_description
[0.972s] -- The C compiler identification is GNU 13.3.0
[1.151s] -- The CXX compiler identification is GNU 13.3.0
[1.196s] -- Detecting C compiler ABI info
[1.467s] -- Detecting C compiler ABI info - done
[1.503s] -- Check for working C compiler: /usr/bin/cc - skipped
[1.503s] -- Detecting C compile features
[1.504s] -- Detecting C compile features - done
[1.543s] -- Detecting CXX compiler ABI info
[1.900s] -- Detecting CXX compiler ABI info - done
[1.936s] -- Check for working CXX compiler: /usr/bin/c++ - skipped
[1.937s] -- Detecting CXX compile features
[1.939s] -- Detecting CXX compile features - done
[1.960s] -- Found ament_cmake: 2.5.6 (/opt/ros/jazzy/share/ament_cmake/cmake)
[2.629s] -- Found Python3: /usr/bin/python3 (found version "3.12.3") found components: Interpreter 
[3.160s] -- Found ament_lint_auto: 0.17.5 (/opt/ros/jazzy/share/ament_lint_auto/cmake)
[3.637s] -- Added test 'flake8' to check Python code syntax and style conventions
[3.637s] -- Configured 'flake8' exclude dirs and/or files: 
[3.642s] -- Added test 'lint_cmake' to check CMake code style
[3.645s] -- Added test 'pep257' to check Python code against some of the docstring style conventions in PEP 257
[3.650s] -- Added test 'xmllint' to check XML markup files
[3.656s] -- Configuring done (2.8s)
[3.662s] -- Generating done (0.0s)
[3.670s] -- Build files have been written to: /home/shubham/robot_arm_ws/build/robot_description
[3.684s] Invoked command in '/home/shubham/robot_arm_ws/build/robot_description' returned '0': CMAKE_PREFIX_PATH=${CMAKE_PREFIX_PATH}:/home/shubham/ros2-jazzy-learning/install/tf2_demo:/home/shubham/ros2-jazzy-learning/install/ros2_advanced:/home/shubham/ros2-jazzy-learning/install/robot_manager:/home/shubham/ros2-jazzy-learning/install/robot_bringup:/home/shubham/ros2-jazzy-learning/install/parameter_demo:/home/shubham/ros2-jazzy-learning/install/namespace_demo:/home/shubham/ros2-jazzy-learning/install/my_first_pkg:/home/shubham/ros2-jazzy-learning/install/my_robot_description:/home/shubham/ros2-jazzy-learning/install/my_robot_control:/home/shubham/ros2-jazzy-learning/install/my_robot_bringup:/home/shubham/ros2-jazzy-learning/install/motion_safety_stack:/home/shubham/ros2-jazzy-learning/install/lifecycle_demo:/opt/ros/jazzy DEBUGINFOD_URLS=https://debuginfod.ubuntu.com /usr/bin/cmake /home/shubham/robot_arm_ws/src/robot_description -DCMAKE_INSTALL_PREFIX=/home/shubham/robot_arm_ws/install/robot_description
[3.687s] Invoking command in '/home/shubham/robot_arm_ws/build/robot_description': CMAKE_PREFIX_PATH=${CMAKE_PREFIX_PATH}:/home/shubham/ros2-jazzy-learning/install/tf2_demo:/home/shubham/ros2-jazzy-learning/install/ros2_advanced:/home/shubham/ros2-jazzy-learning/install/robot_manager:/home/shubham/ros2-jazzy-learning/install/robot_bringup:/home/shubham/ros2-jazzy-learning/install/parameter_demo:/home/shubham/ros2-jazzy-learning/install/namespace_demo:/home/shubham/ros2-jazzy-learning/install/my_first_pkg:/home/shubham/ros2-jazzy-learning/install/my_robot_description:/home/shubham/ros2-jazzy-learning/install/my_robot_control:/home/shubham/ros2-jazzy-learning/install/my_robot_bringup:/home/shubham/ros2-jazzy-learning/install/motion_safety_stack:/home/shubham/ros2-jazzy-learning/install/lifecycle_demo:/opt/ros/jazzy DEBUGINFOD_URLS=https://debuginfod.ubuntu.com /usr/bin/cmake --build /home/shubham/robot_arm_ws/build/robot_description -- -j8 -l8
[3.815s] Invoked command in '/home/shubham/robot_arm_ws/build/robot_description' returned '0': CMAKE_PREFIX_PATH=${CMAKE_PREFIX_PATH}:/home/shubham/ros2-jazzy-learning/install/tf2_demo:/home/shubham/ros2-jazzy-learning/install/ros2_advanced:/home/shubham/ros2-jazzy-learning/install/robot_manager:/home/shubham/ros2-jazzy-learning/install/robot_bringup:/home/shubham/ros2-jazzy-learning/install/parameter_demo:/home/shubham/ros2-jazzy-learning/install/namespace_demo:/home/shubham/ros2-jazzy-learning/install/my_first_pkg:/home/shubham/ros2-jazzy-learning/install/my_robot_description:/home/shubham/ros2-jazzy-learning/install/my_robot_control:/home/shubham/ros2-jazzy-learning/install/my_robot_bringup:/home/shubham/ros2-jazzy-learning/install/motion_safety_stack:/home/shubham/ros2-jazzy-learning/install/lifecycle_demo:/opt/ros/jazzy DEBUGINFOD_URLS=https://debuginfod.ubuntu.com /usr/bin/cmake --build /home/shubham/robot_arm_ws/build/robot_description -- -j8 -l8
[3.818s] Invoking command in '/home/shubham/robot_arm_ws/build/robot_description': CMAKE_PREFIX_PATH=${CMAKE_PREFIX_PATH}:/home/shubham/ros2-jazzy-learning/install/tf2_demo:/home/shubham/ros2-jazzy-learning/install/ros2_advanced:/home/shubham/ros2-jazzy-learning/install/robot_manager:/home/shubham/ros2-jazzy-learning/install/robot_bringup:/home/shubham/ros2-jazzy-learning/install/parameter_demo:/home/shubham/ros2-jazzy-learning/install/namespace_demo:/home/shubham/ros2-jazzy-learning/install/my_first_pkg:/home/shubham/ros2-jazzy-learning/install/my_robot_description:/home/shubham/ros2-jazzy-learning/install/my_robot_control:/home/shubham/ros2-jazzy-learning/install/my_robot_bringup:/home/shubham/ros2-jazzy-learning/install/motion_safety_stack:/home/shubham/ros2-jazzy-learning/install/lifecycle_demo:/opt/ros/jazzy DEBUGINFOD_URLS=https://debuginfod.ubuntu.com /usr/bin/cmake --install /home/shubham/robot_arm_ws/build/robot_description
[3.837s] -- Install configuration: ""
[3.837s] -- Installing: /home/shubham/robot_arm_ws/install/robot_description/share/robot_description/urdf
[3.837s] -- Installing: /home/shubham/robot_arm_ws/install/robot_description/share/robot_description/urdf/links.xacro
[3.838s] -- Installing: /home/shubham/robot_arm_ws/install/robot_description/share/robot_description/urdf/transmissions.xacro
[3.838s] -- Installing: /home/shubham/robot_arm_ws/install/robot_description/share/robot_description/urdf/joints.xacro
[3.839s] -- Installing: /home/shubham/robot_arm_ws/install/robot_description/share/robot_description/urdf/materials.xacro
[3.839s] -- Installing: /home/shubham/robot_arm_ws/install/robot_description/share/robot_description/urdf/robot.urdf.xacro
[3.840s] -- Installing: /home/shubham/robot_arm_ws/install/robot_description/share/robot_description/urdf/gazebo.xacro
[3.841s] -- Installing: /home/shubham/robot_arm_ws/install/robot_description/share/robot_description/urdf/macros.xacro
[3.842s] -- Installing: /home/shubham/robot_arm_ws/install/robot_description/share/robot_description/meshes
[3.842s] -- Installing: /home/shubham/robot_arm_ws/install/robot_description/share/robot_description/launch
[3.843s] -- Installing: /home/shubham/robot_arm_ws/install/robot_description/share/robot_description/launch/display.launch.py
[3.843s] -- Installing: /home/shubham/robot_arm_ws/install/robot_description/share/robot_description/rviz
[3.843s] -- Installing: /home/shubham/robot_arm_ws/install/robot_description/share/robot_description/config
[3.843s] -- Installing: /home/shubham/robot_arm_ws/install/robot_description/share/ament_index/resource_index/package_run_dependencies/robot_description
[3.844s] -- Installing: /home/shubham/robot_arm_ws/install/robot_description/share/ament_index/resource_index/parent_prefix_path/robot_description
[3.844s] -- Installing: /home/shubham/robot_arm_ws/install/robot_description/share/robot_description/environment/ament_prefix_path.sh
[3.844s] -- Installing: /home/shubham/robot_arm_ws/install/robot_description/share/robot_description/environment/ament_prefix_path.dsv
[3.844s] -- Installing: /home/shubham/robot_arm_ws/install/robot_description/share/robot_description/environment/path.sh
[3.845s] -- Installing: /home/shubham/robot_arm_ws/install/robot_description/share/robot_description/environment/path.dsv
[3.845s] -- Installing: /home/shubham/robot_arm_ws/install/robot_description/share/robot_description/local_setup.bash
[3.845s] -- Installing: /home/shubham/robot_arm_ws/install/robot_description/share/robot_description/local_setup.sh
[3.845s] -- Installing: /home/shubham/robot_arm_ws/install/robot_description/share/robot_description/local_setup.zsh
[3.846s] -- Installing: /home/shubham/robot_arm_ws/install/robot_description/share/robot_description/local_setup.dsv
[3.846s] -- Installing: /home/shubham/robot_arm_ws/install/robot_description/share/robot_description/package.dsv
[3.847s] -- Installing: /home/shubham/robot_arm_ws/install/robot_description/share/ament_index/resource_index/packages/robot_description
[3.849s] -- Installing: /home/shubham/robot_arm_ws/install/robot_description/share/robot_description/cmake/robot_descriptionConfig.cmake
[3.850s] -- Installing: /home/shubham/robot_arm_ws/install/robot_description/share/robot_description/cmake/robot_descriptionConfig-version.cmake
[3.850s] -- Installing: /home/shubham/robot_arm_ws/install/robot_description/share/robot_description/package.xml
[3.851s] Invoked command in '/home/shubham/robot_arm_ws/build/robot_description' returned '0': CMAKE_PREFIX_PATH=${CMAKE_PREFIX_PATH}:/home/shubham/ros2-jazzy-learning/install/tf2_demo:/home/shubham/ros2-jazzy-learning/install/ros2_advanced:/home/shubham/ros2-jazzy-learning/install/robot_manager:/home/shubham/ros2-jazzy-learning/install/robot_bringup:/home/shubham/ros2-jazzy-learning/install/parameter_demo:/home/shubham/ros2-jazzy-learning/install/namespace_demo:/home/shubham/ros2-jazzy-learning/install/my_first_pkg:/home/shubham/ros2-jazzy-learning/install/my_robot_description:/home/shubham/ros2-jazzy-learning/install/my_robot_control:/home/shubham/ros2-jazzy-learning/install/my_robot_bringup:/home/shubham/ros2-jazzy-learning/install/motion_safety_stack:/home/shubham/ros2-jazzy-learning/install/lifecycle_demo:/opt/ros/jazzy DEBUGINFOD_URLS=https://debuginfod.ubuntu.com /usr/bin/cmake --install /home/shubham/robot_arm_ws/build/robot_description
