[0.063s] Invoking command in '/home/shubham/robot_arm_ws/build/robot_bringup': CMAKE_PREFIX_PATH=${CMAKE_PREFIX_PATH}:/home/shubham/ros2-jazzy-learning/install/tf2_demo:/home/shubham/ros2-jazzy-learning/install/ros2_advanced:/home/shubham/ros2-jazzy-learning/install/robot_manager:/home/shubham/ros2-jazzy-learning/install/robot_bringup:/home/shubham/ros2-jazzy-learning/install/parameter_demo:/home/shubham/ros2-jazzy-learning/install/namespace_demo:/home/shubham/ros2-jazzy-learning/install/my_first_pkg:/home/shubham/ros2-jazzy-learning/install/my_robot_description:/home/shubham/ros2-jazzy-learning/install/my_robot_control:/home/shubham/ros2-jazzy-learning/install/my_robot_bringup:/home/shubham/ros2-jazzy-learning/install/motion_safety_stack:/home/shubham/ros2-jazzy-learning/install/lifecycle_demo:/opt/ros/jazzy DEBUGINFOD_URLS=https://debuginfod.ubuntu.com /usr/bin/cmake --build /home/shubham/robot_arm_ws/build/robot_bringup -- -j8 -l8
[0.492s] Invoked command in '/home/shubham/robot_arm_ws/build/robot_bringup' returned '0': CMAKE_PREFIX_PATH=${CMAKE_PREFIX_PATH}:/home/shubham/ros2-jazzy-learning/install/tf2_demo:/home/shubham/ros2-jazzy-learning/install/ros2_advanced:/home/shubham/ros2-jazzy-learning/install/robot_manager:/home/shubham/ros2-jazzy-learning/install/robot_bringup:/home/shubham/ros2-jazzy-learning/install/parameter_demo:/home/shubham/ros2-jazzy-learning/install/namespace_demo:/home/shubham/ros2-jazzy-learning/install/my_first_pkg:/home/shubham/ros2-jazzy-learning/install/my_robot_description:/home/shubham/ros2-jazzy-learning/install/my_robot_control:/home/shubham/ros2-jazzy-learning/install/my_robot_bringup:/home/shubham/ros2-jazzy-learning/install/motion_safety_stack:/home/shubham/ros2-jazzy-learning/install/lifecycle_demo:/opt/ros/jazzy DEBUGINFOD_URLS=https://debuginfod.ubuntu.com /usr/bin/cmake --build /home/shubham/robot_arm_ws/build/robot_bringup -- -j8 -l8
[0.522s] Invoking command in '/home/shubham/robot_arm_ws/build/robot_bringup': CMAKE_PREFIX_PATH=${CMAKE_PREFIX_PATH}:/home/shubham/ros2-jazzy-learning/install/tf2_demo:/home/shubham/ros2-jazzy-learning/install/ros2_advanced:/home/shubham/ros2-jazzy-learning/install/robot_manager:/home/shubham/ros2-jazzy-learning/install/robot_bringup:/home/shubham/ros2-jazzy-learning/install/parameter_demo:/home/shubham/ros2-jazzy-learning/install/namespace_demo:/home/shubham/ros2-jazzy-learning/install/my_first_pkg:/home/shubham/ros2-jazzy-learning/install/my_robot_description:/home/shubham/ros2-jazzy-learning/install/my_robot_control:/home/shubham/ros2-jazzy-learning/install/my_robot_bringup:/home/shubham/ros2-jazzy-learning/install/motion_safety_stack:/home/shubham/ros2-jazzy-learning/install/lifecycle_demo:/opt/ros/jazzy DEBUGINFOD_URLS=https://debuginfod.ubuntu.com /usr/bin/cmake --install /home/shubham/robot_arm_ws/build/robot_bringup
[0.866s] -- Install configuration: ""
[0.866s] -- Up-to-date: /home/shubham/robot_arm_ws/install/robot_bringup/share/ament_index/resource_index/package_run_dependencies/robot_bringup
[0.867s] -- Up-to-date: /home/shubham/robot_arm_ws/install/robot_bringup/share/ament_index/resource_index/parent_prefix_path/robot_bringup
[0.867s] -- Up-to-date: /home/shubham/robot_arm_ws/install/robot_bringup/share/robot_bringup/environment/ament_prefix_path.sh
[0.868s] -- Up-to-date: /home/shubham/robot_arm_ws/install/robot_bringup/share/robot_bringup/environment/ament_prefix_path.dsv
[0.868s] -- Up-to-date: /home/shubham/robot_arm_ws/install/robot_bringup/share/robot_bringup/environment/path.sh
[0.868s] -- Up-to-date: /home/shubham/robot_arm_ws/install/robot_bringup/share/robot_bringup/environment/path.dsv
[0.869s] -- Up-to-date: /home/shubham/robot_arm_ws/install/robot_bringup/share/robot_bringup/local_setup.bash
[0.869s] -- Up-to-date: /home/shubham/robot_arm_ws/install/robot_bringup/share/robot_bringup/local_setup.sh
[0.869s] -- Up-to-date: /home/shubham/robot_arm_ws/install/robot_bringup/share/robot_bringup/local_setup.zsh
[0.869s] -- Up-to-date: /home/shubham/robot_arm_ws/install/robot_bringup/share/robot_bringup/local_setup.dsv
[0.869s] -- Up-to-date: /home/shubham/robot_arm_ws/install/robot_bringup/share/robot_bringup/package.dsv
[0.869s] -- Up-to-date: /home/shubham/robot_arm_ws/install/robot_bringup/share/ament_index/resource_index/packages/robot_bringup
[0.869s] -- Up-to-date: /home/shubham/robot_arm_ws/install/robot_bringup/share/robot_bringup/cmake/robot_bringupConfig.cmake
[0.869s] -- Up-to-date: /home/shubham/robot_arm_ws/install/robot_bringup/share/robot_bringup/cmake/robot_bringupConfig-version.cmake
[0.869s] -- Up-to-date: /home/shubham/robot_arm_ws/install/robot_bringup/share/robot_bringup/package.xml
[0.870s] Invoked command in '/home/shubham/robot_arm_ws/build/robot_bringup' returned '0': CMAKE_PREFIX_PATH=${CMAKE_PREFIX_PATH}:/home/shubham/ros2-jazzy-learning/install/tf2_demo:/home/shubham/ros2-jazzy-learning/install/ros2_advanced:/home/shubham/ros2-jazzy-learning/install/robot_manager:/home/shubham/ros2-jazzy-learning/install/robot_bringup:/home/shubham/ros2-jazzy-learning/install/parameter_demo:/home/shubham/ros2-jazzy-learning/install/namespace_demo:/home/shubham/ros2-jazzy-learning/install/my_first_pkg:/home/shubham/ros2-jazzy-learning/install/my_robot_description:/home/shubham/ros2-jazzy-learning/install/my_robot_control:/home/shubham/ros2-jazzy-learning/install/my_robot_bringup:/home/shubham/ros2-jazzy-learning/install/motion_safety_stack:/home/shubham/ros2-jazzy-learning/install/lifecycle_demo:/opt/ros/jazzy DEBUGINFOD_URLS=https://debuginfod.ubuntu.com /usr/bin/cmake --install /home/shubham/robot_arm_ws/build/robot_bringup
